Component: ARM Compiler 5.05 update 2 (build 169) Tool: armlink [4d0f33]

==============================================================================

Section Cross References

    main.o(.text) refers to stm32f4xx_rcc.o(.text) for RCC_AHB1PeriphClockCmd
    main.o(.text) refers to stm32f4xx_gpio.o(.text) for GPIO_Init
    main.o(.text) refers to stm32f429i_discovery_lcd.o(.text) for LCD_SetFont
    main.o(.text) refers to f2d.o(.text) for __aeabi_f2d
    main.o(.text) refers to dmul.o(.text) for __aeabi_dmul
    main.o(.text) refers to dadd.o(.text) for __aeabi_dadd
    main.o(.text) refers to dfixui.o(.text) for __aeabi_d2uiz
    main.o(.text) refers to rt_cmsis.o(i.osDelay) for osDelay
    main.o(.text) refers to printfb.o(i.__0printf$bare) for __2printf
    main.o(.text) refers to cc2500.o(.text) for CC2500_Strobe
    main.o(.text) refers to stm32f4xx_syscfg.o(.text) for SYSCFG_EXTILineConfig
    main.o(.text) refers to stm32f4xx_exti.o(.text) for EXTI_Init
    main.o(.text) refers to misc.o(.text) for NVIC_Init
    main.o(.text) refers to rt_cmsis.o(i.osKernelInitialize) for osKernelInitialize
    main.o(.text) refers to stm32f4xx_ltdc.o(.text) for LTDC_Cmd
    main.o(.text) refers to rt_cmsis.o(i.osThreadCreate) for osThreadCreate
    main.o(.text) refers to rt_cmsis.o(i.osKernelStart) for osKernelStart
    main.o(.text) refers to rt_cmsis.o(i.osSignalSet) for osSignalSet
    main.o(.text) refers to stm32f429i_discovery_lcd.o(.data) for Font8x8
    main.o(.text) refers to main.o(.bss) for read
    main.o(.text) refers to main.o(.data) for plot
    main.o(.text) refers to main.o(.constdata) for os_thread_def_DisplayLCD
    main.o(.constdata) refers to main.o(.text) for RxPacket
    stm32f429i_discovery_lcd.o(.text) refers to stm32f4xx_gpio.o(.text) for GPIO_ResetBits
    stm32f429i_discovery_lcd.o(.text) refers to stm32f4xx_spi.o(.text) for SPI_I2S_SendData
    stm32f429i_discovery_lcd.o(.text) refers to stm32f4xx_rcc.o(.text) for RCC_APB2PeriphClockCmd
    stm32f429i_discovery_lcd.o(.text) refers to stm32f429i_discovery_sdram.o(.text) for SDRAM_Init
    stm32f429i_discovery_lcd.o(.text) refers to stm32f4xx_ltdc.o(.text) for LTDC_Init
    stm32f429i_discovery_lcd.o(.text) refers to stm32f429i_discovery_lcd.o(.data) for LCD_Currentfonts
    stm32f429i_discovery_lcd.o(.text) refers to stm32f4xx_dma2d.o(.text) for DMA2D_DeInit
    stm32f429i_discovery_lcd.o(.data) refers to stm32f429i_discovery_lcd.o(.constdata) for ASCII16x24_Table
    stm32f429i_discovery_sdram.o(.text) refers to stm32f4xx_fmc.o(.text) for FMC_GetFlagStatus
    stm32f429i_discovery_sdram.o(.text) refers to stm32f4xx_rcc.o(.text) for RCC_AHB1PeriphClockCmd
    stm32f429i_discovery_sdram.o(.text) refers to stm32f4xx_gpio.o(.text) for GPIO_PinAFConfig
    cc2500.o(.text) refers to stm32f4xx_spi.o(.text) for SPI_I2S_GetFlagStatus
    cc2500.o(.text) refers to stm32f4xx_gpio.o(.text) for GPIO_ResetBits
    cc2500.o(.text) refers to stm32f4xx_rcc.o(.text) for RCC_APB2PeriphClockCmd
    cc2500.o(.text) refers to rt_cmsis.o(i.osDelay) for osDelay
    lcdinterface.o(.text) refers to cc2500.o(.text) for CC2500_Init
    lcdinterface.o(.text) refers to stm32f4xx_rcc.o(.text) for RCC_APB2PeriphClockCmd
    lcdinterface.o(.text) refers to stm32f4xx_gpio.o(.text) for GPIO_Init
    lcdinterface.o(.text) refers to stm32f4xx_syscfg.o(.text) for SYSCFG_EXTILineConfig
    lcdinterface.o(.text) refers to stm32f4xx_exti.o(.text) for EXTI_Init
    lcdinterface.o(.text) refers to misc.o(.text) for NVIC_Init
    calculate_angle_tilted.o(.text) refers to f2d.o(.text) for __aeabi_f2d
    calculate_angle_tilted.o(.text) refers to pow.o(i.__hardfp_pow) for __hardfp_pow
    calculate_angle_tilted.o(.text) refers to d2f.o(.text) for __aeabi_d2f
    calculate_angle_tilted.o(.text) refers to sqrt.o(i.__hardfp_sqrt) for __hardfp_sqrt
    calculate_angle_tilted.o(.text) refers to atan.o(i.__hardfp_atan) for __hardfp_atan
    calculate_angle_tilted.o(.text) refers to dmul.o(.text) for __aeabi_dmul
    calculate_angle_tilted.o(.text) refers to fabs.o(i.__hardfp_fabs) for __hardfp_fabs
    calculate_angle_tilted.o(.text) refers to dadd.o(.text) for __aeabi_dsub
    stm32f429i_discovery_l3gd20.o(.text) refers to stm32f4xx_spi.o(.text) for SPI_I2S_GetFlagStatus
    stm32f429i_discovery_l3gd20.o(.text) refers to stm32f4xx_gpio.o(.text) for GPIO_ResetBits
    stm32f429i_discovery_l3gd20.o(.text) refers to stm32f4xx_rcc.o(.text) for RCC_APB2PeriphClockCmd
    stm32f429i_discovery_l3gd20.o(.text) refers to stm32f429i_discovery_l3gd20.o(.data) for L3GD20Timeout
    rtx_conf_cm.o(.ARM.Collect$$$$000000FF) refers to rt_cmsis.o(i.osKernelInitialize) for osKernelInitialize
    rtx_conf_cm.o(.ARM.Collect$$$$000000FF) refers to rt_cmsis.o(i.osThreadCreate) for osThreadCreate
    rtx_conf_cm.o(.ARM.Collect$$$$000000FF) refers to rt_cmsis.o(i.osKernelStart) for osKernelStart
    rtx_conf_cm.o(.ARM.Collect$$$$000000FF) refers to rtx_conf_cm.o(.data) for .data
[...]
    .ARM.Collect$$$$0000000D                 0x080001b4   Section        0  entry10a.o(.ARM.Collect$$$$0000000D)
    .ARM.Collect$$$$0000000F                 0x080001b4   Section        0  entry11a.o(.ARM.Collect$$$$0000000F)
    .ARM.Collect$$$$000000FF                 0x080001b4   Section        0  rtx_conf_cm.o(.ARM.Collect$$$$000000FF)
    .ARM.Collect$$$$00002712                 0x080001cc   Section        4  entry2.o(.ARM.Collect$$$$00002712)
    __lit__00000000                          0x080001cc   Data           4  entry2.o(.ARM.Collect$$$$00002712)
    .emb_text                                0x080001d0   Section      384  hal_cm4.o(.emb_text)
    $v0                                      0x080001d0   Number         0  hal_cm4.o(.emb_text)
    .text                                    0x08000350   Section        0  main.o(.text)
    .text                                    0x08000788   Section        0  stm32f429i_discovery_lcd.o(.text)
    delay                                    0x080007a3   Thumb Code    28  stm32f429i_discovery_lcd.o(.text)
    LCD_AF_GPIOConfig                        0x08000a1b   Thumb Code   334  stm32f429i_discovery_lcd.o(.text)
    PutPixel                                 0x08001d0d   Thumb Code    42  stm32f429i_discovery_lcd.o(.text)
    LCD_PolyLineRelativeClosed               0x08002041   Thumb Code   118  stm32f429i_discovery_lcd.o(.text)
    .text                                    0x080022c4   Section        0  stm32f429i_discovery_sdram.o(.text)
    delay                                    0x080022c5   Thumb Code    32  stm32f429i_discovery_sdram.o(.text)
    .text                                    0x08002688   Section        0  fputc_debug.o(.text)
    .text                                    0x080026c0   Section        0  cc2500.o(.text)
    CC2500_SendByte                          0x080026c1   Thumb Code    50  cc2500.o(.text)
    CC2500_LowLevel_Init                     0x08002761   Thumb Code   228  cc2500.o(.text)
    .text                                    0x08002c54   Section        0  rtx_conf_cm.o(.text)
    .text                                    0x08002c74   Section        0  misc.o(.text)
    .text                                    0x08002d54   Section        0  stm32f4xx_dma2d.o(.text)
    .text                                    0x08003108   Section        0  stm32f4xx_exti.o(.text)
    .text                                    0x08003218   Section        0  stm32f4xx_fmc.o(.text)
    .text                                    0x08003b04   Section        0  stm32f4xx_gpio.o(.text)
    .text                                    0x08003d98   Section        0  stm32f4xx_ltdc.o(.text)
    .text                                    0x08004420   Section        0  stm32f4xx_rcc.o(.text)
    .text                                    0x08004a58   Section        0  stm32f4xx_spi.o(.text)
    .text                                    0x08004ea8   Section        0  stm32f4xx_syscfg.o(.text)
    .text                                    0x08004f3c   Section       36  startup_stm32f429_439xx.o(.text)
    $v0                                      0x08004f3c   Number         0  startup_stm32f429_439xx.o(.text)
    .text                                    0x08004f60   Section        0  system_stm32f4xx.o(.text)
    SetSysClock                              0x08004f61   Thumb Code   272  system_stm32f4xx.o(.text)
    .text                                    0x080051a4   Section        0  dadd.o(.text)
    .text                                    0x080052f2   Section        0  dmul.o(.text)
    .text                                    0x080053d6   Section        0  dfixui.o(.text)
    .text                                    0x08005408   Section        0  f2d.o(.text)
    .text                                    0x0800542e   Section        0  llshl.o(.text)
    .text                                    0x0800544c   Section        0  llushr.o(.text)
    .text                                    0x0800546c   Section        0  llsshr.o(.text)
    .text                                    0x08005490   Section        0  iusefp.o(.text)
    .text                                    0x08005490   Section        0  depilogue.o(.text)
    .text                                    0x0800554c   Section       36  init.o(.text)
    SVC_TABLE                                0x08005570   Section        4  svc_table.o(SVC_TABLE)
    i.__0printf$bare                         0x08005574   Section        0  printfb.o(i.__0printf$bare)
    i.__scatterload_copy                     0x08005584   Section       14  handlers.o(i.__scatterload_copy)
    i.__scatterload_null                     0x08005592   Section        2  handlers.o(i.__scatterload_null)
    i.__scatterload_zeroinit                 0x08005594   Section       14  handlers.o(i.__scatterload_zeroinit)
    i._init_box                              0x080055a2   Section        0  rt_membox.o(i._init_box)
    i._printf_core                           0x080055e8   Section        0  printfb.o(i._printf_core)
    _printf_core                             0x080055e9   Thumb Code    34  printfb.o(i._printf_core)
    i.dbg_init                               0x0800560c   Section        0  hal_cm.o(i.dbg_init)
    i.dbg_task_notify                        0x0800563c   Section        0  hal_cm.o(i.dbg_task_notify)
    i.dbg_task_switch                        0x0800565c   Section        0  hal_cm.o(i.dbg_task_switch)
    i.isrMessageGet                          0x0800566c   Section        0  rt_cmsis.o(i.isrMessageGet)
    i.isrMessagePut                          0x08005696   Section        0  rt_cmsis.o(i.isrMessagePut)
    i.isrSignalSet                           0x080056c2   Section        0  rt_cmsis.o(i.isrSignalSet)
    i.isr_evt_set                            0x080056e8   Section        0  rt_event.o(i.isr_evt_set)
    i.isr_mbx_receive                        0x08005710   Section        0  rt_mailbox.o(i.isr_mbx_receive)
    i.isr_mbx_send                           0x08005762   Section        0  rt_mailbox.o(i.isr_mbx_send)
    i.osDelay                                0x08005770   Section        0  rt_cmsis.o(i.osDelay)
    i.osKernelInitialize                     0x08005788   Section        0  rt_cmsis.o(i.osKernelInitialize)
    i.osKernelStart                          0x080057ac   Section        0  rt_cmsis.o(i.osKernelStart)
    i.osMessageGet                           0x08005818   Section        0  rt_cmsis.o(i.osMessageGet)
    i.osSignalSet                            0x08005830   Section        0  rt_cmsis.o(i.osSignalSet)
    i.osThreadCreate                         0x08005848   Section        0  rt_cmsis.o(i.osThreadCreate)
    i.osThreadExit                           0x08005878   Section        0  rt_cmsis.o(i.osThreadExit)
    i.osTimerCall                            0x08005890   Section        0  rt_cmsis.o(i.osTimerCall)
    i.osTimerThread                          0x0800589c   Section        0  rt_cmsis.o(i.osTimerThread)
    i.os_tick_init                           0x080058c8   Section        0  rt_system.o(i.os_tick_init)
    i.os_tick_irqack                         0x080058f0   Section        0  rt_system.o(i.os_tick_irqack)
    i.rt_alloc_box                           0x080058f2   Section        0  rt_membox.o(i.rt_alloc_box)
    i.rt_alloc_mem                           0x0800590c   Section        0  rt_memory.o(i.rt_alloc_mem)
    i.rt_block                               0x0800594c   Section        0  rt_task.o(i.rt_block)
    i.rt_chk_robin                           0x08005984   Section        0  rt_robin.o(i.rt_chk_robin)
    i.rt_dec_dly                             0x080059cc   Section        0  rt_list.o(i.rt_dec_dly)
    i.rt_dispatch                            0x08005a3c   Section        0  rt_task.o(i.rt_dispatch)
    i.rt_dly_wait                            0x08005a80   Section        0  rt_time.o(i.rt_dly_wait)
    i.rt_evt_psh                             0x08005a88   Section        0  rt_event.o(i.rt_evt_psh)
    i.rt_evt_set                             0x08005ad8   Section        0  rt_event.o(i.rt_evt_set)
    i.rt_free_box                            0x08005b34   Section        0  rt_membox.o(i.rt_free_box)
    i.rt_free_mem                            0x08005b54   Section        0  rt_memory.o(i.rt_free_mem)
    i.rt_get_first                           0x08005b7c   Section        0  rt_list.o(i.rt_get_first)
    i.rt_id2obj                              0x08005ba4   Section        0  rt_cmsis.o(i.rt_id2obj)
    rt_id2obj                                0x08005ba5   Thumb Code     8  rt_cmsis.o(i.rt_id2obj)
    i.rt_init_context                        0x08005bac   Section        0  rt_task.o(i.rt_init_context)
    rt_init_context                          0x08005bad   Thumb Code    66  rt_task.o(i.rt_init_context)
    i.rt_init_mem                            0x08005bf4   Section        0  rt_memory.o(i.rt_init_mem)
    i.rt_init_robin                          0x08005c10   Section        0  rt_robin.o(i.rt_init_robin)
    i.rt_init_stack                          0x08005c28   Section        0  hal_cm.o(i.rt_init_stack)
    i.rt_mbx_check                           0x08005ca8   Section        0  rt_mailbox.o(i.rt_mbx_check)
    i.rt_mbx_init                            0x08005cb0   Section        0  rt_mailbox.o(i.rt_mbx_init)
    i.rt_mbx_psh                             0x08005ccc   Section        0  rt_mailbox.o(i.rt_mbx_psh)
    i.rt_mbx_wait                            0x08005dbc   Section        0  rt_mailbox.o(i.rt_mbx_wait)
    i.rt_ms2tick                             0x08005e70   Section        0  rt_cmsis.o(i.rt_ms2tick)
    rt_ms2tick                               0x08005e71   Thumb Code    50  rt_cmsis.o(i.rt_ms2tick)
    i.rt_pop_req                             0x08005eac   Section        0  rt_system.o(i.rt_pop_req)
    i.rt_psh_req                             0x08005f28   Section        0  rt_system.o(i.rt_psh_req)
    i.rt_psq_enq                             0x08005f48   Section        0  rt_list.o(i.rt_psq_enq)
    i.rt_put_dly                             0x08005fa4   Section        0  rt_list.o(i.rt_put_dly)
    i.rt_put_prio                            0x08005fec   Section        0  rt_list.o(i.rt_put_prio)
    i.rt_put_rdy_first                       0x08006024   Section        0  rt_list.o(i.rt_put_rdy_first)
    i.rt_resort_prio                         0x08006038   Section        0  rt_list.o(i.rt_resort_prio)
    i.rt_ret_regs                            0x0800606c   Section        0  hal_cm.o(i.rt_ret_regs)
    rt_ret_regs                              0x0800606d   Thumb Code    16  hal_cm.o(i.rt_ret_regs)
    i.rt_ret_val                             0x0800607c   Section        0  hal_cm.o(i.rt_ret_val)
    i.rt_ret_val2                            0x08006088   Section        0  hal_cm.o(i.rt_ret_val2)
    i.rt_rmv_dly                             0x08006098   Section        0  rt_list.o(i.rt_rmv_dly)
    i.rt_rmv_list                            0x080060c0   Section        0  rt_list.o(i.rt_rmv_list)
    i.rt_sem_psh                             0x080060f0   Section        0  rt_semaphore.o(i.rt_sem_psh)
    i.rt_stk_check                           0x08006124   Section        0  rt_system.o(i.rt_stk_check)
    i.rt_switch_req                          0x08006148   Section        0  rt_task.o(i.rt_switch_req)
    i.rt_sys_init                            0x08006170   Section        0  rt_task.o(i.rt_sys_init)
    i.rt_sys_start                           0x0800623c   Section        0  rt_task.o(i.rt_sys_start)
    i.rt_systick                             0x080062b4   Section        0  rt_system.o(i.rt_systick)
    i.rt_tid2ptcb                            0x080062f4   Section        0  rt_cmsis.o(i.rt_tid2ptcb)
    rt_tid2ptcb                              0x080062f5   Thumb Code    18  rt_cmsis.o(i.rt_tid2ptcb)
    i.rt_timer_insert                        0x08006308   Section        0  rt_cmsis.o(i.rt_timer_insert)
    rt_timer_insert                          0x08006309   Thumb Code    48  rt_cmsis.o(i.rt_timer_insert)
    i.rt_tsk_create                          0x0800633c   Section        0  rt_task.o(i.rt_tsk_create)
    i.rt_tsk_delete                          0x080063bc   Section        0  rt_task.o(i.rt_tsk_delete)
    i.rt_tsk_prio                            0x08006530   Section        0  rt_task.o(i.rt_tsk_prio)
    i.rt_tsk_self                            0x080065ac   Section        0  rt_task.o(i.rt_tsk_self)
    i.svcDelay                               0x080065bc   Section        0  rt_cmsis.o(i.svcDelay)
    i.svcKernelInitialize                    0x080065d0   Section        0  rt_cmsis.o(i.svcKernelInitialize)
    i.svcKernelStart                         0x08006640   Section        0  rt_cmsis.o(i.svcKernelStart)
    i.svcMessageCreate                       0x08006688   Section        0  rt_cmsis.o(i.svcMessageCreate)
    i.svcMessageGet                          0x080066ac   Section        0  rt_cmsis.o(i.svcMessageGet)
    i.svcSignalSet                           0x080066e6   Section        0  rt_cmsis.o(i.svcSignalSet)
    i.svcThreadCreate                        0x0800670c   Section        0  rt_cmsis.o(i.svcThreadCreate)
    i.svcThreadGetId                         0x0800677c   Section        0  rt_cmsis.o(i.svcThreadGetId)
    i.svcThreadTerminate                     0x08006798   Section        0  rt_cmsis.o(i.svcThreadTerminate)
    i.svcTimerCall                           0x080067d0   Section        0  rt_cmsis.o(i.svcTimerCall)
    i.sysTimerTick                           0x080067e8   Section        0  rt_cmsis.o(i.sysTimerTick)
    .constdata                               0x08006844   Section       32  main.o(.constdata)
    .constdata                               0x08006864   Section    10704  stm32f429i_discovery_lcd.o(.constdata)
    .constdata                               0x08009234   Section       86  rtx_conf_cm.o(.constdata)
    __tagsym$$used                           0x08009250   Number         0  rtx_conf_cm.o(.constdata)
    __tagsym$$used                           0x08009254   Number         0  rtx_conf_cm.o(.constdata)
    __tagsym$$used                           0x08009258   Number         0  rtx_conf_cm.o(.constdata)
    __tagsym$$used                           0x0800925c   Number         0  rtx_conf_cm.o(.constdata)
    .data                                    0x20000000   Section       24  main.o(.data)
    .data                                    0x20000018   Section       48  stm32f429i_discovery_lcd.o(.data)
    LCD_Currentfonts                         0x20000038   Data           4  stm32f429i_discovery_lcd.o(.data)
    CurrentTextColor                         0x2000003c   Data           2  stm32f429i_discovery_lcd.o(.data)
    CurrentBackColor                         0x2000003e   Data           2  stm32f429i_discovery_lcd.o(.data)
    CurrentFrameBuffer                       0x20000040   Data           4  stm32f429i_discovery_lcd.o(.data)
    CurrentLayer                             0x20000044   Data           4  stm32f429i_discovery_lcd.o(.data)
    .data                                    0x20000048   Section       32  rtx_conf_cm.o(.data)
    .data                                    0x20000068   Section       16  stm32f4xx_rcc.o(.data)
    APBAHBPrescTable                         0x20000068   Data          16  stm32f4xx_rcc.o(.data)
    .data                                    0x20000078   Section       20  system_stm32f4xx.o(.data)
    .data                                    0x2000008c   Section        8  rt_cmsis.o(.data)
    .data                                    0x20000094   Section        8  rt_task.o(.data)
    .data                                    0x2000009c   Section        8  rt_system.o(.data)
    os_lock                                  0x2000009c   Data           1  rt_system.o(.data)
    os_psh_flag                              0x2000009d   Data           1  rt_system.o(.data)
    pend_flags                               0x2000009e   Data           1  rt_system.o(.data)
    .data                                    0x200000a4   Section        4  rt_time.o(.data)
    .data                                    0x200000a8   Section        1  hal_cm.o(.data)
    .data                                    0x200000ac   Section        8  rt_robin.o(.data)
    .data                                    0x200000b4   Section        4  stdout.o(.data)
    .bss                                     0x200000b8   Section      145  main.o(.bss)
    .bss                                     0x20000150   Section    29488  rtx_conf_cm.o(.bss)
    .bss                                     0x20007480   Section       52  rt_task.o(.bss)
    .bss                                     0x200074b4   Section       48  rt_list.o(.bss)
    STACK                                    0x200074e8   Section     1024  startup_stm32f429_439xx.o(STACK)

    Global Symbols

    Symbol Name                              Value     Ov Type        Size  Object(Section)

    BuildAttributes$$THM_ISAv4$E$P$D$K$B$S$7EM$VFPi3$EXTD16$VFPS$VFMA$PE$A:L22UL41UL21$X:L11$S22US41US21$IEEE1$IW$USESV6$~STKCKD$USESV7$~SHL$OTIME$ROPI$IEEEX$EBA8$MICROLIB$REQ8$PRES8$EABIv2 0x00000000   Number         0  anon$$obj.o ABSOLUTE
    __ARM_use_no_argv                        0x00000000   Number         0  main.o ABSOLUTE
    __cpp_initialize__aeabi_                  - Undefined Weak Reference
    __cxa_finalize                            - Undefined Weak Reference
    __decompress                              - Undefined Weak Reference
    _clock_init                               - Undefined Weak Reference
    _microlib_exit                            - Undefined Weak Reference
    __Vectors_Size                           0x000001ac   Number         0  startup_stm32f429_439xx.o ABSOLUTE
    __RL_RTX_VER                             0x00000478   Number         0  rt_system.o ABSOLUTE
    __Vectors                                0x08000000   Data           4  startup_stm32f429_439xx.o(RESET)
    __Vectors_End                            0x080001ac   Data           0  startup_stm32f429_439xx.o(RESET)
    __main                                   0x080001ad   Thumb Code     0  entry.o(.ARM.Collect$$$$00000000)
    _main_stk                                0x080001ad   Thumb Code     0  entry2.o(.ARM.Collect$$$$00000001)
    _main_scatterload                        0x080001b1   Thumb Code     0  entry5.o(.ARM.Collect$$$$00000004)
    __main_after_scatterload                 0x080001b5   Thumb Code     0  entry5.o(.ARM.Collect$$$$00000004)
    __rt_final_cpp                           0x080001b5   Thumb Code     0  entry10a.o(.ARM.Collect$$$$0000000D)
    __rt_final_exit                          0x080001b5   Thumb Code     0  entry11a.o(.ARM.Collect$$$$0000000F)
    _main_clock                              0x080001b5   Thumb Code     0  entry7b.o(.ARM.Collect$$$$00000008)
    _main_cpp_init                           0x080001b5   Thumb Code     0  entry8b.o(.ARM.Collect$$$$0000000A)
    _main_init                               0x080001b5   Thumb Code    18  rtx_conf_cm.o(.ARM.Collect$$$$000000FF)
    rt_set_PSP                               0x080001d1   Thumb Code     6  hal_cm4.o(.emb_text)
    rt_get_PSP                               0x080001d7   Thumb Code     6  hal_cm4.o(.emb_text)
    os_set_env                               0x080001dd   Thumb Code    24  hal_cm4.o(.emb_text)
    _alloc_box                               0x080001f9   Thumb Code    28  hal_cm4.o(.emb_text)
    _free_box                                0x08000219   Thumb Code    28  hal_cm4.o(.emb_text)
    SVC_Handler                              0x08000239   Thumb Code   148  hal_cm4.o(.emb_text)
    PendSV_Handler                           0x080002d9   Thumb Code    96  hal_cm4.o(.emb_text)
    SysTick_Handler                          0x0800033d   Thumb Code     8  hal_cm4.o(.emb_text)
    OS_Tick_Handler                          0x08000345   Thumb Code    12  hal_cm4.o(.emb_text)
    Blinky_GPIO_Init                         0x08000351   Thumb Code    50  main.o(.text)
    setGrid                                  0x08000383   Thumb Code   218  main.o(.text)
    DisplayLCD                               0x0800045d   Thumb Code   324  main.o(.text)
    RxPacket                                 0x080005a1   Thumb Code   102  main.o(.text)
    wireless_init                            0x08000607   Thumb Code   144  main.o(.text)
    main                                     0x08000697   Thumb Code    62  main.o(.text)
    EXTI4_IRQHandler                         0x080006d5   Thumb Code    28  main.o(.text)
    LCD_ChipSelect                           0x08000789   Thumb Code    26  stm32f429i_discovery_lcd.o(.text)
    LCD_CtrlLinesWrite                       0x080007bf   Thumb Code    20  stm32f429i_discovery_lcd.o(.text)
    LCD_WriteCommand                         0x080007d3   Thumb Code    58  stm32f429i_discovery_lcd.o(.text)
    LCD_DisplayOff                           0x0800080d   Thumb Code    10  stm32f429i_discovery_lcd.o(.text)
    LCD_DeInit                               0x08000817   Thumb Code   516  stm32f429i_discovery_lcd.o(.text)
    LCD_WriteData                            0x08000b69   Thumb Code    86  stm32f429i_discovery_lcd.o(.text)
    LCD_PowerOn                              0x08000bbf   Thumb Code   652  stm32f429i_discovery_lcd.o(.text)
    LCD_SPIConfig                            0x08000e4b   Thumb Code   190  stm32f429i_discovery_lcd.o(.text)
    LCD_CtrlLinesConfig                      0x08000f09   Thumb Code    56  stm32f429i_discovery_lcd.o(.text)
    LCD_Init                                 0x08000f41   Thumb Code   198  stm32f429i_discovery_lcd.o(.text)
    LCD_SetFont                              0x08001007   Thumb Code     6  stm32f429i_discovery_lcd.o(.text)
    LCD_LayerInit                            0x0800100d   Thumb Code   152  stm32f429i_discovery_lcd.o(.text)
    LCD_SetLayer                             0x080010a5   Thumb Code    36  stm32f429i_discovery_lcd.o(.text)
    LCD_SetColors                            0x080010c9   Thumb Code    20  stm32f429i_discovery_lcd.o(.text)
    LCD_GetColors                            0x080010dd   Thumb Code    14  stm32f429i_discovery_lcd.o(.text)
    LCD_SetTextColor                         0x080010eb   Thumb Code    12  stm32f429i_discovery_lcd.o(.text)
    LCD_SetBackColor                         0x080010f7   Thumb Code    12  stm32f429i_discovery_lcd.o(.text)
    LCD_SetTransparency                      0x08001103   Thumb Code    38  stm32f429i_discovery_lcd.o(.text)
    LCD_GetFont                              0x08001129   Thumb Code     6  stm32f429i_discovery_lcd.o(.text)
    LCD_DrawChar                             0x0800112f   Thumb Code   200  stm32f429i_discovery_lcd.o(.text)
    LCD_DisplayChar                          0x080011f7   Thumb Code    42  stm32f429i_discovery_lcd.o(.text)
    LCD_ClearLine                            0x08001221   Thumb Code   104  stm32f429i_discovery_lcd.o(.text)
    LCD_Clear                                0x08001289   Thumb Code    26  stm32f429i_discovery_lcd.o(.text)
    LCD_SetCursor                            0x080012a3   Thumb Code    22  stm32f429i_discovery_lcd.o(.text)
    LCD_SetColorKeying                       0x080012b9   Thumb Code    68  stm32f429i_discovery_lcd.o(.text)
    LCD_ReSetColorKeying                     0x080012fd   Thumb Code    46  stm32f429i_discovery_lcd.o(.text)
    LCD_DisplayStringLine                    0x0800132b   Thumb Code    80  stm32f429i_discovery_lcd.o(.text)
    LCD_SetDisplayWindow                     0x0800137b   Thumb Code    92  stm32f429i_discovery_lcd.o(.text)
    LCD_WindowModeDisable                    0x080013d7   Thumb Code    18  stm32f429i_discovery_lcd.o(.text)
    LCD_DrawLine                             0x080013e9   Thumb Code   158  stm32f429i_discovery_lcd.o(.text)
    LCD_DrawRect                             0x08001487   Thumb Code    68  stm32f429i_discovery_lcd.o(.text)
    LCD_DrawCircle                           0x080014cb   Thumb Code   194  stm32f429i_discovery_lcd.o(.text)
    LCD_DrawFullEllipse                      0x0800158d   Thumb Code   534  stm32f429i_discovery_lcd.o(.text)
    LCD_DrawEllipse                          0x080017a3   Thumb Code   702  stm32f429i_discovery_lcd.o(.text)
    LCD_DrawMonoPict                         0x08001a61   Thumb Code    66  stm32f429i_discovery_lcd.o(.text)
    LCD_WriteBMP                             0x08001aa3   Thumb Code   320  stm32f429i_discovery_lcd.o(.text)
    LCD_DrawFullRect                         0x08001be3   Thumb Code   152  stm32f429i_discovery_lcd.o(.text)
    LCD_DrawFullCircle                       0x08001c7b   Thumb Code   146  stm32f429i_discovery_lcd.o(.text)
    LCD_DrawUniLine                          0x08001d37   Thumb Code   306  stm32f429i_discovery_lcd.o(.text)
    LCD_Triangle                             0x08001e69   Thumb Code   108  stm32f429i_discovery_lcd.o(.text)
    LCD_FillTriangle                         0x08001ed5   Thumb Code   296  stm32f429i_discovery_lcd.o(.text)
    LCD_PolyLine                             0x08001ffd   Thumb Code    68  stm32f429i_discovery_lcd.o(.text)
    LCD_ClosedPolyLine                       0x080020b7   Thumb Code    48  stm32f429i_discovery_lcd.o(.text)
    LCD_PolyLineRelative                     0x080020e7   Thumb Code    18  stm32f429i_discovery_lcd.o(.text)
    LCD_ClosedPolyLineRelative               0x080020f9   Thumb Code    18  stm32f429i_discovery_lcd.o(.text)
    LCD_FillPolyLine                         0x0800210b   Thumb Code   432  stm32f429i_discovery_lcd.o(.text)
    LCD_DisplayOn                            0x080022bb   Thumb Code    10  stm32f429i_discovery_lcd.o(.text)
    SDRAM_InitSequence                       0x080022e5   Thumb Code   200  stm32f429i_discovery_sdram.o(.text)
    SDRAM_GPIOConfig                         0x080023ad   Thumb Code   492  stm32f429i_discovery_sdram.o(.text)
    SDRAM_Init                               0x08002599   Thumb Code   104  stm32f429i_discovery_sdram.o(.text)
    SDRAM_WriteBuffer                        0x08002601   Thumb Code    58  stm32f429i_discovery_sdram.o(.text)
    SDRAM_ReadBuffer                         0x0800263b   Thumb Code    50  stm32f429i_discovery_sdram.o(.text)
    fputc                                    0x08002689   Thumb Code    52  fputc_debug.o(.text)
    CC2500_Strobe                            0x080026f3   Thumb Code    52  cc2500.o(.text)
    CC2500_Write                             0x08002727   Thumb Code    58  cc2500.o(.text)
    CC2500_Init                              0x08002845   Thumb Code   562  cc2500.o(.text)
    CC2500_Read                              0x08002a77   Thumb Code    74  cc2500.o(.text)
    CC2500_TXData                            0x08002ac1   Thumb Code   122  cc2500.o(.text)
    CC2500_RXData                            0x08002b3b   Thumb Code    86  cc2500.o(.text)
    CC2500_TxPacket                          0x08002b91   Thumb Code    42  cc2500.o(.text)
    CC2500_RxPackets                         0x08002bbb   Thumb Code    34  cc2500.o(.text)
    CC2500_StatusReg                         0x08002bdd   Thumb Code    40  cc2500.o(.text)
    CC2500_ComputeRssi                       0x08002c05   Thumb Code    62  cc2500.o(.text)
    os_idle_demon                            0x08002c55   Thumb Code     4  rtx_conf_cm.o(.text)
    os_error                                 0x08002c59   Thumb Code    26  rtx_conf_cm.o(.text)
    NVIC_PriorityGroupConfig                 0x08002c75   Thumb Code    10  misc.o(.text)
    NVIC_Init                                0x08002c7f   Thumb Code   106  misc.o(.text)
    NVIC_SetVectorTable                      0x08002ce9   Thumb Code    14  misc.o(.text)
    NVIC_SystemLPConfig                      0x08002cf7   Thumb Code    34  misc.o(.text)
    SysTick_CLKSourceConfig                  0x08002d19   Thumb Code    40  misc.o(.text)
    DMA2D_DeInit                             0x08002d55   Thumb Code    22  stm32f4xx_dma2d.o(.text)
    DMA2D_Init                               0x08002d6b   Thumb Code   218  stm32f4xx_dma2d.o(.text)
    DMA2D_StructInit                         0x08002e45   Thumb Code    24  stm32f4xx_dma2d.o(.text)
    DMA2D_StartTransfer                      0x08002e5d   Thumb Code    14  stm32f4xx_dma2d.o(.text)
    DMA2D_AbortTransfer                      0x08002e6b   Thumb Code    14  stm32f4xx_dma2d.o(.text)
    DMA2D_Suspend                            0x08002e79   Thumb Code    30  stm32f4xx_dma2d.o(.text)
    DMA2D_FGConfig                           0x08002e97   Thumb Code   174  stm32f4xx_dma2d.o(.text)
    DMA2D_FG_StructInit                      0x08002f45   Thumb Code    26  stm32f4xx_dma2d.o(.text)
    DMA2D_BGConfig                           0x08002f5f   Thumb Code   174  stm32f4xx_dma2d.o(.text)
    DMA2D_BG_StructInit                      0x0800300d   Thumb Code    26  stm32f4xx_dma2d.o(.text)
    DMA2D_FGStart                            0x08003027   Thumb Code    30  stm32f4xx_dma2d.o(.text)
    DMA2D_BGStart                            0x08003045   Thumb Code    30  stm32f4xx_dma2d.o(.text)
    DMA2D_DeadTimeConfig                     0x08003063   Thumb Code    50  stm32f4xx_dma2d.o(.text)
    DMA2D_LineWatermarkConfig                0x08003095   Thumb Code     6  stm32f4xx_dma2d.o(.text)
    DMA2D_ITConfig                           0x0800309b   Thumb Code    26  stm32f4xx_dma2d.o(.text)
    DMA2D_GetFlagStatus                      0x080030b5   Thumb Code    20  stm32f4xx_dma2d.o(.text)
    DMA2D_ClearFlag                          0x080030c9   Thumb Code     6  stm32f4xx_dma2d.o(.text)
    DMA2D_GetITStatus                        0x080030cf   Thumb Code    38  stm32f4xx_dma2d.o(.text)
    DMA2D_ClearITPendingBit                  0x080030f5   Thumb Code     8  stm32f4xx_dma2d.o(.text)
    EXTI_DeInit                              0x08003109   Thumb Code    28  stm32f4xx_exti.o(.text)
    EXTI_Init                                0x08003125   Thumb Code   142  stm32f4xx_exti.o(.text)
    EXTI_StructInit                          0x080031b3   Thumb Code    16  stm32f4xx_exti.o(.text)
    EXTI_GenerateSWInterrupt                 0x080031c3   Thumb Code    16  stm32f4xx_exti.o(.text)
    EXTI_GetFlagStatus                       0x080031d3   Thumb Code    22  stm32f4xx_exti.o(.text)
    EXTI_ClearFlag                           0x080031e9   Thumb Code     8  stm32f4xx_exti.o(.text)
    EXTI_GetITStatus                         0x080031f1   Thumb Code    22  stm32f4xx_exti.o(.text)
    EXTI_ClearITPendingBit                   0x08003207   Thumb Code     8  stm32f4xx_exti.o(.text)
    FMC_NORSRAMDeInit                        0x08003219   Thumb Code    54  stm32f4xx_fmc.o(.text)
    FMC_NORSRAMInit                          0x0800324f   Thumb Code   296  stm32f4xx_fmc.o(.text)
    FMC_NORSRAMStructInit                    0x08003377   Thumb Code   120  stm32f4xx_fmc.o(.text)
    FMC_NORSRAMCmd                           0x080033ef   Thumb Code    46  stm32f4xx_fmc.o(.text)
    FMC_NANDDeInit                           0x0800341d   Thumb Code    62  stm32f4xx_fmc.o(.text)
    FMC_NANDInit                             0x0800345b   Thumb Code   132  stm32f4xx_fmc.o(.text)
    FMC_NANDStructInit                       0x080034df   Thumb Code    58  stm32f4xx_fmc.o(.text)
    FMC_NANDCmd                              0x08003519   Thumb Code    86  stm32f4xx_fmc.o(.text)
    FMC_NANDECCCmd                           0x0800356f   Thumb Code    86  stm32f4xx_fmc.o(.text)
    FMC_GetECC                               0x080035c5   Thumb Code    24  stm32f4xx_fmc.o(.text)
    FMC_PCCARDDeInit                         0x080035dd   Thumb Code    36  stm32f4xx_fmc.o(.text)
    FMC_PCCARDInit                           0x08003601   Thumb Code   130  stm32f4xx_fmc.o(.text)
    FMC_PCCARDStructInit                     0x08003683   Thumb Code    60  stm32f4xx_fmc.o(.text)
    FMC_PCCARDCmd                            0x080036bf   Thumb Code    44  stm32f4xx_fmc.o(.text)
    FMC_SDRAMDeInit                          0x080036eb   Thumb Code    48  stm32f4xx_fmc.o(.text)
    FMC_SDRAMInit                            0x0800371b   Thumb Code   254  stm32f4xx_fmc.o(.text)
    FMC_SDRAMStructInit                      0x08003819   Thumb Code    64  stm32f4xx_fmc.o(.text)
    FMC_SDRAMCmdConfig                       0x08003859   Thumb Code    28  stm32f4xx_fmc.o(.text)
    FMC_GetModeStatus                        0x08003875   Thumb Code    32  stm32f4xx_fmc.o(.text)
    FMC_SetRefreshCount                      0x08003895   Thumb Code    20  stm32f4xx_fmc.o(.text)
    FMC_SetAutoRefresh_Number                0x080038a9   Thumb Code    18  stm32f4xx_fmc.o(.text)
    FMC_SDRAMWriteProtectionConfig           0x080038bb   Thumb Code    56  stm32f4xx_fmc.o(.text)
    FMC_ITConfig                             0x080038f3   Thumb Code   176  stm32f4xx_fmc.o(.text)
    FMC_GetFlagStatus                        0x080039a3   Thumb Code    70  stm32f4xx_fmc.o(.text)
    FMC_ClearFlag                            0x080039e9   Thumb Code    86  stm32f4xx_fmc.o(.text)
    FMC_GetITStatus                          0x08003a3f   Thumb Code    98  stm32f4xx_fmc.o(.text)
    FMC_ClearITPendingBit                    0x08003aa1   Thumb Code    94  stm32f4xx_fmc.o(.text)
    GPIO_DeInit                              0x08003b05   Thumb Code   268  stm32f4xx_gpio.o(.text)
    GPIO_Init                                0x08003c11   Thumb Code   144  stm32f4xx_gpio.o(.text)
    GPIO_StructInit                          0x08003ca1   Thumb Code    18  stm32f4xx_gpio.o(.text)
    GPIO_PinLockConfig                       0x08003cb3   Thumb Code    34  stm32f4xx_gpio.o(.text)
    GPIO_ReadInputDataBit                    0x08003cd5   Thumb Code    18  stm32f4xx_gpio.o(.text)
    GPIO_ReadInputData                       0x08003ce7   Thumb Code     8  stm32f4xx_gpio.o(.text)
    GPIO_ReadOutputDataBit                   0x08003cef   Thumb Code    18  stm32f4xx_gpio.o(.text)
    GPIO_ReadOutputData                      0x08003d01   Thumb Code     8  stm32f4xx_gpio.o(.text)
    GPIO_SetBits                             0x08003d09   Thumb Code     4  stm32f4xx_gpio.o(.text)
    GPIO_ResetBits                           0x08003d0d   Thumb Code     4  stm32f4xx_gpio.o(.text)
    GPIO_WriteBit                            0x08003d11   Thumb Code    10  stm32f4xx_gpio.o(.text)
    GPIO_Write                               0x08003d1b   Thumb Code     4  stm32f4xx_gpio.o(.text)
    GPIO_ToggleBits                          0x08003d1f   Thumb Code     8  stm32f4xx_gpio.o(.text)
    GPIO_PinAFConfig                         0x08003d27   Thumb Code    70  stm32f4xx_gpio.o(.text)
    LTDC_DeInit                              0x08003d99   Thumb Code    22  stm32f4xx_ltdc.o(.text)
    LTDC_Init                                0x08003daf   Thumb Code   378  stm32f4xx_ltdc.o(.text)
    LTDC_StructInit                          0x08003f29   Thumb Code    34  stm32f4xx_ltdc.o(.text)
    LTDC_Cmd                                 0x08003f4b   Thumb Code    38  stm32f4xx_ltdc.o(.text)
    LTDC_DitherCmd                           0x08003f71   Thumb Code    38  stm32f4xx_ltdc.o(.text)
    LTDC_GetRGBWidth                         0x08003f97   Thumb Code    58  stm32f4xx_ltdc.o(.text)
    LTDC_RGBStructInit                       0x08003fd1   Thumb Code    10  stm32f4xx_ltdc.o(.text)
    LTDC_LIPConfig                           0x08003fdb   Thumb Code     8  stm32f4xx_ltdc.o(.text)
    LTDC_ReloadConfig                        0x08003fe3   Thumb Code     8  stm32f4xx_ltdc.o(.text)
    LTDC_LayerInit                           0x08003feb   Thumb Code   276  stm32f4xx_ltdc.o(.text)
    LTDC_LayerStructInit                     0x080040ff   Thumb Code    48  stm32f4xx_ltdc.o(.text)
    LTDC_LayerCmd                            0x0800412f   Thumb Code    22  stm32f4xx_ltdc.o(.text)
    LTDC_GetPosStatus                        0x08004145   Thumb Code    42  stm32f4xx_ltdc.o(.text)
    LTDC_PosStructInit                       0x0800416f   Thumb Code     8  stm32f4xx_ltdc.o(.text)
    LTDC_GetCDStatus                         0x08004177   Thumb Code    20  stm32f4xx_ltdc.o(.text)
    LTDC_ColorKeyingConfig                   0x0800418b   Thumb Code    74  stm32f4xx_ltdc.o(.text)
    LTDC_ColorKeyingStructInit               0x080041d5   Thumb Code    10  stm32f4xx_ltdc.o(.text)
    LTDC_CLUTCmd                             0x080041df   Thumb Code    28  stm32f4xx_ltdc.o(.text)
    LTDC_CLUTInit                            0x080041fb   Thumb Code    32  stm32f4xx_ltdc.o(.text)
    LTDC_CLUTStructInit                      0x0800421b   Thumb Code    12  stm32f4xx_ltdc.o(.text)
    LTDC_LayerPosition                       0x08004227   Thumb Code   158  stm32f4xx_ltdc.o(.text)
    LTDC_LayerAlpha                          0x080042c5   Thumb Code     4  stm32f4xx_ltdc.o(.text)
    LTDC_LayerAddress                        0x080042c9   Thumb Code     4  stm32f4xx_ltdc.o(.text)
    LTDC_LayerSize                           0x080042cd   Thumb Code   116  stm32f4xx_ltdc.o(.text)
    LTDC_LayerPixelFormat                    0x08004341   Thumb Code   106  stm32f4xx_ltdc.o(.text)
    LTDC_ITConfig                            0x080043ab   Thumb Code    34  stm32f4xx_ltdc.o(.text)
    LTDC_GetFlagStatus                       0x080043cd   Thumb Code    22  stm32f4xx_ltdc.o(.text)
    LTDC_ClearFlag                           0x080043e3   Thumb Code     8  stm32f4xx_ltdc.o(.text)
    LTDC_GetITStatus                         0x080043eb   Thumb Code    40  stm32f4xx_ltdc.o(.text)
    LTDC_ClearITPendingBit                   0x08004413   Thumb Code     8  stm32f4xx_ltdc.o(.text)
    RCC_DeInit                               0x08004421   Thumb Code    82  stm32f4xx_rcc.o(.text)
    RCC_HSEConfig                            0x08004473   Thumb Code    14  stm32f4xx_rcc.o(.text)
    RCC_GetFlagStatus                        0x08004481   Thumb Code    60  stm32f4xx_rcc.o(.text)
    RCC_WaitForHSEStartUp                    0x080044bd   Thumb Code    56  stm32f4xx_rcc.o(.text)
    RCC_AdjustHSICalibrationValue            0x080044f5   Thumb Code    20  stm32f4xx_rcc.o(.text)
    RCC_HSICmd                               0x08004509   Thumb Code     6  stm32f4xx_rcc.o(.text)
    RCC_LSEConfig                            0x0800450f   Thumb Code    46  stm32f4xx_rcc.o(.text)
    RCC_LSICmd                               0x0800453d   Thumb Code     6  stm32f4xx_rcc.o(.text)
    RCC_PLLConfig                            0x08004543   Thumb Code    32  stm32f4xx_rcc.o(.text)
    RCC_PLLCmd                               0x08004563   Thumb Code     6  stm32f4xx_rcc.o(.text)
    RCC_PLLI2SConfig                         0x08004569   Thumb Code    20  stm32f4xx_rcc.o(.text)
    RCC_PLLI2SCmd                            0x0800457d   Thumb Code     6  stm32f4xx_rcc.o(.text)
    RCC_PLLSAIConfig                         0x08004583   Thumb Code    20  stm32f4xx_rcc.o(.text)
    RCC_PLLSAICmd                            0x08004597   Thumb Code     6  stm32f4xx_rcc.o(.text)
    RCC_ClockSecuritySystemCmd               0x0800459d   Thumb Code     6  stm32f4xx_rcc.o(.text)
    RCC_MCO1Config                           0x080045a3   Thumb Code    28  stm32f4xx_rcc.o(.text)
    RCC_MCO2Config                           0x080045bf   Thumb Code    28  stm32f4xx_rcc.o(.text)
    RCC_SYSCLKConfig                         0x080045db   Thumb Code    20  stm32f4xx_rcc.o(.text)
    RCC_GetSYSCLKSource                      0x080045ef   Thumb Code    12  stm32f4xx_rcc.o(.text)
    RCC_HCLKConfig                           0x080045fb   Thumb Code    20  stm32f4xx_rcc.o(.text)
    RCC_PCLK1Config                          0x0800460f   Thumb Code    20  stm32f4xx_rcc.o(.text)
    RCC_PCLK2Config                          0x08004623   Thumb Code    22  stm32f4xx_rcc.o(.text)
    RCC_GetClocksFreq                        0x08004639   Thumb Code   222  stm32f4xx_rcc.o(.text)
    RCC_RTCCLKConfig                         0x08004717   Thumb Code    54  stm32f4xx_rcc.o(.text)
    RCC_RTCCLKCmd                            0x0800474d   Thumb Code     8  stm32f4xx_rcc.o(.text)
    RCC_BackupResetCmd                       0x08004755   Thumb Code     8  stm32f4xx_rcc.o(.text)
    RCC_I2SCLKConfig                         0x0800475d   Thumb Code     6  stm32f4xx_rcc.o(.text)
    RCC_SAIPLLI2SClkDivConfig                0x08004763   Thumb Code    26  stm32f4xx_rcc.o(.text)
    RCC_SAIPLLSAIClkDivConfig                0x0800477d   Thumb Code    28  stm32f4xx_rcc.o(.text)
    RCC_SAIBlockACLKConfig                   0x08004799   Thumb Code    20  stm32f4xx_rcc.o(.text)
    RCC_SAIBlockBCLKConfig                   0x080047ad   Thumb Code    20  stm32f4xx_rcc.o(.text)
    RCC_LTDCCLKDivConfig                     0x080047c1   Thumb Code    20  stm32f4xx_rcc.o(.text)
    RCC_TIMCLKPresConfig                     0x080047d5   Thumb Code     6  stm32f4xx_rcc.o(.text)
    RCC_AHB1PeriphClockCmd                   0x080047db   Thumb Code    82  stm32f4xx_rcc.o(.text)
    RCC_AHB2PeriphClockCmd                   0x0800482d   Thumb Code    26  stm32f4xx_rcc.o(.text)
    RCC_AHB3PeriphClockCmd                   0x08004847   Thumb Code    34  stm32f4xx_rcc.o(.text)
    RCC_APB1PeriphClockCmd                   0x08004869   Thumb Code    34  stm32f4xx_rcc.o(.text)
    RCC_APB2PeriphClockCmd                   0x0800488b   Thumb Code    34  stm32f4xx_rcc.o(.text)
    RCC_AHB1PeriphResetCmd                   0x080048ad   Thumb Code    34  stm32f4xx_rcc.o(.text)
    RCC_AHB2PeriphResetCmd                   0x080048cf   Thumb Code    34  stm32f4xx_rcc.o(.text)
    RCC_AHB3PeriphResetCmd                   0x080048f1   Thumb Code    34  stm32f4xx_rcc.o(.text)
    RCC_APB1PeriphResetCmd                   0x08004913   Thumb Code    34  stm32f4xx_rcc.o(.text)
    RCC_APB2PeriphResetCmd                   0x08004935   Thumb Code    34  stm32f4xx_rcc.o(.text)
    RCC_AHB1PeriphClockLPModeCmd             0x08004957   Thumb Code    34  stm32f4xx_rcc.o(.text)
    RCC_AHB2PeriphClockLPModeCmd             0x08004979   Thumb Code    34  stm32f4xx_rcc.o(.text)
    RCC_AHB3PeriphClockLPModeCmd             0x0800499b   Thumb Code    34  stm32f4xx_rcc.o(.text)
    RCC_APB1PeriphClockLPModeCmd             0x080049bd   Thumb Code    34  stm32f4xx_rcc.o(.text)
    RCC_APB2PeriphClockLPModeCmd             0x080049df   Thumb Code    34  stm32f4xx_rcc.o(.text)
    RCC_ITConfig                             0x08004a01   Thumb Code    34  stm32f4xx_rcc.o(.text)
    RCC_ClearFlag                            0x08004a23   Thumb Code    18  stm32f4xx_rcc.o(.text)
    RCC_GetITStatus                          0x08004a35   Thumb Code    22  stm32f4xx_rcc.o(.text)
    RCC_ClearITPendingBit                    0x08004a4b   Thumb Code     8  stm32f4xx_rcc.o(.text)
    SPI_I2S_DeInit                           0x08004a59   Thumb Code   152  stm32f4xx_spi.o(.text)
    SPI_Init                                 0x08004af1   Thumb Code    60  stm32f4xx_spi.o(.text)
    I2S_Init                                 0x08004b2d   Thumb Code   350  stm32f4xx_spi.o(.text)
    SPI_StructInit                           0x08004c8b   Thumb Code    24  stm32f4xx_spi.o(.text)
    I2S_StructInit                           0x08004ca3   Thumb Code    20  stm32f4xx_spi.o(.text)
    SPI_Cmd                                  0x08004cb7   Thumb Code    24  stm32f4xx_spi.o(.text)
    I2S_Cmd                                  0x08004ccf   Thumb Code    24  stm32f4xx_spi.o(.text)
    SPI_DataSizeConfig                       0x08004ce7   Thumb Code    18  stm32f4xx_spi.o(.text)
    SPI_BiDirectionalLineConfig              0x08004cf9   Thumb Code    28  stm32f4xx_spi.o(.text)
    SPI_NSSInternalSoftwareConfig            0x08004d15   Thumb Code    30  stm32f4xx_spi.o(.text)
    SPI_SSOutputCmd                          0x08004d33   Thumb Code    24  stm32f4xx_spi.o(.text)
    SPI_TIModeCmd                            0x08004d4b   Thumb Code    24  stm32f4xx_spi.o(.text)
    I2S_FullDuplexConfig                     0x08004d63   Thumb Code    80  stm32f4xx_spi.o(.text)
    SPI_I2S_ReceiveData                      0x08004db3   Thumb Code     6  stm32f4xx_spi.o(.text)
    SPI_I2S_SendData                         0x08004db9   Thumb Code     4  stm32f4xx_spi.o(.text)
    SPI_CalculateCRC                         0x08004dbd   Thumb Code    24  stm32f4xx_spi.o(.text)
    SPI_TransmitCRC                          0x08004dd5   Thumb Code    10  stm32f4xx_spi.o(.text)
    SPI_GetCRC                               0x08004ddf   Thumb Code    16  stm32f4xx_spi.o(.text)
    SPI_GetCRCPolynomial                     0x08004def   Thumb Code     6  stm32f4xx_spi.o(.text)
    SPI_I2S_DMACmd                           0x08004df5   Thumb Code    18  stm32f4xx_spi.o(.text)
    SPI_I2S_ITConfig                         0x08004e07   Thumb Code    32  stm32f4xx_spi.o(.text)
    SPI_I2S_GetFlagStatus                    0x08004e27   Thumb Code    50  stm32f4xx_spi.o(.text)
    SPI_I2S_ClearFlag                        0x08004e59   Thumb Code     6  stm32f4xx_spi.o(.text)
    SPI_I2S_GetITStatus                      0x08004e5f   Thumb Code    52  stm32f4xx_spi.o(.text)
    SPI_I2S_ClearITPendingBit                0x08004e93   Thumb Code    20  stm32f4xx_spi.o(.text)
    SYSCFG_DeInit                            0x08004ea9   Thumb Code    22  stm32f4xx_syscfg.o(.text)
    SYSCFG_MemoryRemapConfig                 0x08004ebf   Thumb Code     6  stm32f4xx_syscfg.o(.text)
    SYSCFG_MemorySwappingBank                0x08004ec5   Thumb Code     6  stm32f4xx_syscfg.o(.text)
    SYSCFG_EXTILineConfig                    0x08004ecb   Thumb Code    66  stm32f4xx_syscfg.o(.text)
    SYSCFG_ETH_MediaInterfaceConfig          0x08004f0d   Thumb Code     8  stm32f4xx_syscfg.o(.text)
    SYSCFG_CompensationCellCmd               0x08004f15   Thumb Code     6  stm32f4xx_syscfg.o(.text)
    SYSCFG_GetCompensationCellStatus         0x08004f1b   Thumb Code    22  stm32f4xx_syscfg.o(.text)
    Reset_Handler                            0x08004f3d   Thumb Code     8  startup_stm32f429_439xx.o(.text)
    NMI_Handler                              0x08004f45   Thumb Code     2  startup_stm32f429_439xx.o(.text)
    HardFault_Handler                        0x08004f47   Thumb Code     2  startup_stm32f429_439xx.o(.text)
    MemManage_Handler                        0x08004f49   Thumb Code     2  startup_stm32f429_439xx.o(.text)
    BusFault_Handler                         0x08004f4b   Thumb Code     2  startup_stm32f429_439xx.o(.text)
    UsageFault_Handler                       0x08004f4d   Thumb Code     2  startup_stm32f429_439xx.o(.text)
    DebugMon_Handler                         0x08004f51   Thumb Code     2  startup_stm32f429_439xx.o(.text)
    ADC_IRQHandler                           0x08004f57   Thumb Code     0  startup_stm32f429_439xx.o(.text)
    CAN1_RX0_IRQHandler                      0x08004f57   Thumb Code     0  startup_stm32f429_439xx.o(.text)
    CAN1_RX1_IRQHandler                      0x08004f57   Thumb Code     0  startup_stm32f429_439xx.o(.text)
    CAN1_SCE_IRQHandler                      0x08004f57   Thumb Code     0  startup_stm32f429_439xx.o(.text)
    CAN1_TX_IRQHandler                       0x08004f57   Thumb Code     0  startup_stm32f429_439xx.o(.text)
    CAN2_RX0_IRQHandler                      0x08004f57   Thumb Code     0  startup_stm32f429_439xx.o(.text)
    CAN2_RX1_IRQHandler                      0x08004f57   Thumb Code     0  startup_stm32f429_439xx.o(.text)
    CAN2_SCE_IRQHandler                      0x08004f57   Thumb Code     0  startup_stm32f429_439xx.o(.text)
    CAN2_TX_IRQHandler                       0x08004f57   Thumb Code     0  startup_stm32f429_439xx.o(.text)
    CRYP_IRQHandler                          0x08004f57   Thumb Code     0  startup_stm32f429_439xx.o(.text)
    DCMI_IRQHandler                          0x08004f57   Thumb Code     0  startup_stm32f429_439xx.o(.text)
    DMA1_Stream0_IRQHandler                  0x08004f57   Thumb Code     0  startup_stm32f429_439xx.o(.text)
    DMA1_Stream1_IRQHandler                  0x08004f57   Thumb Code     0  startup_stm32f429_439xx.o(.text)
    DMA1_Stream2_IRQHandler                  0x08004f57   Thumb Code     0  startup_stm32f429_439xx.o(.text)
    DMA1_Stream3_IRQHandler                  0x08004f57   Thumb Code     0  startup_stm32f429_439xx.o(.text)
    DMA1_Stream4_IRQHandler                  0x08004f57   Thumb Code     0  startup_stm32f429_439xx.o(.text)
    DMA1_Stream5_IRQHandler                  0x08004f57   Thumb Code     0  startup_stm32f429_439xx.o(.text)
    DMA1_Stream6_IRQHandler                  0x08004f57   Thumb Code     0  startup_stm32f429_439xx.o(.text)
    DMA1_Stream7_IRQHandler                  0x08004f57   Thumb Code     0  startup_stm32f429_439xx.o(.text)
    DMA2D_IRQHandler                         0x08004f57   Thumb Code     0  startup_stm32f429_439xx.o(.text)
    DMA2_Stream0_IRQHandler                  0x08004f57   Thumb Code     0  startup_stm32f429_439xx.o(.text)
    DMA2_Stream1_IRQHandler                  0x08004f57   Thumb Code     0  startup_stm32f429_439xx.o(.text)
    DMA2_Stream2_IRQHandler                  0x08004f57   Thumb Code     0  startup_stm32f429_439xx.o(.text)
    DMA2_Stream3_IRQHandler                  0x08004f57   Thumb Code     0  startup_stm32f429_439xx.o(.text)
    DMA2_Stream4_IRQHandler                  0x08004f57   Thumb Code     0  startup_stm32f429_439xx.o(.text)
    DMA2_Stream5_IRQHandler                  0x08004f57   Thumb Code     0  startup_stm32f429_439xx.o(.text)
    DMA2_Stream6_IRQHandler                  0x08004f57   Thumb Code     0  startup_stm32f429_439xx.o(.text)
    DMA2_Stream7_IRQHandler                  0x08004f57   Thumb Code     0  startup_stm32f429_439xx.o(.text)
    ETH_IRQHandler                           0x08004f57   Thumb Code     0  startup_stm32f429_439xx.o(.text)
    ETH_WKUP_IRQHandler                      0x08004f57   Thumb Code     0  startup_stm32f429_439xx.o(.text)
    EXTI0_IRQHandler                         0x08004f57   Thumb Code     0  startup_stm32f429_439xx.o(.text)
    EXTI15_10_IRQHandler                     0x08004f57   Thumb Code     0  startup_stm32f429_439xx.o(.text)
    EXTI1_IRQHandler                         0x08004f57   Thumb Code     0  startup_stm32f429_439xx.o(.text)
    EXTI2_IRQHandler                         0x08004f57   Thumb Code     0  startup_stm32f429_439xx.o(.text)
    EXTI3_IRQHandler                         0x08004f57   Thumb Code     0  startup_stm32f429_439xx.o(.text)
    EXTI9_5_IRQHandler                       0x08004f57   Thumb Code     0  startup_stm32f429_439xx.o(.text)
    FLASH_IRQHandler                         0x08004f57   Thumb Code     0  startup_stm32f429_439xx.o(.text)
    FMC_IRQHandler                           0x08004f57   Thumb Code     0  startup_stm32f429_439xx.o(.text)
    FPU_IRQHandler                           0x08004f57   Thumb Code     0  startup_stm32f429_439xx.o(.text)
    HASH_RNG_IRQHandler                      0x08004f57   Thumb Code     0  startup_stm32f429_439xx.o(.text)
    I2C1_ER_IRQHandler                       0x08004f57   Thumb Code     0  startup_stm32f429_439xx.o(.text)
    I2C1_EV_IRQHandler                       0x08004f57   Thumb Code     0  startup_stm32f429_439xx.o(.text)
    I2C2_ER_IRQHandler                       0x08004f57   Thumb Code     0  startup_stm32f429_439xx.o(.text)
    I2C2_EV_IRQHandler                       0x08004f57   Thumb Code     0  startup_stm32f429_439xx.o(.text)
    I2C3_ER_IRQHandler                       0x08004f57   Thumb Code     0  startup_stm32f429_439xx.o(.text)
    I2C3_EV_IRQHandler                       0x08004f57   Thumb Code     0  startup_stm32f429_439xx.o(.text)
    LTDC_ER_IRQHandler                       0x08004f57   Thumb Code     0  startup_stm32f429_439xx.o(.text)
    LTDC_IRQHandler                          0x08004f57   Thumb Code     0  startup_stm32f429_439xx.o(.text)
    OTG_FS_IRQHandler                        0x08004f57   Thumb Code     0  startup_stm32f429_439xx.o(.text)
    OTG_FS_WKUP_IRQHandler                   0x08004f57   Thumb Code     0  startup_stm32f429_439xx.o(.text)
    OTG_HS_EP1_IN_IRQHandler                 0x08004f57   Thumb Code     0  startup_stm32f429_439xx.o(.text)
    OTG_HS_EP1_OUT_IRQHandler                0x08004f57   Thumb Code     0  startup_stm32f429_439xx.o(.text)
    OTG_HS_IRQHandler                        0x08004f57   Thumb Code     0  startup_stm32f429_439xx.o(.text)
    OTG_HS_WKUP_IRQHandler                   0x08004f57   Thumb Code     0  startup_stm32f429_439xx.o(.text)
    PVD_IRQHandler                           0x08004f57   Thumb Code     0  startup_stm32f429_439xx.o(.text)
    RCC_IRQHandler                           0x08004f57   Thumb Code     0  startup_stm32f429_439xx.o(.text)
    RTC_Alarm_IRQHandler                     0x08004f57   Thumb Code     0  startup_stm32f429_439xx.o(.text)
    RTC_WKUP_IRQHandler                      0x08004f57   Thumb Code     0  startup_stm32f429_439xx.o(.text)
    SAI1_IRQHandler                          0x08004f57   Thumb Code     0  startup_stm32f429_439xx.o(.text)
    SDIO_IRQHandler                          0x08004f57   Thumb Code     0  startup_stm32f429_439xx.o(.text)
    SPI1_IRQHandler                          0x08004f57   Thumb Code     0  startup_stm32f429_439xx.o(.text)
    SPI2_IRQHandler                          0x08004f57   Thumb Code     0  startup_stm32f429_439xx.o(.text)
    SPI3_IRQHandler                          0x08004f57   Thumb Code     0  startup_stm32f429_439xx.o(.text)
    SPI4_IRQHandler                          0x08004f57   Thumb Code     0  startup_stm32f429_439xx.o(.text)
    SPI5_IRQHandler                          0x08004f57   Thumb Code     0  startup_stm32f429_439xx.o(.text)
    SPI6_IRQHandler                          0x08004f57   Thumb Code     0  startup_stm32f429_439xx.o(.text)
    TAMP_STAMP_IRQHandler                    0x08004f57   Thumb Code     0  startup_stm32f429_439xx.o(.text)
    TIM1_BRK_TIM9_IRQHandler                 0x08004f57   Thumb Code     0  startup_stm32f429_439xx.o(.text)
    TIM1_CC_IRQHandler                       0x08004f57   Thumb Code     0  startup_stm32f429_439xx.o(.text)
    TIM1_TRG_COM_TIM11_IRQHandler            0x08004f57   Thumb Code     0  startup_stm32f429_439xx.o(.text)
    TIM1_UP_TIM10_IRQHandler                 0x08004f57   Thumb Code     0  startup_stm32f429_439xx.o(.text)
    TIM2_IRQHandler                          0x08004f57   Thumb Code     0  startup_stm32f429_439xx.o(.text)
    TIM3_IRQHandler                          0x08004f57   Thumb Code     0  startup_stm32f429_439xx.o(.text)
    TIM4_IRQHandler                          0x08004f57   Thumb Code     0  startup_stm32f429_439xx.o(.text)
    TIM5_IRQHandler                          0x08004f57   Thumb Code     0  startup_stm32f429_439xx.o(.text)
    TIM6_DAC_IRQHandler                      0x08004f57   Thumb Code     0  startup_stm32f429_439xx.o(.text)
    TIM7_IRQHandler                          0x08004f57   Thumb Code     0  startup_stm32f429_439xx.o(.text)
    TIM8_BRK_TIM12_IRQHandler                0x08004f57   Thumb Code     0  startup_stm32f429_439xx.o(.text)
    TIM8_CC_IRQHandler                       0x08004f57   Thumb Code     0  startup_stm32f429_439xx.o(.text)
    TIM8_TRG_COM_TIM14_IRQHandler            0x08004f57   Thumb Code     0  startup_stm32f429_439xx.o(.text)
    TIM8_UP_TIM13_IRQHandler                 0x08004f57   Thumb Code     0  startup_stm32f429_439xx.o(.text)
    UART4_IRQHandler                         0x08004f57   Thumb Code     0  startup_stm32f429_439xx.o(.text)
    UART5_IRQHandler                         0x08004f57   Thumb Code     0  startup_stm32f429_439xx.o(.text)
    UART7_IRQHandler                         0x08004f57   Thumb Code     0  startup_stm32f429_439xx.o(.text)
    UART8_IRQHandler                         0x08004f57   Thumb Code     0  startup_stm32f429_439xx.o(.text)
    USART1_IRQHandler                        0x08004f57   Thumb Code     0  startup_stm32f429_439xx.o(.text)
    USART2_IRQHandler                        0x08004f57   Thumb Code     0  startup_stm32f429_439xx.o(.text)
    USART3_IRQHandler                        0x08004f57   Thumb Code     0  startup_stm32f429_439xx.o(.text)
    USART6_IRQHandler                        0x08004f57   Thumb Code     0  startup_stm32f429_439xx.o(.text)
    WWDG_IRQHandler                          0x08004f57   Thumb Code     0  startup_stm32f429_439xx.o(.text)
    SystemInit                               0x08005071   Thumb Code    88  system_stm32f4xx.o(.text)
    SystemCoreClockUpdate                    0x080050c9   Thumb Code   174  system_stm32f4xx.o(.text)
    __aeabi_dadd                             0x080051a5   Thumb Code   322  dadd.o(.text)
    __aeabi_dsub                             0x080052e7   Thumb Code     6  dadd.o(.text)
    __aeabi_drsub                            0x080052ed   Thumb Code     6  dadd.o(.text)
    __aeabi_dmul                             0x080052f3   Thumb Code   228  dmul.o(.text)
    __aeabi_d2uiz                            0x080053d7   Thumb Code    50  dfixui.o(.text)
    __aeabi_f2d                              0x08005409   Thumb Code    38  f2d.o(.text)
    __aeabi_llsl                             0x0800542f   Thumb Code    30  llshl.o(.text)
    _ll_shift_l                              0x0800542f   Thumb Code     0  llshl.o(.text)
    __aeabi_llsr                             0x0800544d   Thumb Code    32  llushr.o(.text)
    _ll_ushift_r                             0x0800544d   Thumb Code     0  llushr.o(.text)
    __aeabi_lasr                             0x0800546d   Thumb Code    36  llsshr.o(.text)
    _ll_sshift_r                             0x0800546d   Thumb Code     0  llsshr.o(.text)
    __I$use$fp                               0x08005491   Thumb Code     0  iusefp.o(.text)
    _double_round                            0x08005491   Thumb Code    30  depilogue.o(.text)
    _double_epilogue                         0x080054af   Thumb Code   156  depilogue.o(.text)
    __scatterload                            0x0800554d   Thumb Code    28  init.o(.text)
    __scatterload_rt2                        0x0800554d   Thumb Code     0  init.o(.text)
    SVC_Count                                0x08005570   Data           4  svc_table.o(SVC_TABLE)
    SVC_Table                                0x08005574   Data           0  svc_table.o(SVC_TABLE)
    __0printf$bare                           0x08005575   Thumb Code     8  printfb.o(i.__0printf$bare)
    __1printf$bare                           0x08005575   Thumb Code     0  printfb.o(i.__0printf$bare)
    __2printf                                0x08005575   Thumb Code     0  printfb.o(i.__0printf$bare)
    __scatterload_copy                       0x08005585   Thumb Code    14  handlers.o(i.__scatterload_copy)
    __scatterload_null                       0x08005593   Thumb Code     2  handlers.o(i.__scatterload_null)
    __scatterload_zeroinit                   0x08005595   Thumb Code    14  handlers.o(i.__scatterload_zeroinit)
    _init_box                                0x080055a3   Thumb Code    70  rt_membox.o(i._init_box)
    dbg_init                                 0x0800560d   Thumb Code    34  hal_cm.o(i.dbg_init)
    dbg_task_notify                          0x0800563d   Thumb Code    32  hal_cm.o(i.dbg_task_notify)
    dbg_task_switch                          0x0800565d   Thumb Code    16  hal_cm.o(i.dbg_task_switch)
    isrMessageGet                            0x0800566d   Thumb Code    42  rt_cmsis.o(i.isrMessageGet)
    isrMessagePut                            0x08005697   Thumb Code    44  rt_cmsis.o(i.isrMessagePut)
    isrSignalSet                             0x080056c3   Thumb Code    36  rt_cmsis.o(i.isrSignalSet)
    isr_evt_set                              0x080056e9   Thumb Code    34  rt_event.o(i.isr_evt_set)
    isr_mbx_receive                          0x08005711   Thumb Code    82  rt_mailbox.o(i.isr_mbx_receive)
    isr_mbx_send                             0x08005763   Thumb Code    14  rt_mailbox.o(i.isr_mbx_send)
    osDelay                                  0x08005771   Thumb Code    18  rt_cmsis.o(i.osDelay)
    osKernelInitialize                       0x08005789   Thumb Code    30  rt_cmsis.o(i.osKernelInitialize)
    osKernelStart                            0x080057ad   Thumb Code    98  rt_cmsis.o(i.osKernelStart)
    osMessageGet                             0x08005819   Thumb Code    18  rt_cmsis.o(i.osMessageGet)
    osSignalSet                              0x08005831   Thumb Code    18  rt_cmsis.o(i.osSignalSet)
    osThreadCreate                           0x08005849   Thumb Code    38  rt_cmsis.o(i.osThreadCreate)
    osThreadExit                             0x08005879   Thumb Code    14  rt_cmsis.o(i.osThreadExit)
    osTimerCall                              0x08005891   Thumb Code     8  rt_cmsis.o(i.osTimerCall)
    osTimerThread                            0x0800589d   Thumb Code    38  rt_cmsis.o(i.osTimerThread)
    os_tick_init                             0x080058c9   Thumb Code    32  rt_system.o(i.os_tick_init)
    os_tick_irqack                           0x080058f1   Thumb Code     2  rt_system.o(i.os_tick_irqack)
    rt_alloc_box                             0x080058f3   Thumb Code    26  rt_membox.o(i.rt_alloc_box)
    rt_alloc_mem                             0x0800590d   Thumb Code    62  rt_memory.o(i.rt_alloc_mem)
    rt_block                                 0x0800594d   Thumb Code    48  rt_task.o(i.rt_block)
    rt_chk_robin                             0x08005985   Thumb Code    60  rt_robin.o(i.rt_chk_robin)
    rt_dec_dly                               0x080059cd   Thumb Code   102  rt_list.o(i.rt_dec_dly)
    rt_dispatch                              0x08005a3d   Thumb Code    60  rt_task.o(i.rt_dispatch)
    rt_dly_wait                              0x08005a81   Thumb Code     6  rt_time.o(i.rt_dly_wait)
    rt_evt_psh                               0x08005a89   Thumb Code    76  rt_event.o(i.rt_evt_psh)
    rt_evt_set                               0x08005ad9   Thumb Code    88  rt_event.o(i.rt_evt_set)
    rt_free_box                              0x08005b35   Thumb Code    32  rt_membox.o(i.rt_free_box)
    rt_free_mem                              0x08005b55   Thumb Code    40  rt_memory.o(i.rt_free_mem)
    rt_get_first                             0x08005b7d   Thumb Code    40  rt_list.o(i.rt_get_first)
    rt_init_mem                              0x08005bf5   Thumb Code    26  rt_memory.o(i.rt_init_mem)
    rt_init_robin                            0x08005c11   Thumb Code    14  rt_robin.o(i.rt_init_robin)
    rt_init_stack                            0x08005c29   Thumb Code   118  hal_cm.o(i.rt_init_stack)
    rt_mbx_check                             0x08005ca9   Thumb Code     8  rt_mailbox.o(i.rt_mbx_check)
    rt_mbx_init                              0x08005cb1   Thumb Code    26  rt_mailbox.o(i.rt_mbx_init)
    rt_mbx_psh                               0x08005ccd   Thumb Code   236  rt_mailbox.o(i.rt_mbx_psh)
    rt_mbx_wait                              0x08005dbd   Thumb Code   174  rt_mailbox.o(i.rt_mbx_wait)
    rt_pop_req                               0x08005ead   Thumb Code   112  rt_system.o(i.rt_pop_req)
    rt_psh_req                               0x08005f29   Thumb Code    22  rt_system.o(i.rt_psh_req)
    rt_psq_enq                               0x08005f49   Thumb Code    88  rt_list.o(i.rt_psq_enq)
    rt_put_dly                               0x08005fa5   Thumb Code    68  rt_list.o(i.rt_put_dly)
    rt_put_prio                              0x08005fed   Thumb Code    54  rt_list.o(i.rt_put_prio)
    rt_put_rdy_first                         0x08006025   Thumb Code    14  rt_list.o(i.rt_put_rdy_first)
    rt_resort_prio                           0x08006039   Thumb Code    46  rt_list.o(i.rt_resort_prio)
    rt_ret_val                               0x0800607d   Thumb Code    12  hal_cm.o(i.rt_ret_val)
    rt_ret_val2                              0x08006089   Thumb Code    16  hal_cm.o(i.rt_ret_val2)
    rt_rmv_dly                               0x08006099   Thumb Code    40  rt_list.o(i.rt_rmv_dly)
    rt_rmv_list                              0x080060c1   Thumb Code    44  rt_list.o(i.rt_rmv_list)
    rt_sem_psh                               0x080060f1   Thumb Code    48  rt_semaphore.o(i.rt_sem_psh)
    rt_stk_check                             0x08006125   Thumb Code    28  rt_system.o(i.rt_stk_check)
    rt_switch_req                            0x08006149   Thumb Code    30  rt_task.o(i.rt_switch_req)
    rt_sys_init                              0x08006171   Thumb Code   138  rt_task.o(i.rt_sys_init)
    rt_sys_start                             0x0800623d   Thumb Code   110  rt_task.o(i.rt_sys_start)
    rt_systick                               0x080062b5   Thumb Code    50  rt_system.o(i.rt_systick)
    rt_tsk_create                            0x0800633d   Thumb Code   112  rt_task.o(i.rt_tsk_create)
    rt_tsk_delete                            0x080063bd   Thumb Code   342  rt_task.o(i.rt_tsk_delete)
    rt_tsk_prio                              0x08006531   Thumb Code   108  rt_task.o(i.rt_tsk_prio)
    rt_tsk_self                              0x080065ad   Thumb Code    12  rt_task.o(i.rt_tsk_self)
    svcDelay                                 0x080065bd   Thumb Code    20  rt_cmsis.o(i.svcDelay)
    svcKernelInitialize                      0x080065d1   Thumb Code    80  rt_cmsis.o(i.svcKernelInitialize)
    svcKernelStart                           0x08006641   Thumb Code    62  rt_cmsis.o(i.svcKernelStart)
    svcMessageCreate                         0x08006689   Thumb Code    36  rt_cmsis.o(i.svcMessageCreate)
    svcMessageGet                            0x080066ad   Thumb Code    58  rt_cmsis.o(i.svcMessageGet)
    svcSignalSet                             0x080066e7   Thumb Code    36  rt_cmsis.o(i.svcSignalSet)
    svcThreadCreate                          0x0800670d   Thumb Code   100  rt_cmsis.o(i.svcThreadCreate)
    svcThreadGetId                           0x0800677d   Thumb Code    22  rt_cmsis.o(i.svcThreadGetId)
    svcThreadTerminate                       0x08006799   Thumb Code    50  rt_cmsis.o(i.svcThreadTerminate)
    svcTimerCall                             0x080067d1   Thumb Code    24  rt_cmsis.o(i.svcTimerCall)
    sysTimerTick                             0x080067e9   Thumb Code    84  rt_cmsis.o(i.sysTimerTick)
    os_thread_def_RxPacket                   0x08006844   Data          16  main.o(.constdata)
    os_thread_def_DisplayLCD                 0x08006854   Data          16  main.o(.constdata)
    ASCII16x24_Table                         0x08006864   Data        4560  stm32f429i_discovery_lcd.o(.constdata)
    ASCII12x12_Table                         0x08007a34   Data        2304  stm32f429i_discovery_lcd.o(.constdata)
    ASCII8x12_Table                          0x08008334   Data        2304  stm32f429i_discovery_lcd.o(.constdata)
    ASCII8x8_Table                           0x08008c34   Data        1536  stm32f429i_discovery_lcd.o(.constdata)
    os_maxtaskrun                            0x08009234   Data           2  rtx_conf_cm.o(.constdata)
    os_stackinfo                             0x08009238   Data           4  rtx_conf_cm.o(.constdata)
    os_rrobin                                0x0800923c   Data           4  rtx_conf_cm.o(.constdata)
    os_tickfreq                              0x08009240   Data           4  rtx_conf_cm.o(.constdata)
    os_tickus_i                              0x08009244   Data           2  rtx_conf_cm.o(.constdata)
    os_tickus_f                              0x08009246   Data           2  rtx_conf_cm.o(.constdata)
    os_trv                                   0x08009248   Data           4  rtx_conf_cm.o(.constdata)
    os_flags                                 0x0800924c   Data           1  rtx_conf_cm.o(.constdata)
    CMSIS_RTOS_API_Version                   0x08009250   Data           4  rtx_conf_cm.o(.constdata)
    CMSIS_RTOS_RTX_Version                   0x08009254   Data           4  rtx_conf_cm.o(.constdata)
    os_clockrate                             0x08009258   Data           4  rtx_conf_cm.o(.constdata)
    os_timernum                              0x0800925c   Data           4  rtx_conf_cm.o(.constdata)
    mp_tcb_size                              0x08009260   Data           2  rtx_conf_cm.o(.constdata)
    mp_stk_size                              0x08009264   Data           4  rtx_conf_cm.o(.constdata)
    os_stack_sz                              0x08009268   Data           4  rtx_conf_cm.o(.constdata)
    os_fifo_size                             0x0800926c   Data           1  rtx_conf_cm.o(.constdata)
    os_thread_def_osTimerThread              0x08009270   Data          16  rtx_conf_cm.o(.constdata)
    os_messageQ_def_osTimerMessageQ          0x08009280   Data           8  rtx_conf_cm.o(.constdata)
    mp_tmr_size                              0x08009288   Data           2  rtx_conf_cm.o(.constdata)
    Region$$Table$$Base                      0x0800928c   Number         0  anon$$obj.o(Region$$Table)
    Region$$Table$$Limit                     0x080092ac   Number         0  anon$$obj.o(Region$$Table)
    a                                        0x20000000   Data           4  main.o(.data)
    plot                                     0x20000004   Data           2  main.o(.data)
    status                                   0x20000006   Data           1  main.o(.data)
    temp                                     0x20000007   Data           1  main.o(.data)
    test                                     0x20000008   Data           1  main.o(.data)
    Rx_thread                                0x2000000c   Data           4  main.o(.data)
    Tx_thread                                0x20000010   Data           4  main.o(.data)
    DisplayLCD_thread                        0x20000014   Data           4  main.o(.data)
    Font16x24                                0x20000018   Data           8  stm32f429i_discovery_lcd.o(.data)
    Font12x12                                0x20000020   Data           8  stm32f429i_discovery_lcd.o(.data)
    Font8x12                                 0x20000028   Data           8  stm32f429i_discovery_lcd.o(.data)
    Font8x8                                  0x20000030   Data           8  stm32f429i_discovery_lcd.o(.data)
    osThreadId_osTimerThread                 0x20000048   Data           4  rtx_conf_cm.o(.data)
    osMessageQId_osTimerMessageQ             0x2000004c   Data           4  rtx_conf_cm.o(.data)
    os_tmr                                   0x20000050   Data           4  rtx_conf_cm.o(.data)
    m_tmr                                    0x20000054   Data           4  rtx_conf_cm.o(.data)
    os_thread_def_main                       0x20000058   Data          16  rtx_conf_cm.o(.data)
    SystemCoreClock                          0x20000078   Data           4  system_stm32f4xx.o(.data)
    AHBPrescTable                            0x2000007c   Data          16  system_stm32f4xx.o(.data)
    os_initialized                           0x2000008c   Data           1  rt_cmsis.o(.data)
    os_running                               0x2000008d   Data           1  rt_cmsis.o(.data)
    os_timer_head                            0x20000090   Data           4  rt_cmsis.o(.data)
    os_tsk                                   0x20000094   Data           8  rt_task.o(.data)
    os_tick_irqn                             0x200000a0   Data           4  rt_system.o(.data)
    os_time                                  0x200000a4   Data           4  rt_time.o(.data)
    dbg_msg                                  0x200000a8   Data           1  hal_cm.o(.data)
    os_robin                                 0x200000ac   Data           8  rt_robin.o(.data)
    __stdout                                 0x200000b4   Data           4  stdout.o(.data)
    read                                     0x200000b8   Data         120  main.o(.bss)
    read2                                    0x20000130   Data          25  main.o(.bss)
    mp_tcb                                   0x20000150   Data         376  rtx_conf_cm.o(.bss)
    mp_stk                                   0x200002c8   Data       24592  rtx_conf_cm.o(.bss)
    os_stack_mem                             0x200062d8   Data        4328  rtx_conf_cm.o(.bss)
    os_fifo                                  0x200073c0   Data         132  rtx_conf_cm.o(.bss)
    os_active_TCB                            0x20007444   Data          28  rtx_conf_cm.o(.bss)
    os_messageQ_q_osTimerMessageQ            0x20007460   Data          32  rtx_conf_cm.o(.bss)
    os_idle_TCB                              0x20007480   Data          52  rt_task.o(.bss)
    os_rdy                                   0x200074b4   Data          24  rt_list.o(.bss)
    os_dly                                   0x200074cc   Data          24  rt_list.o(.bss)
    __initial_sp                             0x200078e8   Data           0  startup_stm32f429_439xx.o(STACK)



==============================================================================

Memory Map of the image

  Image Entry point : 0x080001ad

  Load Region LR_IROM1 (Base: 0x08000000, Size: 0x00009364, Max: 0x00200000, ABSOLUTE)

    Execution Region ER_IROM1 (Base: 0x08000000, Size: 0x000092ac, Max: 0x00200000, ABSOLUTE)

    Base Addr    Size         Type   Attr      Idx    E Section Name        Object

    0x08000000   0x000001ac   Data   RO         1238    RESET               startup_stm32f429_439xx.o
    0x080001ac   0x00000000   Code   RO         2531  * .ARM.Collect$$$$00000000  mc_w.l(entry.o)
    0x080001ac   0x00000004   Code   RO         2825    .ARM.Collect$$$$00000001  mc_w.l(entry2.o)
    0x080001b0   0x00000004   Code   RO         2828    .ARM.Collect$$$$00000004  mc_w.l(entry5.o)
    0x080001b4   0x00000000   Code   RO         2830    .ARM.Collect$$$$00000008  mc_w.l(entry7b.o)
    0x080001b4   0x00000000   Code   RO         2832    .ARM.Collect$$$$0000000A  mc_w.l(entry8b.o)
    0x080001b4   0x00000000   Code   RO         2833    .ARM.Collect$$$$0000000D  mc_w.l(entry10a.o)
    0x080001b4   0x00000000   Code   RO         2835    .ARM.Collect$$$$0000000F  mc_w.l(entry11a.o)
    0x080001b4   0x00000018   Code   RO          389    .ARM.Collect$$$$000000FF  rtx_conf_cm.o
    0x080001cc   0x00000004   Code   RO         2826    .ARM.Collect$$$$00002712  mc_w.l(entry2.o)
    0x080001d0   0x00000180   Code   RO         2472    .emb_text           RTX_CM4.lib(hal_cm4.o)
    0x08000350   0x00000438   Code   RO            4    .text               main.o
    0x08000788   0x00001b3c   Code   RO          191    .text               stm32f429i_discovery_lcd.o
    0x080022c4   0x000003c4   Code   RO          229    .text               stm32f429i_discovery_sdram.o
    0x08002688   0x00000038   Code   RO          253    .text               fputc_debug.o
    0x080026c0   0x00000594   Code   RO          285    .text               cc2500.o
    0x08002c54   0x0000001e   Code   RO          390    .text               rtx_conf_cm.o
    0x08002c72   0x00000002   PAD
    0x08002c74   0x000000e0   Code   RO          421    .text               misc.o
    0x08002d54   0x000003b4   Code   RO          709    .text               stm32f4xx_dma2d.o
    0x08003108   0x00000110   Code   RO          733    .text               stm32f4xx_exti.o
    0x08003218   0x000008ec   Code   RO          781    .text               stm32f4xx_fmc.o
    0x08003b04   0x00000294   Code   RO          805    .text               stm32f4xx_gpio.o
    0x08003d98   0x00000688   Code   RO          949    .text               stm32f4xx_ltdc.o
    0x08004420   0x00000638   Code   RO          997    .text               stm32f4xx_rcc.o
    0x08004a58   0x0000044e   Code   RO         1119    .text               stm32f4xx_spi.o
    0x08004ea6   0x00000002   PAD
    0x08004ea8   0x00000094   Code   RO         1143    .text               stm32f4xx_syscfg.o
    0x08004f3c   0x00000024   Code   RO         1239    .text               startup_stm32f429_439xx.o
    0x08004f60   0x00000244   Code   RO         1246    .text               system_stm32f4xx.o
    0x080051a4   0x0000014e   Code   RO         2796    .text               mf_w.l(dadd.o)
    0x080052f2   0x000000e4   Code   RO         2798    .text               mf_w.l(dmul.o)
    0x080053d6   0x00000032   Code   RO         2800    .text               mf_w.l(dfixui.o)
    0x08005408   0x00000026   Code   RO         2802    .text               mf_w.l(f2d.o)
    0x0800542e   0x0000001e   Code   RO         2840    .text               mc_w.l(llshl.o)
    0x0800544c   0x00000020   Code   RO         2842    .text               mc_w.l(llushr.o)
    0x0800546c   0x00000024   Code   RO         2844    .text               mc_w.l(llsshr.o)
    0x08005490   0x00000000   Code   RO         2853    .text               mc_w.l(iusefp.o)
    0x08005490   0x000000ba   Code   RO         2856    .text               mf_w.l(depilogue.o)
    0x0800554a   0x00000002   PAD
    0x0800554c   0x00000024   Code   RO         2874    .text               mc_w.l(init.o)
    0x08005570   0x00000004   Code   RO         2482    SVC_TABLE           RTX_CM4.lib(svc_table.o)
    0x08005574   0x00000010   Code   RO         2537    i.__0printf$bare    mc_w.l(printfb.o)
    0x08005584   0x0000000e   Code   RO         2878    i.__scatterload_copy  mc_w.l(handlers.o)
    0x08005592   0x00000002   Code   RO         2879    i.__scatterload_null  mc_w.l(handlers.o)
    0x08005594   0x0000000e   Code   RO         2880    i.__scatterload_zeroinit  mc_w.l(handlers.o)
    0x080055a2   0x00000046   Code   RO         2345    i._init_box         RTX_CM4.lib(rt_membox.o)
    0x080055e8   0x00000022   Code   RO         2544    i._printf_core      mc_w.l(printfb.o)
    0x0800560a   0x00000002   PAD
    0x0800560c   0x00000030   Code   RO         2398    i.dbg_init          RTX_CM4.lib(hal_cm.o)
    0x0800563c   0x00000020   Code   RO         2399    i.dbg_task_notify   RTX_CM4.lib(hal_cm.o)
    0x0800565c   0x00000010   Code   RO         2400    i.dbg_task_switch   RTX_CM4.lib(hal_cm.o)
    0x0800566c   0x0000002a   Code   RO         1276    i.isrMessageGet     RTX_CM4.lib(rt_cmsis.o)
    0x08005696   0x0000002c   Code   RO         1277    i.isrMessagePut     RTX_CM4.lib(rt_cmsis.o)
    0x080056c2   0x00000024   Code   RO         1279    i.isrSignalSet      RTX_CM4.lib(rt_cmsis.o)
    0x080056e6   0x00000002   PAD
    0x080056e8   0x00000028   Code   RO         2073    i.isr_evt_set       RTX_CM4.lib(rt_event.o)
    0x08005710   0x00000052   Code   RO         2191    i.isr_mbx_receive   RTX_CM4.lib(rt_mailbox.o)
    0x08005762   0x0000000e   Code   RO         2192    i.isr_mbx_send      RTX_CM4.lib(rt_mailbox.o)
    0x08005770   0x00000018   Code   RO         1280    i.osDelay           RTX_CM4.lib(rt_cmsis.o)
    0x08005788   0x00000024   Code   RO         1281    i.osKernelInitialize  RTX_CM4.lib(rt_cmsis.o)
    0x080057ac   0x0000006c   Code   RO         1283    i.osKernelStart     RTX_CM4.lib(rt_cmsis.o)
    0x08005818   0x00000018   Code   RO         1292    i.osMessageGet      RTX_CM4.lib(rt_cmsis.o)
    0x08005830   0x00000018   Code   RO         1307    i.osSignalSet       RTX_CM4.lib(rt_cmsis.o)
    0x08005848   0x00000030   Code   RO         1309    i.osThreadCreate    RTX_CM4.lib(rt_cmsis.o)
    0x08005878   0x00000018   Code   RO         1310    i.osThreadExit      RTX_CM4.lib(rt_cmsis.o)
    0x08005890   0x0000000c   Code   RO         1316    i.osTimerCall       RTX_CM4.lib(rt_cmsis.o)
    0x0800589c   0x0000002c   Code   RO         1321    i.osTimerThread     RTX_CM4.lib(rt_cmsis.o)
    0x080058c8   0x00000028   Code   RO         1983    i.os_tick_init      RTX_CM4.lib(rt_system.o)
    0x080058f0   0x00000002   Code   RO         1984    i.os_tick_irqack    RTX_CM4.lib(rt_system.o)
    0x080058f2   0x0000001a   Code   RO         2346    i.rt_alloc_box      RTX_CM4.lib(rt_membox.o)
    0x0800590c   0x0000003e   Code   RO         2374    i.rt_alloc_mem      RTX_CM4.lib(rt_memory.o)
    0x0800594a   0x00000002   PAD
    0x0800594c   0x00000038   Code   RO         1898    i.rt_block          RTX_CM4.lib(rt_task.o)
    0x08005984   0x00000048   Code   RO         2451    i.rt_chk_robin      RTX_CM4.lib(rt_robin.o)
    0x080059cc   0x00000070   Code   RO         2115    i.rt_dec_dly        RTX_CM4.lib(rt_list.o)
    0x08005a3c   0x00000044   Code   RO         1899    i.rt_dispatch       RTX_CM4.lib(rt_task.o)
    0x08005a80   0x00000006   Code   RO         2281    i.rt_dly_wait       RTX_CM4.lib(rt_time.o)
    0x08005a86   0x00000002   PAD
    0x08005a88   0x00000050   Code   RO         2076    i.rt_evt_psh        RTX_CM4.lib(rt_event.o)
    0x08005ad8   0x0000005c   Code   RO         2077    i.rt_evt_set        RTX_CM4.lib(rt_event.o)
    0x08005b34   0x00000020   Code   RO         2347    i.rt_free_box       RTX_CM4.lib(rt_membox.o)
    0x08005b54   0x00000028   Code   RO         2375    i.rt_free_mem       RTX_CM4.lib(rt_memory.o)
    0x08005b7c   0x00000028   Code   RO         2116    i.rt_get_first      RTX_CM4.lib(rt_list.o)
    0x08005ba4   0x00000008   Code   RO         1326    i.rt_id2obj         RTX_CM4.lib(rt_cmsis.o)
    0x08005bac   0x00000048   Code   RO         1900    i.rt_init_context   RTX_CM4.lib(rt_task.o)
    0x08005bf4   0x0000001a   Code   RO         2376    i.rt_init_mem       RTX_CM4.lib(rt_memory.o)
    0x08005c0e   0x00000002   PAD
    0x08005c10   0x00000018   Code   RO         2452    i.rt_init_robin     RTX_CM4.lib(rt_robin.o)
    0x08005c28   0x00000080   Code   RO         2401    i.rt_init_stack     RTX_CM4.lib(hal_cm.o)
    0x08005ca8   0x00000008   Code   RO         2193    i.rt_mbx_check      RTX_CM4.lib(rt_mailbox.o)
    0x08005cb0   0x0000001a   Code   RO         2194    i.rt_mbx_init       RTX_CM4.lib(rt_mailbox.o)
    0x08005cca   0x00000002   PAD
    0x08005ccc   0x000000f0   Code   RO         2195    i.rt_mbx_psh        RTX_CM4.lib(rt_mailbox.o)
    0x08005dbc   0x000000b4   Code   RO         2197    i.rt_mbx_wait       RTX_CM4.lib(rt_mailbox.o)
    0x08005e70   0x0000003c   Code   RO         1327    i.rt_ms2tick        RTX_CM4.lib(rt_cmsis.o)
    0x08005eac   0x0000007c   Code   RO         1987    i.rt_pop_req        RTX_CM4.lib(rt_system.o)
    0x08005f28   0x00000020   Code   RO         1988    i.rt_psh_req        RTX_CM4.lib(rt_system.o)
    0x08005f48   0x0000005c   Code   RO         2118    i.rt_psq_enq        RTX_CM4.lib(rt_list.o)
    0x08005fa4   0x00000048   Code   RO         2119    i.rt_put_dly        RTX_CM4.lib(rt_list.o)
    0x08005fec   0x00000036   Code   RO         2120    i.rt_put_prio       RTX_CM4.lib(rt_list.o)
    0x08006022   0x00000002   PAD
    0x08006024   0x00000014   Code   RO         2121    i.rt_put_rdy_first  RTX_CM4.lib(rt_list.o)
    0x08006038   0x00000034   Code   RO         2122    i.rt_resort_prio    RTX_CM4.lib(rt_list.o)
    0x0800606c   0x00000010   Code   RO         2402    i.rt_ret_regs       RTX_CM4.lib(hal_cm.o)
    0x0800607c   0x0000000c   Code   RO         2403    i.rt_ret_val        RTX_CM4.lib(hal_cm.o)
    0x08006088   0x00000010   Code   RO         2404    i.rt_ret_val2       RTX_CM4.lib(hal_cm.o)
    0x08006098   0x00000028   Code   RO         2123    i.rt_rmv_dly        RTX_CM4.lib(rt_list.o)
    0x080060c0   0x00000030   Code   RO         2124    i.rt_rmv_list       RTX_CM4.lib(rt_list.o)
    0x080060f0   0x00000034   Code   RO         2242    i.rt_sem_psh        RTX_CM4.lib(rt_semaphore.o)
    0x08006124   0x00000024   Code   RO         1990    i.rt_stk_check      RTX_CM4.lib(rt_system.o)
    0x08006148   0x00000028   Code   RO         1901    i.rt_switch_req     RTX_CM4.lib(rt_task.o)
    0x08006170   0x000000cc   Code   RO         1902    i.rt_sys_init       RTX_CM4.lib(rt_task.o)
    0x0800623c   0x00000078   Code   RO         1903    i.rt_sys_start      RTX_CM4.lib(rt_task.o)
    0x080062b4   0x00000040   Code   RO         1992    i.rt_systick        RTX_CM4.lib(rt_system.o)
    0x080062f4   0x00000012   Code   RO         1328    i.rt_tid2ptcb       RTX_CM4.lib(rt_cmsis.o)
    0x08006306   0x00000002   PAD
    0x08006308   0x00000034   Code   RO         1329    i.rt_timer_insert   RTX_CM4.lib(rt_cmsis.o)
    0x0800633c   0x00000080   Code   RO         1904    i.rt_tsk_create     RTX_CM4.lib(rt_task.o)
    0x080063bc   0x00000174   Code   RO         1905    i.rt_tsk_delete     RTX_CM4.lib(rt_task.o)
    0x08006530   0x0000007c   Code   RO         1907    i.rt_tsk_prio       RTX_CM4.lib(rt_task.o)
    0x080065ac   0x00000010   Code   RO         1908    i.rt_tsk_self       RTX_CM4.lib(rt_task.o)
    0x080065bc   0x00000014   Code   RO         1331    i.svcDelay          RTX_CM4.lib(rt_cmsis.o)
    0x080065d0   0x00000070   Code   RO         1332    i.svcKernelInitialize  RTX_CM4.lib(rt_cmsis.o)
    0x08006640   0x00000048   Code   RO         1334    i.svcKernelStart    RTX_CM4.lib(rt_cmsis.o)
    0x08006688   0x00000024   Code   RO         1337    i.svcMessageCreate  RTX_CM4.lib(rt_cmsis.o)
    0x080066ac   0x0000003a   Code   RO         1338    i.svcMessageGet     RTX_CM4.lib(rt_cmsis.o)
    0x080066e6   0x00000024   Code   RO         1350    i.svcSignalSet      RTX_CM4.lib(rt_cmsis.o)
    0x0800670a   0x00000002   PAD
    0x0800670c   0x00000070   Code   RO         1352    i.svcThreadCreate   RTX_CM4.lib(rt_cmsis.o)
    0x0800677c   0x0000001c   Code   RO         1353    i.svcThreadGetId    RTX_CM4.lib(rt_cmsis.o)
    0x08006798   0x00000038   Code   RO         1356    i.svcThreadTerminate  RTX_CM4.lib(rt_cmsis.o)
    0x080067d0   0x00000018   Code   RO         1358    i.svcTimerCall      RTX_CM4.lib(rt_cmsis.o)
    0x080067e8   0x0000005c   Code   RO         1367    i.sysTimerTick      RTX_CM4.lib(rt_cmsis.o)
    0x08006844   0x00000020   Data   RO            6    .constdata          main.o
    0x08006864   0x000029d0   Data   RO          192    .constdata          stm32f429i_discovery_lcd.o
    0x08009234   0x00000056   Data   RO          392    .constdata          rtx_conf_cm.o
    0x0800928a   0x00000002   PAD
    0x0800928c   0x00000020   Data   RO         2876    Region$$Table       anon$$obj.o


    Execution Region RW_IRAM1 (Base: 0x20000000, Size: 0x000078e8, Max: 0x00030000, ABSOLUTE)

    Base Addr    Size         Type   Attr      Idx    E Section Name        Object

    0x20000000   0x00000018   Data   RW            7    .data               main.o
    0x20000018   0x00000030   Data   RW          193    .data               stm32f429i_discovery_lcd.o
    0x20000048   0x00000020   Data   RW          393    .data               rtx_conf_cm.o
    0x20000068   0x00000010   Data   RW          998    .data               stm32f4xx_rcc.o
    0x20000078   0x00000014   Data   RW         1247    .data               system_stm32f4xx.o
    0x2000008c   0x00000008   Data   RW         1370    .data               RTX_CM4.lib(rt_cmsis.o)
    0x20000094   0x00000008   Data   RW         1910    .data               RTX_CM4.lib(rt_task.o)
    0x2000009c   0x00000008   Data   RW         1995    .data               RTX_CM4.lib(rt_system.o)
    0x200000a4   0x00000004   Data   RW         2285    .data               RTX_CM4.lib(rt_time.o)
    0x200000a8   0x00000001   Data   RW         2405    .data               RTX_CM4.lib(hal_cm.o)
    0x200000a9   0x00000003   PAD
    0x200000ac   0x00000008   Data   RW         2453    .data               RTX_CM4.lib(rt_robin.o)
    0x200000b4   0x00000004   Data   RW         2837    .data               mc_w.l(stdout.o)
    0x200000b8   0x00000091   Zero   RW            5    .bss                main.o
    0x20000149   0x00000007   PAD
    0x20000150   0x00007330   Zero   RW          391    .bss                rtx_conf_cm.o
    0x20007480   0x00000034   Zero   RW         1909    .bss                RTX_CM4.lib(rt_task.o)
    0x200074b4   0x00000030   Zero   RW         2125    .bss                RTX_CM4.lib(rt_list.o)
    0x200074e4   0x00000004   PAD
    0x200074e8   0x00000400   Zero   RW         1236    STACK               startup_stm32f429_439xx.o


==============================================================================

Image component sizes


      Code (inc. data)   RO Data    RW Data    ZI Data      Debug   Object Name

      1428         26          0          0          0       4218   cc2500.o
        56          4          0          0          0      28103   fputc_debug.o
      1080        152         32         24        145     360635   main.o
       224         20          0          0          0       2025   misc.o
        54          6         86         32      29488       7430   rtx_conf_cm.o
        36          8        428          0       1024        872   startup_stm32f429_439xx.o
      6972        122      10704         48          0      18933   stm32f429i_discovery_lcd.o
       964         28          0          0          0       2612   stm32f429i_discovery_sdram.o
       948         12          0          0          0       5131   stm32f4xx_dma2d.o
       272         10          0          0          0       2467   stm32f4xx_exti.o
      2284         14          0          0          0       7612   stm32f4xx_fmc.o
       660         44          0          0          0       4301   stm32f4xx_gpio.o
      1672         18          0          0          0       8032   stm32f4xx_ltdc.o
      1592         54          0         16          0      13010   stm32f4xx_rcc.o
      1102         32          0          0          0       7069   stm32f4xx_spi.o
       148         12          0          0          0       1917   stm32f4xx_syscfg.o
       580         46          0         20          0       2011   system_stm32f4xx.o

    ----------------------------------------------------------------------
     20076        608      11284        140      30664     476378   Object Totals
         0          0         32          0          0          0   (incl. Generated)
         4          0          2          0          7          0   (incl. Padding)

    ----------------------------------------------------------------------

      Code (inc. data)   RO Data    RW Data    ZI Data      Debug   Library Member Name

       268         24          0          1          0       4128   hal_cm.o
       384         28          0          0          0        796   hal_cm4.o
      1250        152          0          8          0      32751   rt_cmsis.o
       212         14          0          0          0       1808   rt_event.o
       530         34          0          0         48       7765   rt_list.o
       550         10          0          0          0       3661   rt_mailbox.o
       128          0          0          0          0       1821   rt_membox.o
       128          0          0          0          0       2203   rt_memory.o
        96         22          0          8          0       1230   rt_robin.o
        52          4          0          0          0        557   rt_semaphore.o
       298         52          0          8          0       6239   rt_system.o
      1200        174          0          8         52       9253   rt_task.o
         6          0          0          4          0        668   rt_time.o
         4          4          0          0          0        200   svc_table.o
         0          0          0          0          0          0   entry.o
         0          0          0          0          0          0   entry10a.o
         0          0          0          0          0          0   entry11a.o
         8          4          0          0          0          0   entry2.o
         4          0          0          0          0          0   entry5.o
         0          0          0          0          0          0   entry7b.o
         0          0          0          0          0          0   entry8b.o
        30          0          0          0          0          0   handlers.o
        36          8          0          0          0         68   init.o
         0          0          0          0          0          0   iusefp.o
        30          0          0          0          0         68   llshl.o
        36          0          0          0          0         68   llsshr.o
        32          0          0          0          0         68   llushr.o
        50          8          0          0          0        152   printfb.o
         0          0          0          4          0          0   stdout.o
       334          0          0          0          0        148   dadd.o
       186          0          0          0          0        176   depilogue.o
        50          0          0          0          0         76   dfixui.o
       228          0          0          0          0         96   dmul.o
        38          0          0          0          0         68   f2d.o

    ----------------------------------------------------------------------
      6188        538          0         44        104      74068   Library Totals
        20          0          0          3          4          0   (incl. Padding)

    ----------------------------------------------------------------------

      Code (inc. data)   RO Data    RW Data    ZI Data      Debug   Library Name

      5106        518          0         37        100      73080   RTX_CM4.lib
       226         20          0          4          0        424   mc_w.l
       836          0          0          0          0        564   mf_w.l

    ----------------------------------------------------------------------
      6188        538          0         44        104      74068   Library Totals

    ----------------------------------------------------------------------

==============================================================================


      Code (inc. data)   RO Data    RW Data    ZI Data      Debug   

     26264       1146      11284        184      30768     538834   Grand Totals
     26264       1146      11284        184      30768     538834   ELF Image Totals
     26264       1146      11284        184          0          0   ROM Totals

==============================================================================

    Total RO  Size (Code + RO Data)                37548 (  36.67kB)
    Total RW  Size (RW Data + ZI Data)             30952 (  30.23kB)
    Total ROM Size (Code + RO Data + RW Data)      37732 (  36.85kB)

==============================================================================

