Component: ARM Compiler 5.05 update 2 (build 169) Tool: armlink [4d0f33]

==============================================================================

Section Cross References

    main.o(.text) refers to stm32f4xx_rcc.o(.text) for RCC_AHB1PeriphClockCmd
    main.o(.text) refers to stm32f4xx_gpio.o(.text) for GPIO_Init
    main.o(.text) refers to stm32f4xx_syscfg.o(.text) for SYSCFG_EXTILineConfig
    main.o(.text) refers to stm32f4xx_exti.o(.text) for EXTI_Init
    main.o(.text) refers to misc.o(.text) for NVIC_Init
    main.o(.text) refers to printfa.o(i.__0printf) for __2printf
    main.o(.text) refers to rt_cmsis.o(i.osSignalWait) for osSignalWait
    main.o(.text) refers to f2d.o(.text) for __aeabi_f2d
    main.o(.text) refers to ddiv.o(.text) for __aeabi_ddiv
    main.o(.text) refers to sin.o(i.__hardfp_sin) for __hardfp_sin
    main.o(.text) refers to dmul.o(.text) for __aeabi_dmul
    main.o(.text) refers to dadd.o(.text) for __aeabi_dadd
    main.o(.text) refers to d2f.o(.text) for __aeabi_d2f
    main.o(.text) refers to cc2500.o(.text) for CC2500_TxPacket
    main.o(.text) refers to rt_cmsis.o(i.osDelay) for osDelay
    main.o(.text) refers to rt_cmsis.o(i.osSignalClear) for osSignalClear
    main.o(.text) refers to rt_cmsis.o(i.osKernelInitialize) for osKernelInitialize
    main.o(.text) refers to rt_cmsis.o(i.osThreadCreate) for osThreadCreate
    main.o(.text) refers to rt_cmsis.o(i.osKernelStart) for osKernelStart
    main.o(.text) refers to rt_cmsis.o(i.osSignalSet) for osSignalSet
    main.o(.text) refers to main.o(.data) for angles
    main.o(.text) refers to main.o(.constdata) for os_thread_def_TxPacket
    main.o(.constdata) refers to main.o(.text) for TxPacket
    calculate_angle_tilted.o(.text) refers to f2d.o(.text) for __aeabi_f2d
    calculate_angle_tilted.o(.text) refers to pow.o(i.__hardfp_pow) for __hardfp_pow
    calculate_angle_tilted.o(.text) refers to d2f.o(.text) for __aeabi_d2f
    calculate_angle_tilted.o(.text) refers to sqrt.o(i.__hardfp_sqrt) for __hardfp_sqrt
    calculate_angle_tilted.o(.text) refers to atan.o(i.__hardfp_atan) for __hardfp_atan
    calculate_angle_tilted.o(.text) refers to dmul.o(.text) for __aeabi_dmul
    calculate_angle_tilted.o(.text) refers to fabs.o(i.__hardfp_fabs) for __hardfp_fabs
    calculate_angle_tilted.o(.text) refers to dadd.o(.text) for __aeabi_dsub
    configure_accelerometer.o(.text) refers to lis3dsh.o(.text) for LIS3DSH_Init
    keypad.o(.text) refers to stm32f4xx_rcc.o(.text) for RCC_AHB1PeriphClockCmd
    keypad.o(.text) refers to stm32f4xx_gpio.o(.text) for GPIO_Init
    keypad.o(.text) refers to keypad.o(.data) for GPIO_InitStructure
    mem_interrupt.o(.text) refers to stm32f4xx_rcc.o(.text) for RCC_AHB1PeriphClockCmd
    mem_interrupt.o(.text) refers to stm32f4xx_gpio.o(.text) for GPIO_StructInit
    mem_interrupt.o(.text) refers to stm32f4xx_syscfg.o(.text) for SYSCFG_EXTILineConfig
    mem_interrupt.o(.text) refers to stm32f4xx_exti.o(.text) for EXTI_Init
    mem_interrupt.o(.text) refers to misc.o(.text) for NVIC_Init
    mem_interrupt.o(.text) refers to lis3dsh.o(.text) for LIS3DSH_DataReadyInterruptConfig
    sevensegdisplay.o(.text) refers to stm32f4xx_rcc.o(.text) for RCC_APB1PeriphClockCmd
    sevensegdisplay.o(.text) refers to stm32f4xx_tim.o(.text) for TIM_TimeBaseInit
    sevensegdisplay.o(.text) refers to misc.o(.text) for NVIC_Init
    sevensegdisplay.o(.text) refers to stm32f4xx_gpio.o(.text) for GPIO_StructInit
    sevensegdisplay.o(.text) refers to f2d.o(.text) for __aeabi_f2d
    sevensegdisplay.o(.text) refers to printfa.o(i.__0printf) for __2printf
    sevensegdisplay.o(.text) refers to sevensegdisplay.o(.data) for LED_interrupt
    sevensegdisplay.o(.text) refers to fabs.o(i.__hardfp_fabs) for __hardfp_fabs
    sevensegdisplay.o(.text) refers to d2f.o(.text) for __aeabi_d2f
    temperaturesensor.o(.text) refers to stm32f4xx_adc.o(.text) for ADC_DeInit
    temperaturesensor.o(.text) refers to stm32f4xx_rcc.o(.text) for RCC_APB2PeriphClockCmd
    temperaturesensor.o(.text) refers to stm32f4xx_gpio.o(.text) for GPIO_Init
    temperaturesensor.o(.text) refers to f2d.o(.text) for __aeabi_f2d
    temperaturesensor.o(.text) refers to dmul.o(.text) for __aeabi_dmul
    temperaturesensor.o(.text) refers to ddiv.o(.text) for __aeabi_ddiv
    temperaturesensor.o(.text) refers to d2f.o(.text) for __aeabi_d2f
    temperaturesensor.o(.text) refers to movingaveragefilter.o(.text) for maFilter
    temperaturesensor.o(.text) refers to temperaturesensor.o(.bss) for ADC_CommonInitStruct
    temperaturesensor.o(.text) refers to temperaturesensor.o(.data) for GPIO_InitStruct
    temperature_thread.o(.text) refers to stm32f4xx_rcc.o(.text) for RCC_APB1PeriphClockCmd
    temperature_thread.o(.text) refers to stm32f4xx_tim.o(.text) for TIM_TimeBaseInit
    temperature_thread.o(.text) refers to misc.o(.text) for NVIC_Init
    temperature_thread.o(.text) refers to temperaturesensor.o(.text) for adcSetup
[...]
    __rt_final_cpp                           0x08000191   Thumb Code     0  entry10a.o(.ARM.Collect$$$$0000000D)
    __rt_final_exit                          0x08000191   Thumb Code     0  entry11a.o(.ARM.Collect$$$$0000000F)
    _main_clock                              0x08000191   Thumb Code     0  entry7b.o(.ARM.Collect$$$$00000008)
    _main_cpp_init                           0x08000191   Thumb Code     0  entry8b.o(.ARM.Collect$$$$0000000A)
    _main_init                               0x08000191   Thumb Code    18  rtx_conf_cm.o(.ARM.Collect$$$$000000FF)
    rt_set_PSP                               0x080001ad   Thumb Code     6  hal_cm4.o(.emb_text)
    rt_get_PSP                               0x080001b3   Thumb Code     6  hal_cm4.o(.emb_text)
    os_set_env                               0x080001b9   Thumb Code    24  hal_cm4.o(.emb_text)
    _alloc_box                               0x080001d5   Thumb Code    28  hal_cm4.o(.emb_text)
    _free_box                                0x080001f5   Thumb Code    28  hal_cm4.o(.emb_text)
    SVC_Handler                              0x08000215   Thumb Code   168  hal_cm4.o(.emb_text)
    PendSV_Handler                           0x080002cd   Thumb Code    96  hal_cm4.o(.emb_text)
    SysTick_Handler                          0x08000331   Thumb Code     8  hal_cm4.o(.emb_text)
    OS_Tick_Handler                          0x08000339   Thumb Code    12  hal_cm4.o(.emb_text)
    Blinky_GPIO_Init                         0x08000345   Thumb Code    50  main.o(.text)
    EXTI_NVIC_Config_PushButton              0x08000377   Thumb Code   120  main.o(.text)
    TxPacket                                 0x080003ef   Thumb Code   260  main.o(.text)
    wireless_init                            0x080004f3   Thumb Code   146  main.o(.text)
    main                                     0x08000585   Thumb Code    38  main.o(.text)
    EXTI0_IRQHandler                         0x080005ab   Thumb Code    28  main.o(.text)
    fputc                                    0x08000639   Thumb Code    52  fputc_debug.o(.text)
    calculate_roll                           0x08000671   Thumb Code   312  calculate_angle_tilted.o(.text)
    calculate_pitch                          0x080007a9   Thumb Code   328  calculate_angle_tilted.o(.text)
    get_calibration_data                     0x08000909   Thumb Code   242  calibrate.o(.text)
    set_Accelerometer_MEM                    0x08000a11   Thumb Code    44  configure_accelerometer.o(.text)
    keypad_init                              0x08000a3d   Thumb Code   100  keypad.o(.text)
    set_col_read                             0x08000aa1   Thumb Code    44  keypad.o(.text)
    set_row_read                             0x08000acd   Thumb Code    44  keypad.o(.text)
    keypad_read                              0x08000af9   Thumb Code   278  keypad.o(.text)
    EXTI_NVIC_Config                         0x08000c2d   Thumb Code   118  mem_interrupt.o(.text)
    MEM_Interrupt_Config                     0x08000ca3   Thumb Code    46  mem_interrupt.o(.text)
    maFilter                                 0x08000cd5   Thumb Code   162  movingaveragefilter.o(.text)
    configTIM4                               0x08000d7d   Thumb Code    90  sevensegdisplay.o(.text)
    LED_GPIO_Config                          0x08000dd7   Thumb Code    54  sevensegdisplay.o(.text)
    initializeDisplay                        0x08000e0d   Thumb Code    12  sevensegdisplay.o(.text)
    SevenSegDisplay                          0x08000e19   Thumb Code  1502  sevensegdisplay.o(.text)
    Delay                                    0x080013f7   Thumb Code    12  sevensegdisplay.o(.text)
    DisplayTemperature                       0x08001403   Thumb Code   342  sevensegdisplay.o(.text)
    LED_clear                                0x08001559   Thumb Code   108  sevensegdisplay.o(.text)
    DisplayAngle                             0x080015c5   Thumb Code   734  sevensegdisplay.o(.text)
    TIM4_IRQHandler                          0x080018a3   Thumb Code    44  sevensegdisplay.o(.text)
    adcSetup                                 0x080018d9   Thumb Code    96  temperaturesensor.o(.text)
    gpioSetup                                0x08001939   Thumb Code    76  temperaturesensor.o(.text)
    setupTemperatureSensor                   0x08001985   Thumb Code    46  temperaturesensor.o(.text)
    digitalValueInCelsius                    0x080019b3   Thumb Code    34  temperaturesensor.o(.text)
    runTemperatureSensor                     0x080019d5   Thumb Code   138  temperaturesensor.o(.text)
    runTemperatureSensorMoving               0x08001a5f   Thumb Code   130  temperaturesensor.o(.text)
    Temperature_Tim_Interrupt                0x08001b1d   Thumb Code    92  temperature_thread.o(.text)
    temperature_detection_thread             0x08001b79   Thumb Code    56  temperature_thread.o(.text)
    TIM5_IRQHandler                          0x08001bb1   Thumb Code    32  temperature_thread.o(.text)
    initialize_buffers_for_filter            0x08001be1   Thumb Code    96  accelerometer_thread.o(.text)
    configTIM3                               0x08001c41   Thumb Code    90  accelerometer_thread.o(.text)
    accelerometer_thread                     0x08001c9b   Thumb Code   240  accelerometer_thread.o(.text)
    TIM3_IRQHandler                          0x08001d8b   Thumb Code    32  accelerometer_thread.o(.text)
    configTIM2                               0x08001dc1   Thumb Code    94  displayled.o(.text)
    DispFlag_thread                          0x08001e1f   Thumb Code   216  displayled.o(.text)
    TIM2_IRQHandler                          0x08001ef7   Thumb Code    44  displayled.o(.text)
    keypad_thread                            0x08001f23   Thumb Code   100  displayled.o(.text)
    CC2500_Strobe                            0x08001fdb   Thumb Code    54  cc2500.o(.text)
    CC2500_Write                             0x08002011   Thumb Code    62  cc2500.o(.text)
    CC2500_Init                              0x08002143   Thumb Code   556  cc2500.o(.text)
    CC2500_Read                              0x0800236f   Thumb Code    80  cc2500.o(.text)
    CC2500_TXData                            0x080023bf   Thumb Code    80  cc2500.o(.text)
    CC2500_RXData                            0x0800240f   Thumb Code   166  cc2500.o(.text)
    CC2500_TxPacket                          0x080024b5   Thumb Code    42  cc2500.o(.text)
    CC2500_RxPackets                         0x080024df   Thumb Code    34  cc2500.o(.text)
    CC2500_StatusReg                         0x08002501   Thumb Code    44  cc2500.o(.text)
    CC2500_ComputeRssi                       0x0800252d   Thumb Code    62  cc2500.o(.text)
    LIS3DSH_TIMEOUT_UserCallback             0x0800257d   Thumb Code     4  lis3dsh.o(.text)
    LIS3DSH_Write                            0x080025eb   Thumb Code    58  lis3dsh.o(.text)
    LIS3DSH_Init                             0x0800274b   Thumb Code    58  lis3dsh.o(.text)
    LIS3DSH_Read                             0x08002785   Thumb Code    66  lis3dsh.o(.text)
    LIS3DSH_DataReadyInterruptConfig         0x080027c7   Thumb Code    42  lis3dsh.o(.text)
    LIS3DSH_LowpowerCmd                      0x080027f1   Thumb Code    40  lis3dsh.o(.text)
    LIS3DSH_DataRateCmd                      0x08002819   Thumb Code    44  lis3dsh.o(.text)
    LIS3DSH_FullScaleCmd                     0x08002845   Thumb Code    44  lis3dsh.o(.text)
    LIS3DSH_ReadACC                          0x08002871   Thumb Code   576  lis3dsh.o(.text)
    os_idle_demon                            0x08002ac9   Thumb Code     4  rtx_conf_cm.o(.text)
    os_error                                 0x08002acd   Thumb Code    26  rtx_conf_cm.o(.text)
    NVIC_PriorityGroupConfig                 0x08002ae9   Thumb Code    10  misc.o(.text)
    NVIC_Init                                0x08002af3   Thumb Code   106  misc.o(.text)
    NVIC_SetVectorTable                      0x08002b5d   Thumb Code    14  misc.o(.text)
    NVIC_SystemLPConfig                      0x08002b6b   Thumb Code    34  misc.o(.text)
    SysTick_CLKSourceConfig                  0x08002b8d   Thumb Code    40  misc.o(.text)
    ADC_DeInit                               0x08002bc9   Thumb Code    22  stm32f4xx_adc.o(.text)
    ADC_Init                                 0x08002bdf   Thumb Code    74  stm32f4xx_adc.o(.text)
    ADC_StructInit                           0x08002c29   Thumb Code    20  stm32f4xx_adc.o(.text)
    ADC_CommonInit                           0x08002c3d   Thumb Code    34  stm32f4xx_adc.o(.text)
    ADC_CommonStructInit                     0x08002c5f   Thumb Code    12  stm32f4xx_adc.o(.text)
    ADC_Cmd                                  0x08002c6b   Thumb Code    22  stm32f4xx_adc.o(.text)
    ADC_AnalogWatchdogCmd                    0x08002c81   Thumb Code    16  stm32f4xx_adc.o(.text)
    ADC_AnalogWatchdogThresholdsConfig       0x08002c91   Thumb Code     6  stm32f4xx_adc.o(.text)
    ADC_AnalogWatchdogSingleChannelConfig    0x08002c97   Thumb Code    16  stm32f4xx_adc.o(.text)
    ADC_TempSensorVrefintCmd                 0x08002ca7   Thumb Code    34  stm32f4xx_adc.o(.text)
    ADC_VBATCmd                              0x08002cc9   Thumb Code    34  stm32f4xx_adc.o(.text)
    ADC_RegularChannelConfig                 0x08002ceb   Thumb Code   184  stm32f4xx_adc.o(.text)
    ADC_SoftwareStartConv                    0x08002da3   Thumb Code    10  stm32f4xx_adc.o(.text)
    ADC_GetSoftwareStartConvStatus           0x08002dad   Thumb Code    20  stm32f4xx_adc.o(.text)
    ADC_EOCOnEachRegularChannelCmd           0x08002dc1   Thumb Code    22  stm32f4xx_adc.o(.text)
    ADC_ContinuousModeCmd                    0x08002dd7   Thumb Code    22  stm32f4xx_adc.o(.text)
    ADC_DiscModeChannelCountConfig           0x08002ded   Thumb Code    24  stm32f4xx_adc.o(.text)
    ADC_DiscModeCmd                          0x08002e05   Thumb Code    22  stm32f4xx_adc.o(.text)
    ADC_GetConversionValue                   0x08002e1b   Thumb Code     8  stm32f4xx_adc.o(.text)
    ADC_GetMultiModeConversionValue          0x08002e23   Thumb Code     8  stm32f4xx_adc.o(.text)
    ADC_DMACmd                               0x08002e2b   Thumb Code    22  stm32f4xx_adc.o(.text)
    ADC_DMARequestAfterLastTransferCmd       0x08002e41   Thumb Code    22  stm32f4xx_adc.o(.text)
    ADC_MultiModeDMARequestAfterLastTransferCmd 0x08002e57   Thumb Code    34  stm32f4xx_adc.o(.text)
    ADC_InjectedChannelConfig                0x08002e79   Thumb Code   130  stm32f4xx_adc.o(.text)
    ADC_InjectedSequencerLengthConfig        0x08002efb   Thumb Code    24  stm32f4xx_adc.o(.text)
    ADC_SetInjectedOffset                    0x08002f13   Thumb Code    20  stm32f4xx_adc.o(.text)
    ADC_ExternalTrigInjectedConvConfig       0x08002f27   Thumb Code    16  stm32f4xx_adc.o(.text)
    ADC_ExternalTrigInjectedConvEdgeConfig   0x08002f37   Thumb Code    16  stm32f4xx_adc.o(.text)
    ADC_SoftwareStartInjectedConv            0x08002f47   Thumb Code    10  stm32f4xx_adc.o(.text)
    ADC_GetSoftwareStartInjectedConvCmdStatus 0x08002f51   Thumb Code    20  stm32f4xx_adc.o(.text)
    ADC_AutoInjectedConvCmd                  0x08002f65   Thumb Code    22  stm32f4xx_adc.o(.text)
    ADC_InjectedDiscModeCmd                  0x08002f7b   Thumb Code    22  stm32f4xx_adc.o(.text)
    ADC_GetInjectedConversionValue           0x08002f91   Thumb Code    28  stm32f4xx_adc.o(.text)
    ADC_ITConfig                             0x08002fad   Thumb Code    56  stm32f4xx_adc.o(.text)
    ADC_GetFlagStatus                        0x08002fe5   Thumb Code    18  stm32f4xx_adc.o(.text)
    ADC_ClearFlag                            0x08002ff7   Thumb Code     6  stm32f4xx_adc.o(.text)
    ADC_GetITStatus                          0x08002ffd   Thumb Code    38  stm32f4xx_adc.o(.text)
    ADC_ClearITPendingBit                    0x08003023   Thumb Code    10  stm32f4xx_adc.o(.text)
    EXTI_DeInit                              0x0800302d   Thumb Code    28  stm32f4xx_exti.o(.text)
    EXTI_Init                                0x08003049   Thumb Code   142  stm32f4xx_exti.o(.text)
    EXTI_StructInit                          0x080030d7   Thumb Code    16  stm32f4xx_exti.o(.text)
    EXTI_GenerateSWInterrupt                 0x080030e7   Thumb Code    16  stm32f4xx_exti.o(.text)
    EXTI_GetFlagStatus                       0x080030f7   Thumb Code    22  stm32f4xx_exti.o(.text)
    EXTI_ClearFlag                           0x0800310d   Thumb Code     8  stm32f4xx_exti.o(.text)
    EXTI_GetITStatus                         0x08003115   Thumb Code    22  stm32f4xx_exti.o(.text)
    EXTI_ClearITPendingBit                   0x0800312b   Thumb Code     8  stm32f4xx_exti.o(.text)
    GPIO_DeInit                              0x0800313d   Thumb Code   268  stm32f4xx_gpio.o(.text)
    GPIO_Init                                0x08003249   Thumb Code   144  stm32f4xx_gpio.o(.text)
    GPIO_StructInit                          0x080032d9   Thumb Code    18  stm32f4xx_gpio.o(.text)
    GPIO_PinLockConfig                       0x080032eb   Thumb Code    34  stm32f4xx_gpio.o(.text)
    GPIO_ReadInputDataBit                    0x0800330d   Thumb Code    18  stm32f4xx_gpio.o(.text)
    GPIO_ReadInputData                       0x0800331f   Thumb Code     8  stm32f4xx_gpio.o(.text)
    GPIO_ReadOutputDataBit                   0x08003327   Thumb Code    18  stm32f4xx_gpio.o(.text)
    GPIO_ReadOutputData                      0x08003339   Thumb Code     8  stm32f4xx_gpio.o(.text)
    GPIO_SetBits                             0x08003341   Thumb Code     4  stm32f4xx_gpio.o(.text)
    GPIO_ResetBits                           0x08003345   Thumb Code     4  stm32f4xx_gpio.o(.text)
    GPIO_WriteBit                            0x08003349   Thumb Code    10  stm32f4xx_gpio.o(.text)
    GPIO_Write                               0x08003353   Thumb Code     4  stm32f4xx_gpio.o(.text)
    GPIO_ToggleBits                          0x08003357   Thumb Code     8  stm32f4xx_gpio.o(.text)
    GPIO_PinAFConfig                         0x0800335f   Thumb Code    70  stm32f4xx_gpio.o(.text)
    RCC_DeInit                               0x080033d1   Thumb Code    82  stm32f4xx_rcc.o(.text)
    RCC_HSEConfig                            0x08003423   Thumb Code    14  stm32f4xx_rcc.o(.text)
    RCC_GetFlagStatus                        0x08003431   Thumb Code    60  stm32f4xx_rcc.o(.text)
    RCC_WaitForHSEStartUp                    0x0800346d   Thumb Code    56  stm32f4xx_rcc.o(.text)
    RCC_AdjustHSICalibrationValue            0x080034a5   Thumb Code    20  stm32f4xx_rcc.o(.text)
    RCC_HSICmd                               0x080034b9   Thumb Code     6  stm32f4xx_rcc.o(.text)
    RCC_LSEConfig                            0x080034bf   Thumb Code    46  stm32f4xx_rcc.o(.text)
    RCC_LSICmd                               0x080034ed   Thumb Code     6  stm32f4xx_rcc.o(.text)
    RCC_PLLConfig                            0x080034f3   Thumb Code    32  stm32f4xx_rcc.o(.text)
    RCC_PLLCmd                               0x08003513   Thumb Code     6  stm32f4xx_rcc.o(.text)
    RCC_PLLI2SConfig                         0x08003519   Thumb Code    14  stm32f4xx_rcc.o(.text)
    RCC_PLLI2SCmd                            0x08003527   Thumb Code     6  stm32f4xx_rcc.o(.text)
    RCC_PLLSAIConfig                         0x0800352d   Thumb Code    20  stm32f4xx_rcc.o(.text)
    RCC_PLLSAICmd                            0x08003541   Thumb Code     6  stm32f4xx_rcc.o(.text)
    RCC_ClockSecuritySystemCmd               0x08003547   Thumb Code     6  stm32f4xx_rcc.o(.text)
    RCC_MCO1Config                           0x0800354d   Thumb Code    28  stm32f4xx_rcc.o(.text)
    RCC_MCO2Config                           0x08003569   Thumb Code    28  stm32f4xx_rcc.o(.text)
    RCC_SYSCLKConfig                         0x08003585   Thumb Code    20  stm32f4xx_rcc.o(.text)
    RCC_GetSYSCLKSource                      0x08003599   Thumb Code    12  stm32f4xx_rcc.o(.text)
    RCC_HCLKConfig                           0x080035a5   Thumb Code    20  stm32f4xx_rcc.o(.text)
    RCC_PCLK1Config                          0x080035b9   Thumb Code    20  stm32f4xx_rcc.o(.text)
    RCC_PCLK2Config                          0x080035cd   Thumb Code    22  stm32f4xx_rcc.o(.text)
    RCC_GetClocksFreq                        0x080035e3   Thumb Code   222  stm32f4xx_rcc.o(.text)
    RCC_RTCCLKConfig                         0x080036c1   Thumb Code    54  stm32f4xx_rcc.o(.text)
    RCC_RTCCLKCmd                            0x080036f7   Thumb Code     8  stm32f4xx_rcc.o(.text)
    RCC_BackupResetCmd                       0x080036ff   Thumb Code     8  stm32f4xx_rcc.o(.text)
    RCC_I2SCLKConfig                         0x08003707   Thumb Code     6  stm32f4xx_rcc.o(.text)
    RCC_SAIPLLI2SClkDivConfig                0x0800370d   Thumb Code    26  stm32f4xx_rcc.o(.text)
    RCC_SAIPLLSAIClkDivConfig                0x08003727   Thumb Code    28  stm32f4xx_rcc.o(.text)
    RCC_SAIBlockACLKConfig                   0x08003743   Thumb Code    20  stm32f4xx_rcc.o(.text)
    RCC_SAIBlockBCLKConfig                   0x08003757   Thumb Code    20  stm32f4xx_rcc.o(.text)
    RCC_LTDCCLKDivConfig                     0x0800376b   Thumb Code    20  stm32f4xx_rcc.o(.text)
    RCC_TIMCLKPresConfig                     0x0800377f   Thumb Code     6  stm32f4xx_rcc.o(.text)
    RCC_AHB1PeriphClockCmd                   0x08003785   Thumb Code    34  stm32f4xx_rcc.o(.text)
    RCC_AHB2PeriphClockCmd                   0x080037a7   Thumb Code    78  stm32f4xx_rcc.o(.text)
    RCC_AHB3PeriphClockCmd                   0x080037f5   Thumb Code    34  stm32f4xx_rcc.o(.text)
    RCC_APB1PeriphClockCmd                   0x08003817   Thumb Code    34  stm32f4xx_rcc.o(.text)
    RCC_APB2PeriphClockCmd                   0x08003839   Thumb Code    34  stm32f4xx_rcc.o(.text)
    RCC_AHB1PeriphResetCmd                   0x0800385b   Thumb Code    34  stm32f4xx_rcc.o(.text)
    RCC_AHB2PeriphResetCmd                   0x0800387d   Thumb Code    34  stm32f4xx_rcc.o(.text)
    RCC_AHB3PeriphResetCmd                   0x0800389f   Thumb Code    34  stm32f4xx_rcc.o(.text)
    RCC_APB1PeriphResetCmd                   0x080038c1   Thumb Code    34  stm32f4xx_rcc.o(.text)
    RCC_APB2PeriphResetCmd                   0x080038e3   Thumb Code    34  stm32f4xx_rcc.o(.text)
    RCC_AHB1PeriphClockLPModeCmd             0x08003905   Thumb Code    34  stm32f4xx_rcc.o(.text)
    RCC_AHB2PeriphClockLPModeCmd             0x08003927   Thumb Code    34  stm32f4xx_rcc.o(.text)
    RCC_AHB3PeriphClockLPModeCmd             0x08003949   Thumb Code    34  stm32f4xx_rcc.o(.text)
    RCC_APB1PeriphClockLPModeCmd             0x0800396b   Thumb Code    34  stm32f4xx_rcc.o(.text)
    RCC_APB2PeriphClockLPModeCmd             0x0800398d   Thumb Code    34  stm32f4xx_rcc.o(.text)
    RCC_ITConfig                             0x080039af   Thumb Code    34  stm32f4xx_rcc.o(.text)
    RCC_ClearFlag                            0x080039d1   Thumb Code    18  stm32f4xx_rcc.o(.text)
    RCC_GetITStatus                          0x080039e3   Thumb Code    22  stm32f4xx_rcc.o(.text)
    RCC_ClearITPendingBit                    0x080039f9   Thumb Code     8  stm32f4xx_rcc.o(.text)
    SPI_I2S_DeInit                           0x08003a05   Thumb Code   152  stm32f4xx_spi.o(.text)
    SPI_Init                                 0x08003a9d   Thumb Code    60  stm32f4xx_spi.o(.text)
    I2S_Init                                 0x08003ad9   Thumb Code   350  stm32f4xx_spi.o(.text)
    SPI_StructInit                           0x08003c37   Thumb Code    24  stm32f4xx_spi.o(.text)
    I2S_StructInit                           0x08003c4f   Thumb Code    20  stm32f4xx_spi.o(.text)
    SPI_Cmd                                  0x08003c63   Thumb Code    24  stm32f4xx_spi.o(.text)
    I2S_Cmd                                  0x08003c7b   Thumb Code    24  stm32f4xx_spi.o(.text)
    SPI_DataSizeConfig                       0x08003c93   Thumb Code    18  stm32f4xx_spi.o(.text)
    SPI_BiDirectionalLineConfig              0x08003ca5   Thumb Code    28  stm32f4xx_spi.o(.text)
    SPI_NSSInternalSoftwareConfig            0x08003cc1   Thumb Code    30  stm32f4xx_spi.o(.text)
    SPI_SSOutputCmd                          0x08003cdf   Thumb Code    24  stm32f4xx_spi.o(.text)
    SPI_TIModeCmd                            0x08003cf7   Thumb Code    24  stm32f4xx_spi.o(.text)
    I2S_FullDuplexConfig                     0x08003d0f   Thumb Code    80  stm32f4xx_spi.o(.text)
    SPI_I2S_ReceiveData                      0x08003d5f   Thumb Code     6  stm32f4xx_spi.o(.text)
    SPI_I2S_SendData                         0x08003d65   Thumb Code     4  stm32f4xx_spi.o(.text)
    SPI_CalculateCRC                         0x08003d69   Thumb Code    24  stm32f4xx_spi.o(.text)
    SPI_TransmitCRC                          0x08003d81   Thumb Code    10  stm32f4xx_spi.o(.text)
    SPI_GetCRC                               0x08003d8b   Thumb Code    16  stm32f4xx_spi.o(.text)
    SPI_GetCRCPolynomial                     0x08003d9b   Thumb Code     6  stm32f4xx_spi.o(.text)
    SPI_I2S_DMACmd                           0x08003da1   Thumb Code    18  stm32f4xx_spi.o(.text)
    SPI_I2S_ITConfig                         0x08003db3   Thumb Code    32  stm32f4xx_spi.o(.text)
    SPI_I2S_GetFlagStatus                    0x08003dd3   Thumb Code    50  stm32f4xx_spi.o(.text)
    SPI_I2S_ClearFlag                        0x08003e05   Thumb Code     6  stm32f4xx_spi.o(.text)
    SPI_I2S_GetITStatus                      0x08003e0b   Thumb Code    52  stm32f4xx_spi.o(.text)
    SPI_I2S_ClearITPendingBit                0x08003e3f   Thumb Code    20  stm32f4xx_spi.o(.text)
    SYSCFG_DeInit                            0x08003e55   Thumb Code    22  stm32f4xx_syscfg.o(.text)
    SYSCFG_MemoryRemapConfig                 0x08003e6b   Thumb Code     6  stm32f4xx_syscfg.o(.text)
    SYSCFG_MemorySwappingBank                0x08003e71   Thumb Code     6  stm32f4xx_syscfg.o(.text)
    SYSCFG_EXTILineConfig                    0x08003e77   Thumb Code    66  stm32f4xx_syscfg.o(.text)
    SYSCFG_ETH_MediaInterfaceConfig          0x08003eb9   Thumb Code     8  stm32f4xx_syscfg.o(.text)
    SYSCFG_CompensationCellCmd               0x08003ec1   Thumb Code     6  stm32f4xx_syscfg.o(.text)
    SYSCFG_GetCompensationCellStatus         0x08003ec7   Thumb Code    22  stm32f4xx_syscfg.o(.text)
    TIM_DeInit                               0x08003ee9   Thumb Code   346  stm32f4xx_tim.o(.text)
    TIM_TimeBaseInit                         0x08004043   Thumb Code   104  stm32f4xx_tim.o(.text)
    TIM_TimeBaseStructInit                   0x080040ab   Thumb Code    18  stm32f4xx_tim.o(.text)
    TIM_PrescalerConfig                      0x080040bd   Thumb Code     6  stm32f4xx_tim.o(.text)
    TIM_CounterModeConfig                    0x080040c3   Thumb Code    18  stm32f4xx_tim.o(.text)
    TIM_SetCounter                           0x080040d5   Thumb Code     4  stm32f4xx_tim.o(.text)
    TIM_SetAutoreload                        0x080040d9   Thumb Code     4  stm32f4xx_tim.o(.text)
    TIM_GetCounter                           0x080040dd   Thumb Code     6  stm32f4xx_tim.o(.text)
    TIM_GetPrescaler                         0x080040e3   Thumb Code     6  stm32f4xx_tim.o(.text)
    TIM_UpdateDisableConfig                  0x080040e9   Thumb Code    24  stm32f4xx_tim.o(.text)
    TIM_UpdateRequestConfig                  0x08004101   Thumb Code    24  stm32f4xx_tim.o(.text)
    TIM_ARRPreloadConfig                     0x08004119   Thumb Code    24  stm32f4xx_tim.o(.text)
    TIM_SelectOnePulseMode                   0x08004131   Thumb Code    18  stm32f4xx_tim.o(.text)
    TIM_SetClockDivision                     0x08004143   Thumb Code    18  stm32f4xx_tim.o(.text)
    TIM_Cmd                                  0x08004155   Thumb Code    24  stm32f4xx_tim.o(.text)
    TIM_OC1Init                              0x0800416d   Thumb Code   114  stm32f4xx_tim.o(.text)
    TIM_OC2Init                              0x080041df   Thumb Code   154  stm32f4xx_tim.o(.text)
    TIM_OC3Init                              0x08004279   Thumb Code   204  stm32f4xx_tim.o(.text)
    TIM_OC4Init                              0x08004345   Thumb Code   112  stm32f4xx_tim.o(.text)
    TIM_OCStructInit                         0x080043b5   Thumb Code    20  stm32f4xx_tim.o(.text)
    TIM_SelectOCxM                           0x080043c9   Thumb Code    86  stm32f4xx_tim.o(.text)
    TIM_SetCompare1                          0x0800441f   Thumb Code     4  stm32f4xx_tim.o(.text)
    TIM_SetCompare2                          0x08004423   Thumb Code     4  stm32f4xx_tim.o(.text)
    TIM_SetCompare3                          0x08004427   Thumb Code     4  stm32f4xx_tim.o(.text)
    TIM_SetCompare4                          0x0800442b   Thumb Code     4  stm32f4xx_tim.o(.text)
    TIM_ForcedOC1Config                      0x0800442f   Thumb Code    18  stm32f4xx_tim.o(.text)
    TIM_ForcedOC2Config                      0x08004441   Thumb Code    26  stm32f4xx_tim.o(.text)
    TIM_ForcedOC3Config                      0x0800445b   Thumb Code    18  stm32f4xx_tim.o(.text)
    TIM_ForcedOC4Config                      0x0800446d   Thumb Code    26  stm32f4xx_tim.o(.text)
    TIM_OC1PreloadConfig                     0x08004487   Thumb Code    18  stm32f4xx_tim.o(.text)
    TIM_OC2PreloadConfig                     0x08004499   Thumb Code    26  stm32f4xx_tim.o(.text)
    TIM_OC3PreloadConfig                     0x080044b3   Thumb Code    18  stm32f4xx_tim.o(.text)
    TIM_OC4PreloadConfig                     0x080044c5   Thumb Code    26  stm32f4xx_tim.o(.text)
    TIM_OC1FastConfig                        0x080044df   Thumb Code    18  stm32f4xx_tim.o(.text)
    TIM_OC2FastConfig                        0x080044f1   Thumb Code    26  stm32f4xx_tim.o(.text)
    TIM_OC3FastConfig                        0x0800450b   Thumb Code    18  stm32f4xx_tim.o(.text)
    TIM_OC4FastConfig                        0x0800451d   Thumb Code    26  stm32f4xx_tim.o(.text)
    TIM_ClearOC1Ref                          0x08004537   Thumb Code    18  stm32f4xx_tim.o(.text)
    TIM_ClearOC2Ref                          0x08004549   Thumb Code    24  stm32f4xx_tim.o(.text)
    TIM_ClearOC3Ref                          0x08004561   Thumb Code    18  stm32f4xx_tim.o(.text)
    TIM_ClearOC4Ref                          0x08004573   Thumb Code    24  stm32f4xx_tim.o(.text)
    TIM_OC1PolarityConfig                    0x0800458b   Thumb Code    18  stm32f4xx_tim.o(.text)
    TIM_OC1NPolarityConfig                   0x0800459d   Thumb Code    18  stm32f4xx_tim.o(.text)
    TIM_OC2PolarityConfig                    0x080045af   Thumb Code    26  stm32f4xx_tim.o(.text)
    TIM_OC2NPolarityConfig                   0x080045c9   Thumb Code    26  stm32f4xx_tim.o(.text)
    TIM_OC3PolarityConfig                    0x080045e3   Thumb Code    26  stm32f4xx_tim.o(.text)
    TIM_OC3NPolarityConfig                   0x080045fd   Thumb Code    26  stm32f4xx_tim.o(.text)
    TIM_OC4PolarityConfig                    0x08004617   Thumb Code    26  stm32f4xx_tim.o(.text)
    TIM_CCxCmd                               0x08004631   Thumb Code    30  stm32f4xx_tim.o(.text)
    TIM_CCxNCmd                              0x0800464f   Thumb Code    30  stm32f4xx_tim.o(.text)
    TIM_SetIC4Prescaler                      0x0800466d   Thumb Code    26  stm32f4xx_tim.o(.text)
    TIM_SetIC3Prescaler                      0x080046d7   Thumb Code    18  stm32f4xx_tim.o(.text)
    TIM_SetIC2Prescaler                      0x08004731   Thumb Code    26  stm32f4xx_tim.o(.text)
    TIM_SetIC1Prescaler                      0x080047a5   Thumb Code    18  stm32f4xx_tim.o(.text)
    TIM_ICInit                               0x080047f1   Thumb Code   110  stm32f4xx_tim.o(.text)
    TIM_ICStructInit                         0x0800485f   Thumb Code    18  stm32f4xx_tim.o(.text)
    TIM_PWMIConfig                           0x08004871   Thumb Code   124  stm32f4xx_tim.o(.text)
    TIM_GetCapture1                          0x080048ed   Thumb Code     6  stm32f4xx_tim.o(.text)
    TIM_GetCapture2                          0x080048f3   Thumb Code     6  stm32f4xx_tim.o(.text)
    TIM_GetCapture3                          0x080048f9   Thumb Code     6  stm32f4xx_tim.o(.text)
    TIM_GetCapture4                          0x080048ff   Thumb Code     6  stm32f4xx_tim.o(.text)
    TIM_BDTRConfig                           0x08004905   Thumb Code    32  stm32f4xx_tim.o(.text)
    TIM_BDTRStructInit                       0x08004925   Thumb Code    18  stm32f4xx_tim.o(.text)
    TIM_CtrlPWMOutputs                       0x08004937   Thumb Code    30  stm32f4xx_tim.o(.text)
    TIM_SelectCOM                            0x08004955   Thumb Code    24  stm32f4xx_tim.o(.text)
    TIM_CCPreloadControl                     0x0800496d   Thumb Code    24  stm32f4xx_tim.o(.text)
    TIM_ITConfig                             0x08004985   Thumb Code    18  stm32f4xx_tim.o(.text)
    TIM_GenerateEvent                        0x08004997   Thumb Code     4  stm32f4xx_tim.o(.text)
    TIM_GetFlagStatus                        0x0800499b   Thumb Code    18  stm32f4xx_tim.o(.text)
    TIM_ClearFlag                            0x080049ad   Thumb Code     6  stm32f4xx_tim.o(.text)
    TIM_GetITStatus                          0x080049b3   Thumb Code    34  stm32f4xx_tim.o(.text)
    TIM_ClearITPendingBit                    0x080049d5   Thumb Code     6  stm32f4xx_tim.o(.text)
    TIM_DMAConfig                            0x080049db   Thumb Code    10  stm32f4xx_tim.o(.text)
    TIM_DMACmd                               0x080049e5   Thumb Code    18  stm32f4xx_tim.o(.text)
    TIM_SelectCCDMA                          0x080049f7   Thumb Code    24  stm32f4xx_tim.o(.text)
    TIM_InternalClockConfig                  0x08004a0f   Thumb Code    12  stm32f4xx_tim.o(.text)
    TIM_SelectInputTrigger                   0x08004a1b   Thumb Code    18  stm32f4xx_tim.o(.text)
    TIM_ITRxExternalClockConfig              0x08004a2d   Thumb Code    24  stm32f4xx_tim.o(.text)
    TIM_TIxExternalClockConfig               0x08004a45   Thumb Code    62  stm32f4xx_tim.o(.text)
    TIM_ETRConfig                            0x08004a83   Thumb Code    28  stm32f4xx_tim.o(.text)
    TIM_ETRClockMode1Config                  0x08004a9f   Thumb Code    54  stm32f4xx_tim.o(.text)
    TIM_ETRClockMode2Config                  0x08004ad5   Thumb Code    32  stm32f4xx_tim.o(.text)
    TIM_SelectOutputTrigger                  0x08004af5   Thumb Code    18  stm32f4xx_tim.o(.text)
    TIM_SelectSlaveMode                      0x08004b07   Thumb Code    18  stm32f4xx_tim.o(.text)
    TIM_SelectMasterSlaveMode                0x08004b19   Thumb Code    18  stm32f4xx_tim.o(.text)
    TIM_EncoderInterfaceConfig               0x08004b2b   Thumb Code    66  stm32f4xx_tim.o(.text)
    TIM_SelectHallSensor                     0x08004b6d   Thumb Code    24  stm32f4xx_tim.o(.text)
    TIM_RemapConfig                          0x08004b85   Thumb Code     6  stm32f4xx_tim.o(.text)
    Reset_Handler                            0x08004b8d   Thumb Code     8  startup_stm32f40_41xxx.o(.text)
    NMI_Handler                              0x08004b95   Thumb Code     2  startup_stm32f40_41xxx.o(.text)
    HardFault_Handler                        0x08004b97   Thumb Code     2  startup_stm32f40_41xxx.o(.text)
    MemManage_Handler                        0x08004b99   Thumb Code     2  startup_stm32f40_41xxx.o(.text)
    BusFault_Handler                         0x08004b9b   Thumb Code     2  startup_stm32f40_41xxx.o(.text)
    UsageFault_Handler                       0x08004b9d   Thumb Code     2  startup_stm32f40_41xxx.o(.text)
    DebugMon_Handler                         0x08004ba1   Thumb Code     2  startup_stm32f40_41xxx.o(.text)
    ADC_IRQHandler                           0x08004ba7   Thumb Code     0  startup_stm32f40_41xxx.o(.text)
    CAN1_RX0_IRQHandler                      0x08004ba7   Thumb Code     0  startup_stm32f40_41xxx.o(.text)
    CAN1_RX1_IRQHandler                      0x08004ba7   Thumb Code     0  startup_stm32f40_41xxx.o(.text)
    CAN1_SCE_IRQHandler                      0x08004ba7   Thumb Code     0  startup_stm32f40_41xxx.o(.text)
    CAN1_TX_IRQHandler                       0x08004ba7   Thumb Code     0  startup_stm32f40_41xxx.o(.text)
    CAN2_RX0_IRQHandler                      0x08004ba7   Thumb Code     0  startup_stm32f40_41xxx.o(.text)
    CAN2_RX1_IRQHandler                      0x08004ba7   Thumb Code     0  startup_stm32f40_41xxx.o(.text)
    CAN2_SCE_IRQHandler                      0x08004ba7   Thumb Code     0  startup_stm32f40_41xxx.o(.text)
    CAN2_TX_IRQHandler                       0x08004ba7   Thumb Code     0  startup_stm32f40_41xxx.o(.text)
    CRYP_IRQHandler                          0x08004ba7   Thumb Code     0  startup_stm32f40_41xxx.o(.text)
    DCMI_IRQHandler                          0x08004ba7   Thumb Code     0  startup_stm32f40_41xxx.o(.text)
    DMA1_Stream0_IRQHandler                  0x08004ba7   Thumb Code     0  startup_stm32f40_41xxx.o(.text)
    DMA1_Stream1_IRQHandler                  0x08004ba7   Thumb Code     0  startup_stm32f40_41xxx.o(.text)
    DMA1_Stream2_IRQHandler                  0x08004ba7   Thumb Code     0  startup_stm32f40_41xxx.o(.text)
    DMA1_Stream3_IRQHandler                  0x08004ba7   Thumb Code     0  startup_stm32f40_41xxx.o(.text)
    DMA1_Stream4_IRQHandler                  0x08004ba7   Thumb Code     0  startup_stm32f40_41xxx.o(.text)
    DMA1_Stream5_IRQHandler                  0x08004ba7   Thumb Code     0  startup_stm32f40_41xxx.o(.text)
    DMA1_Stream6_IRQHandler                  0x08004ba7   Thumb Code     0  startup_stm32f40_41xxx.o(.text)
    DMA1_Stream7_IRQHandler                  0x08004ba7   Thumb Code     0  startup_stm32f40_41xxx.o(.text)
    DMA2_Stream0_IRQHandler                  0x08004ba7   Thumb Code     0  startup_stm32f40_41xxx.o(.text)
    DMA2_Stream1_IRQHandler                  0x08004ba7   Thumb Code     0  startup_stm32f40_41xxx.o(.text)
    DMA2_Stream2_IRQHandler                  0x08004ba7   Thumb Code     0  startup_stm32f40_41xxx.o(.text)
    DMA2_Stream3_IRQHandler                  0x08004ba7   Thumb Code     0  startup_stm32f40_41xxx.o(.text)
    DMA2_Stream4_IRQHandler                  0x08004ba7   Thumb Code     0  startup_stm32f40_41xxx.o(.text)
    DMA2_Stream5_IRQHandler                  0x08004ba7   Thumb Code     0  startup_stm32f40_41xxx.o(.text)
    DMA2_Stream6_IRQHandler                  0x08004ba7   Thumb Code     0  startup_stm32f40_41xxx.o(.text)
    DMA2_Stream7_IRQHandler                  0x08004ba7   Thumb Code     0  startup_stm32f40_41xxx.o(.text)
    ETH_IRQHandler                           0x08004ba7   Thumb Code     0  startup_stm32f40_41xxx.o(.text)
    ETH_WKUP_IRQHandler                      0x08004ba7   Thumb Code     0  startup_stm32f40_41xxx.o(.text)
    EXTI15_10_IRQHandler                     0x08004ba7   Thumb Code     0  startup_stm32f40_41xxx.o(.text)
    EXTI1_IRQHandler                         0x08004ba7   Thumb Code     0  startup_stm32f40_41xxx.o(.text)
    EXTI2_IRQHandler                         0x08004ba7   Thumb Code     0  startup_stm32f40_41xxx.o(.text)
    EXTI3_IRQHandler                         0x08004ba7   Thumb Code     0  startup_stm32f40_41xxx.o(.text)
    EXTI4_IRQHandler                         0x08004ba7   Thumb Code     0  startup_stm32f40_41xxx.o(.text)
    EXTI9_5_IRQHandler                       0x08004ba7   Thumb Code     0  startup_stm32f40_41xxx.o(.text)
    FLASH_IRQHandler                         0x08004ba7   Thumb Code     0  startup_stm32f40_41xxx.o(.text)
    FPU_IRQHandler                           0x08004ba7   Thumb Code     0  startup_stm32f40_41xxx.o(.text)
    FSMC_IRQHandler                          0x08004ba7   Thumb Code     0  startup_stm32f40_41xxx.o(.text)
    HASH_RNG_IRQHandler                      0x08004ba7   Thumb Code     0  startup_stm32f40_41xxx.o(.text)
    I2C1_ER_IRQHandler                       0x08004ba7   Thumb Code     0  startup_stm32f40_41xxx.o(.text)
    I2C1_EV_IRQHandler                       0x08004ba7   Thumb Code     0  startup_stm32f40_41xxx.o(.text)
    I2C2_ER_IRQHandler                       0x08004ba7   Thumb Code     0  startup_stm32f40_41xxx.o(.text)
    I2C2_EV_IRQHandler                       0x08004ba7   Thumb Code     0  startup_stm32f40_41xxx.o(.text)
    I2C3_ER_IRQHandler                       0x08004ba7   Thumb Code     0  startup_stm32f40_41xxx.o(.text)
    I2C3_EV_IRQHandler                       0x08004ba7   Thumb Code     0  startup_stm32f40_41xxx.o(.text)
    OTG_FS_IRQHandler                        0x08004ba7   Thumb Code     0  startup_stm32f40_41xxx.o(.text)
    OTG_FS_WKUP_IRQHandler                   0x08004ba7   Thumb Code     0  startup_stm32f40_41xxx.o(.text)
    OTG_HS_EP1_IN_IRQHandler                 0x08004ba7   Thumb Code     0  startup_stm32f40_41xxx.o(.text)
    OTG_HS_EP1_OUT_IRQHandler                0x08004ba7   Thumb Code     0  startup_stm32f40_41xxx.o(.text)
    OTG_HS_IRQHandler                        0x08004ba7   Thumb Code     0  startup_stm32f40_41xxx.o(.text)
    OTG_HS_WKUP_IRQHandler                   0x08004ba7   Thumb Code     0  startup_stm32f40_41xxx.o(.text)
    PVD_IRQHandler                           0x08004ba7   Thumb Code     0  startup_stm32f40_41xxx.o(.text)
    RCC_IRQHandler                           0x08004ba7   Thumb Code     0  startup_stm32f40_41xxx.o(.text)
    RTC_Alarm_IRQHandler                     0x08004ba7   Thumb Code     0  startup_stm32f40_41xxx.o(.text)
    RTC_WKUP_IRQHandler                      0x08004ba7   Thumb Code     0  startup_stm32f40_41xxx.o(.text)
    SDIO_IRQHandler                          0x08004ba7   Thumb Code     0  startup_stm32f40_41xxx.o(.text)
    SPI1_IRQHandler                          0x08004ba7   Thumb Code     0  startup_stm32f40_41xxx.o(.text)
    SPI2_IRQHandler                          0x08004ba7   Thumb Code     0  startup_stm32f40_41xxx.o(.text)
    SPI3_IRQHandler                          0x08004ba7   Thumb Code     0  startup_stm32f40_41xxx.o(.text)
    TAMP_STAMP_IRQHandler                    0x08004ba7   Thumb Code     0  startup_stm32f40_41xxx.o(.text)
    TIM1_BRK_TIM9_IRQHandler                 0x08004ba7   Thumb Code     0  startup_stm32f40_41xxx.o(.text)
    TIM1_CC_IRQHandler                       0x08004ba7   Thumb Code     0  startup_stm32f40_41xxx.o(.text)
    TIM1_TRG_COM_TIM11_IRQHandler            0x08004ba7   Thumb Code     0  startup_stm32f40_41xxx.o(.text)
    TIM1_UP_TIM10_IRQHandler                 0x08004ba7   Thumb Code     0  startup_stm32f40_41xxx.o(.text)
    TIM6_DAC_IRQHandler                      0x08004ba7   Thumb Code     0  startup_stm32f40_41xxx.o(.text)
    TIM7_IRQHandler                          0x08004ba7   Thumb Code     0  startup_stm32f40_41xxx.o(.text)
    TIM8_BRK_TIM12_IRQHandler                0x08004ba7   Thumb Code     0  startup_stm32f40_41xxx.o(.text)
    TIM8_CC_IRQHandler                       0x08004ba7   Thumb Code     0  startup_stm32f40_41xxx.o(.text)
    TIM8_TRG_COM_TIM14_IRQHandler            0x08004ba7   Thumb Code     0  startup_stm32f40_41xxx.o(.text)
    TIM8_UP_TIM13_IRQHandler                 0x08004ba7   Thumb Code     0  startup_stm32f40_41xxx.o(.text)
    UART4_IRQHandler                         0x08004ba7   Thumb Code     0  startup_stm32f40_41xxx.o(.text)
    UART5_IRQHandler                         0x08004ba7   Thumb Code     0  startup_stm32f40_41xxx.o(.text)
    USART1_IRQHandler                        0x08004ba7   Thumb Code     0  startup_stm32f40_41xxx.o(.text)
    USART2_IRQHandler                        0x08004ba7   Thumb Code     0  startup_stm32f40_41xxx.o(.text)
    USART3_IRQHandler                        0x08004ba7   Thumb Code     0  startup_stm32f40_41xxx.o(.text)
    USART6_IRQHandler                        0x08004ba7   Thumb Code     0  startup_stm32f40_41xxx.o(.text)
    WWDG_IRQHandler                          0x08004ba7   Thumb Code     0  startup_stm32f40_41xxx.o(.text)
    SystemInit                               0x08004c8d   Thumb Code    88  system_stm32f4xx.o(.text)
    SystemCoreClockUpdate                    0x08004ce5   Thumb Code   174  system_stm32f4xx.o(.text)
    __aeabi_uldivmod                         0x08004dc1   Thumb Code    98  uldiv.o(.text)
    __aeabi_memcpy                           0x08004e23   Thumb Code    36  memcpya.o(.text)
    __aeabi_memcpy4                          0x08004e23   Thumb Code     0  memcpya.o(.text)
    __aeabi_memcpy8                          0x08004e23   Thumb Code     0  memcpya.o(.text)
    __aeabi_dadd                             0x08004e47   Thumb Code   322  dadd.o(.text)
    __aeabi_dsub                             0x08004f89   Thumb Code     6  dadd.o(.text)
    __aeabi_drsub                            0x08004f8f   Thumb Code     6  dadd.o(.text)
    __aeabi_dmul                             0x08004f95   Thumb Code   228  dmul.o(.text)
    __aeabi_ddiv                             0x08005079   Thumb Code   222  ddiv.o(.text)
    __aeabi_f2d                              0x08005157   Thumb Code    38  f2d.o(.text)
    __aeabi_d2f                              0x0800517d   Thumb Code    56  d2f.o(.text)
    __aeabi_uidiv                            0x080051b5   Thumb Code     0  uidiv.o(.text)
    __aeabi_uidivmod                         0x080051b5   Thumb Code    44  uidiv.o(.text)
    __aeabi_llsl                             0x080051e1   Thumb Code    30  llshl.o(.text)
    _ll_shift_l                              0x080051e1   Thumb Code     0  llshl.o(.text)
    __aeabi_llsr                             0x080051ff   Thumb Code    32  llushr.o(.text)
    _ll_ushift_r                             0x080051ff   Thumb Code     0  llushr.o(.text)
    __aeabi_lasr                             0x0800521f   Thumb Code    36  llsshr.o(.text)
    _ll_sshift_r                             0x0800521f   Thumb Code     0  llsshr.o(.text)
    __I$use$fp                               0x08005243   Thumb Code     0  iusefp.o(.text)
    _float_round                             0x08005243   Thumb Code    18  fepilogue.o(.text)
    _float_epilogue                          0x08005255   Thumb Code    92  fepilogue.o(.text)
    _double_round                            0x080052b1   Thumb Code    30  depilogue.o(.text)
    _double_epilogue                         0x080052cf   Thumb Code   156  depilogue.o(.text)
    __ARM_scalbn                             0x0800536b   Thumb Code    46  dscalb.o(.text)
    scalbn                                   0x0800536b   Thumb Code     0  dscalb.o(.text)
    _dsqrt                                   0x08005399   Thumb Code   162  dsqrt.o(.text)
    __aeabi_i2d                              0x0800543b   Thumb Code    34  dflti.o(.text)
    __aeabi_d2ulz                            0x0800545d   Thumb Code    48  dfixul.o(.text)
    __aeabi_cdrcmple                         0x0800548d   Thumb Code    48  cdrcmple.o(.text)
    __scatterload                            0x080054bd   Thumb Code    28  init.o(.text)
    __scatterload_rt2                        0x080054bd   Thumb Code     0  init.o(.text)
    __aeabi_ui2d                             0x080054e1   Thumb Code    26  dfltui.o(.text)
    __aeabi_d2iz                             0x080054fb   Thumb Code    62  dfixi.o(.text)
    __decompress                             0x08005539   Thumb Code     0  __dczerorl2.o(.text)
    __decompress1                            0x08005539   Thumb Code    86  __dczerorl2.o(.text)
    SVC_Count                                0x08005590   Data           4  svc_table.o(SVC_TABLE)
    SVC_Table                                0x08005594   Data           0  svc_table.o(SVC_TABLE)
    __0printf                                0x08005595   Thumb Code    22  printfa.o(i.__0printf)
    __1printf                                0x08005595   Thumb Code     0  printfa.o(i.__0printf)
    __2printf                                0x08005595   Thumb Code     0  printfa.o(i.__0printf)
    __c89printf                              0x08005595   Thumb Code     0  printfa.o(i.__0printf)
    printf                                   0x08005595   Thumb Code     0  printfa.o(i.__0printf)
    __ARM_fpclassify                         0x080055b5   Thumb Code    48  fpclassify.o(i.__ARM_fpclassify)
    __hardfp_atan                            0x080055e9   Thumb Code   622  atan.o(i.__hardfp_atan)
    __hardfp_fabs                            0x080058c1   Thumb Code    20  fabs.o(i.__hardfp_fabs)
    __hardfp_pow                             0x080058d9   Thumb Code  3044  pow.o(i.__hardfp_pow)
    __hardfp_sin                             0x08006511   Thumb Code   180  sin.o(i.__hardfp_sin)
    __hardfp_sqrt                            0x080065d9   Thumb Code   122  sqrt.o(i.__hardfp_sqrt)
    __ieee754_rem_pio2                       0x08006659   Thumb Code   938  rred.o(i.__ieee754_rem_pio2)
    __kernel_cos                             0x08006a91   Thumb Code   322  cos_i.o(i.__kernel_cos)
    __kernel_poly                            0x08006c01   Thumb Code   248  poly.o(i.__kernel_poly)
    __kernel_sin                             0x08006cf9   Thumb Code   280  sin_i.o(i.__kernel_sin)
    __mathlib_dbl_divzero                    0x08006e29   Thumb Code    28  dunder.o(i.__mathlib_dbl_divzero)
    __mathlib_dbl_infnan                     0x08006e59   Thumb Code    20  dunder.o(i.__mathlib_dbl_infnan)
    __mathlib_dbl_infnan2                    0x08006e6d   Thumb Code    20  dunder.o(i.__mathlib_dbl_infnan2)
    __mathlib_dbl_invalid                    0x08006e81   Thumb Code    24  dunder.o(i.__mathlib_dbl_invalid)
    __mathlib_dbl_overflow                   0x08006ea1   Thumb Code    24  dunder.o(i.__mathlib_dbl_overflow)
    __mathlib_dbl_underflow                  0x08006ec1   Thumb Code    24  dunder.o(i.__mathlib_dbl_underflow)
    __scatterload_copy                       0x08006ee1   Thumb Code    14  handlers.o(i.__scatterload_copy)
    __scatterload_null                       0x08006eef   Thumb Code     2  handlers.o(i.__scatterload_null)
    __scatterload_zeroinit                   0x08006ef1   Thumb Code    14  handlers.o(i.__scatterload_zeroinit)
    __set_errno                              0x08006f01   Thumb Code     6  errno.o(i.__set_errno)
    _init_box                                0x08007071   Thumb Code    70  rt_membox.o(i._init_box)
    dbg_init                                 0x080077e9   Thumb Code    34  hal_cm.o(i.dbg_init)
    dbg_task_notify                          0x08007819   Thumb Code    32  hal_cm.o(i.dbg_task_notify)
    dbg_task_switch                          0x08007839   Thumb Code    16  hal_cm.o(i.dbg_task_switch)
    fabs                                     0x08007849   Thumb Code    24  fabs.o(i.fabs)
    isrMessageGet                            0x08007861   Thumb Code    42  rt_cmsis.o(i.isrMessageGet)
    isrMessagePut                            0x0800788b   Thumb Code    44  rt_cmsis.o(i.isrMessagePut)
    isrSemaphoreRelease                      0x080078b7   Thumb Code    40  rt_cmsis.o(i.isrSemaphoreRelease)
    isrSignalSet                             0x080078df   Thumb Code    36  rt_cmsis.o(i.isrSignalSet)
    isr_evt_set                              0x08007905   Thumb Code    34  rt_event.o(i.isr_evt_set)
    isr_mbx_receive                          0x0800792d   Thumb Code    82  rt_mailbox.o(i.isr_mbx_receive)
    isr_mbx_send                             0x0800797f   Thumb Code    14  rt_mailbox.o(i.isr_mbx_send)
    isr_sem_send                             0x0800798d   Thumb Code    16  rt_semaphore.o(i.isr_sem_send)
    osDelay                                  0x0800799d   Thumb Code    18  rt_cmsis.o(i.osDelay)
    osKernelInitialize                       0x080079b5   Thumb Code    30  rt_cmsis.o(i.osKernelInitialize)
    osKernelStart                            0x080079d9   Thumb Code    98  rt_cmsis.o(i.osKernelStart)
    osMessageGet                             0x08007a45   Thumb Code    18  rt_cmsis.o(i.osMessageGet)
    osSemaphoreRelease                       0x08007a5d   Thumb Code    18  rt_cmsis.o(i.osSemaphoreRelease)
    osSemaphoreWait                          0x08007a75   Thumb Code    20  rt_cmsis.o(i.osSemaphoreWait)
    osSignalClear                            0x08007a8d   Thumb Code    20  rt_cmsis.o(i.osSignalClear)
    osSignalSet                              0x08007aa5   Thumb Code    18  rt_cmsis.o(i.osSignalSet)
    osSignalWait                             0x08007abd   Thumb Code    18  rt_cmsis.o(i.osSignalWait)
    osThreadCreate                           0x08007ad5   Thumb Code    38  rt_cmsis.o(i.osThreadCreate)
    osThreadExit                             0x08007b05   Thumb Code    14  rt_cmsis.o(i.osThreadExit)
    osThreadGetId                            0x08007b1d   Thumb Code    18  rt_cmsis.o(i.osThreadGetId)
    osTimerCall                              0x08007b35   Thumb Code     8  rt_cmsis.o(i.osTimerCall)
    osTimerThread                            0x08007b41   Thumb Code    38  rt_cmsis.o(i.osTimerThread)
    os_tick_init                             0x08007b6d   Thumb Code    32  rt_system.o(i.os_tick_init)
    os_tick_irqack                           0x08007b95   Thumb Code     2  rt_system.o(i.os_tick_irqack)
    rt_alloc_box                             0x08007b97   Thumb Code    26  rt_membox.o(i.rt_alloc_box)
    rt_alloc_mem                             0x08007bb1   Thumb Code    62  rt_memory.o(i.rt_alloc_mem)
    rt_block                                 0x08007bf1   Thumb Code    48  rt_task.o(i.rt_block)
    rt_chk_robin                             0x08007c29   Thumb Code    60  rt_robin.o(i.rt_chk_robin)
    rt_dec_dly                               0x08007c71   Thumb Code   102  rt_list.o(i.rt_dec_dly)
    rt_dispatch                              0x08007ce1   Thumb Code    60  rt_task.o(i.rt_dispatch)
    rt_dly_wait                              0x08007d25   Thumb Code     6  rt_time.o(i.rt_dly_wait)
    rt_evt_clr                               0x08007d2d   Thumb Code    22  rt_event.o(i.rt_evt_clr)
    rt_evt_psh                               0x08007d49   Thumb Code    76  rt_event.o(i.rt_evt_psh)
    rt_evt_set                               0x08007d99   Thumb Code    88  rt_event.o(i.rt_evt_set)
    rt_evt_wait                              0x08007df5   Thumb Code    56  rt_event.o(i.rt_evt_wait)
    rt_free_box                              0x08007e31   Thumb Code    44  rt_membox.o(i.rt_free_box)
    rt_free_mem                              0x08007e5d   Thumb Code    40  rt_memory.o(i.rt_free_mem)
    rt_get_first                             0x08007e85   Thumb Code    40  rt_list.o(i.rt_get_first)
    rt_init_mem                              0x08007efd   Thumb Code    26  rt_memory.o(i.rt_init_mem)
    rt_init_robin                            0x08007f19   Thumb Code    14  rt_robin.o(i.rt_init_robin)
    rt_init_stack                            0x08007f31   Thumb Code   118  hal_cm.o(i.rt_init_stack)
    rt_mbx_check                             0x08007fb1   Thumb Code     8  rt_mailbox.o(i.rt_mbx_check)
    rt_mbx_init                              0x08007fb9   Thumb Code    26  rt_mailbox.o(i.rt_mbx_init)
    rt_mbx_psh                               0x08007fd5   Thumb Code   236  rt_mailbox.o(i.rt_mbx_psh)
    rt_mbx_wait                              0x080080c5   Thumb Code   174  rt_mailbox.o(i.rt_mbx_wait)
    rt_pop_req                               0x080081bd   Thumb Code   112  rt_system.o(i.rt_pop_req)
    rt_psh_req                               0x08008239   Thumb Code    22  rt_system.o(i.rt_psh_req)
    rt_psq_enq                               0x08008259   Thumb Code    88  rt_list.o(i.rt_psq_enq)
    rt_put_dly                               0x080082b5   Thumb Code    68  rt_list.o(i.rt_put_dly)
    rt_put_prio                              0x080082fd   Thumb Code    54  rt_list.o(i.rt_put_prio)
    rt_put_rdy_first                         0x08008335   Thumb Code    14  rt_list.o(i.rt_put_rdy_first)
    rt_resort_prio                           0x08008349   Thumb Code    46  rt_list.o(i.rt_resort_prio)
    rt_ret_val                               0x0800838d   Thumb Code    12  hal_cm.o(i.rt_ret_val)
    rt_ret_val2                              0x08008399   Thumb Code    16  hal_cm.o(i.rt_ret_val2)
    rt_rmv_dly                               0x080083a9   Thumb Code    40  rt_list.o(i.rt_rmv_dly)
    rt_rmv_list                              0x080083d1   Thumb Code    44  rt_list.o(i.rt_rmv_list)
    rt_sem_psh                               0x08008401   Thumb Code    48  rt_semaphore.o(i.rt_sem_psh)
    rt_sem_send                              0x08008435   Thumb Code    42  rt_semaphore.o(i.rt_sem_send)
    rt_sem_wait                              0x08008461   Thumb Code    58  rt_semaphore.o(i.rt_sem_wait)
    rt_stk_check                             0x080084a1   Thumb Code    28  rt_system.o(i.rt_stk_check)
    rt_switch_req                            0x080084c5   Thumb Code    30  rt_task.o(i.rt_switch_req)
    rt_sys_init                              0x080084ed   Thumb Code   138  rt_task.o(i.rt_sys_init)
    rt_sys_start                             0x080085b9   Thumb Code   110  rt_task.o(i.rt_sys_start)
    rt_systick                               0x08008631   Thumb Code    50  rt_system.o(i.rt_systick)
    rt_tsk_create                            0x080086b9   Thumb Code   120  rt_task.o(i.rt_tsk_create)
    rt_tsk_delete                            0x08008741   Thumb Code   346  rt_task.o(i.rt_tsk_delete)
    rt_tsk_prio                              0x080088b9   Thumb Code   108  rt_task.o(i.rt_tsk_prio)
    rt_tsk_self                              0x08008935   Thumb Code    12  rt_task.o(i.rt_tsk_self)
    sqrt                                     0x08008945   Thumb Code   110  sqrt.o(i.sqrt)
    svcDelay                                 0x080089b3   Thumb Code    18  rt_cmsis.o(i.svcDelay)
    svcKernelInitialize                      0x080089c5   Thumb Code    80  rt_cmsis.o(i.svcKernelInitialize)
    svcKernelStart                           0x08008a35   Thumb Code    62  rt_cmsis.o(i.svcKernelStart)
    svcMessageCreate                         0x08008a7d   Thumb Code    36  rt_cmsis.o(i.svcMessageCreate)
    svcMessageGet                            0x08008aa1   Thumb Code    58  rt_cmsis.o(i.svcMessageGet)
    svcSemaphoreRelease                      0x08008adb   Thumb Code    40  rt_cmsis.o(i.svcSemaphoreRelease)
    svcSemaphoreWait                         0x08008b03   Thumb Code    50  rt_cmsis.o(i.svcSemaphoreWait)
    svcSignalClear                           0x08008b35   Thumb Code    36  rt_cmsis.o(i.svcSignalClear)
    svcSignalSet                             0x08008b59   Thumb Code    36  rt_cmsis.o(i.svcSignalSet)
    svcSignalWait                            0x08008b7d   Thumb Code    80  rt_cmsis.o(i.svcSignalWait)
    svcThreadCreate                          0x08008bd1   Thumb Code   100  rt_cmsis.o(i.svcThreadCreate)
    svcThreadGetId                           0x08008c41   Thumb Code    22  rt_cmsis.o(i.svcThreadGetId)
    svcThreadTerminate                       0x08008c5d   Thumb Code    50  rt_cmsis.o(i.svcThreadTerminate)
    svcTimerCall                             0x08008c95   Thumb Code    24  rt_cmsis.o(i.svcTimerCall)
    sysTimerTick                             0x08008cad   Thumb Code    84  rt_cmsis.o(i.sysTimerTick)
    os_thread_def_TxPacket                   0x08008d08   Data          16  main.o(.constdata)
    os_maxtaskrun                            0x08008d18   Data           2  rtx_conf_cm.o(.constdata)
    os_stackinfo                             0x08008d1c   Data           4  rtx_conf_cm.o(.constdata)
    os_rrobin                                0x08008d20   Data           4  rtx_conf_cm.o(.constdata)
    os_tickfreq                              0x08008d24   Data           4  rtx_conf_cm.o(.constdata)
    os_tickus_i                              0x08008d28   Data           2  rtx_conf_cm.o(.constdata)
    os_tickus_f                              0x08008d2a   Data           2  rtx_conf_cm.o(.constdata)
    os_trv                                   0x08008d2c   Data           4  rtx_conf_cm.o(.constdata)
    os_flags                                 0x08008d30   Data           1  rtx_conf_cm.o(.constdata)
    CMSIS_RTOS_API_Version                   0x08008d34   Data           4  rtx_conf_cm.o(.constdata)
    CMSIS_RTOS_RTX_Version                   0x08008d38   Data           4  rtx_conf_cm.o(.constdata)
    os_clockrate                             0x08008d3c   Data           4  rtx_conf_cm.o(.constdata)
    os_timernum                              0x08008d40   Data           4  rtx_conf_cm.o(.constdata)
    mp_tcb_size                              0x08008d44   Data           2  rtx_conf_cm.o(.constdata)
    mp_stk_size                              0x08008d48   Data           4  rtx_conf_cm.o(.constdata)
    os_stack_sz                              0x08008d4c   Data           4  rtx_conf_cm.o(.constdata)
    os_fifo_size                             0x08008d50   Data           1  rtx_conf_cm.o(.constdata)
    os_thread_def_osTimerThread              0x08008d54   Data          16  rtx_conf_cm.o(.constdata)
    os_messageQ_def_osTimerMessageQ          0x08008d64   Data           8  rtx_conf_cm.o(.constdata)
    mp_tmr_size                              0x08008d6c   Data           2  rtx_conf_cm.o(.constdata)
    __mathlib_zero                           0x08008ec0   Data           8  qnan.o(.constdata)
    Region$$Table$$Base                      0x08008fb8   Number         0  anon$$obj.o(Region$$Table)
    Region$$Table$$Limit                     0x08008fd8   Number         0  anon$$obj.o(Region$$Table)
    abc                                      0x20000000   Data          25  main.o(.data)
    test                                     0x20000019   Data          10  main.o(.data)
    test2                                    0x20000023   Data          10  main.o(.data)
    var                                      0x2000002d   Data           1  main.o(.data)
    angles                                   0x20000030   Data           8  main.o(.data)
    buf                                      0x20000038   Data           2  main.o(.data)
    Rx_thread                                0x2000003c   Data           4  main.o(.data)
    Tx_thread                                0x20000040   Data           4  main.o(.data)
    select                                   0x20000088   Data           1  keypad.o(.data)
    readrow                                  0x20000089   Data           1  keypad.o(.data)
    readcol                                  0x2000008a   Data           1  keypad.o(.data)
    previousValueRow                         0x2000008c   Data           4  keypad.o(.data)
    previousValueCol                         0x20000090   Data           4  keypad.o(.data)
    LED_interrupt                            0x20000094   Data           4  sevensegdisplay.o(.data)
    GPIO_InitStruct                          0x20000098   Data           8  temperaturesensor.o(.data)
    temp                                     0x200000a4   Data           4  temperature_thread.o(.data)
    Interrupt_Timer_Temperature_read         0x200000a8   Data           4  temperature_thread.o(.data)
    temperatureGetId                         0x200000ac   Data           4  temperature_thread.o(.data)
    threshold                                0x200000b0   Data           4  temperature_thread.o(.data)
    roll                                     0x200000e4   Data           4  accelerometer_thread.o(.data)
    pitch                                    0x200000e8   Data           4  accelerometer_thread.o(.data)
    accelerometer_interrupt                  0x200000ec   Data           4  accelerometer_thread.o(.data)
    tiltGetId                                0x200000f0   Data           4  accelerometer_thread.o(.data)
    disp_interrupt                           0x20000124   Data           4  displayled.o(.data)
    displayState                             0x20000128   Data           4  displayled.o(.data)
    displayRollPitch                         0x2000012c   Data           4  displayled.o(.data)
    thresh                                   0x20000130   Data           4  displayled.o(.data)
    LIS3DSHTimeout                           0x20000134   Data           4  lis3dsh.o(.data)
    osThreadId_osTimerThread                 0x20000138   Data           4  rtx_conf_cm.o(.data)
    osMessageQId_osTimerMessageQ             0x2000013c   Data           4  rtx_conf_cm.o(.data)
    os_tmr                                   0x20000140   Data           4  rtx_conf_cm.o(.data)
    m_tmr                                    0x20000144   Data           4  rtx_conf_cm.o(.data)
    os_thread_def_main                       0x20000148   Data          16  rtx_conf_cm.o(.data)
    SystemCoreClock                          0x20000168   Data           4  system_stm32f4xx.o(.data)
    AHBPrescTable                            0x2000016c   Data          16  system_stm32f4xx.o(.data)
    os_initialized                           0x2000017c   Data           1  rt_cmsis.o(.data)
    os_running                               0x2000017d   Data           1  rt_cmsis.o(.data)
    os_timer_head                            0x20000180   Data           4  rt_cmsis.o(.data)
    os_tsk                                   0x20000184   Data           8  rt_task.o(.data)
    os_tick_irqn                             0x20000190   Data           4  rt_system.o(.data)
    os_time                                  0x20000194   Data           4  rt_time.o(.data)
    dbg_msg                                  0x20000198   Data           1  hal_cm.o(.data)
    os_robin                                 0x2000019c   Data           8  rt_robin.o(.data)
    __stdout                                 0x200001a4   Data           4  stdout.o(.data)
    ma                                       0x200001ac   Data          88  temperaturesensor.o(.bss)
    ADC_InitStruct                           0x20000204   Data          24  temperaturesensor.o(.bss)
    ADC_CommonInitStruct                     0x2000021c   Data          16  temperaturesensor.o(.bss)
    mp_tcb                                   0x20000230   Data         376  rtx_conf_cm.o(.bss)
    mp_stk                                   0x200003a8   Data        7216  rtx_conf_cm.o(.bss)
    os_stack_mem                             0x20001fd8   Data        1432  rtx_conf_cm.o(.bss)
    os_fifo                                  0x20002570   Data         132  rtx_conf_cm.o(.bss)
    os_active_TCB                            0x200025f4   Data          28  rtx_conf_cm.o(.bss)
    os_messageQ_q_osTimerMessageQ            0x20002610   Data          32  rtx_conf_cm.o(.bss)
    os_idle_TCB                              0x20002630   Data          52  rt_task.o(.bss)
    os_rdy                                   0x20002664   Data          24  rt_list.o(.bss)
    os_dly                                   0x2000267c   Data          24  rt_list.o(.bss)
    __initial_sp                             0x20002a98   Data           0  startup_stm32f40_41xxx.o(STACK)



==============================================================================

Memory Map of the image

  Image Entry point : 0x08000189

  Load Region LR_IROM1 (Base: 0x08000000, Size: 0x00009184, Max: 0x00100000, ABSOLUTE, COMPRESSED[0x00009050])

    Execution Region ER_IROM1 (Base: 0x08000000, Size: 0x00008fd8, Max: 0x00100000, ABSOLUTE)

    Base Addr    Size         Type   Attr      Idx    E Section Name        Object

    0x08000000   0x00000188   Data   RO         1363    RESET               startup_stm32f40_41xxx.o
    0x08000188   0x00000000   Code   RO         2675  * .ARM.Collect$$$$00000000  mc_w.l(entry.o)
    0x08000188   0x00000004   Code   RO         2988    .ARM.Collect$$$$00000001  mc_w.l(entry2.o)
    0x0800018c   0x00000004   Code   RO         2991    .ARM.Collect$$$$00000004  mc_w.l(entry5.o)
    0x08000190   0x00000000   Code   RO         2993    .ARM.Collect$$$$00000008  mc_w.l(entry7b.o)
    0x08000190   0x00000000   Code   RO         2995    .ARM.Collect$$$$0000000A  mc_w.l(entry8b.o)
    0x08000190   0x00000000   Code   RO         2996    .ARM.Collect$$$$0000000D  mc_w.l(entry10a.o)
    0x08000190   0x00000000   Code   RO         2998    .ARM.Collect$$$$0000000F  mc_w.l(entry11a.o)
    0x08000190   0x00000018   Code   RO          586    .ARM.Collect$$$$000000FF  rtx_conf_cm.o
    0x080001a8   0x00000004   Code   RO         2989    .ARM.Collect$$$$00002712  mc_w.l(entry2.o)
    0x080001ac   0x00000198   Code   RO         2604    .emb_text           RTX_CM4.lib(hal_cm4.o)
    0x08000344   0x000002f4   Code   RO            4    .text               main.o
    0x08000638   0x00000038   Code   RO          169    .text               fputc_debug.o
    0x08000670   0x00000298   Code   RO          198    .text               calculate_angle_tilted.o
    0x08000908   0x00000108   Code   RO          213    .text               calibrate.o
    0x08000a10   0x0000002c   Code   RO          231    .text               configure_accelerometer.o
    0x08000a3c   0x000001f0   Code   RO          265    .text               keypad.o
    0x08000c2c   0x000000a8   Code   RO          296    .text               mem_interrupt.o
    0x08000cd4   0x000000a8   Code   RO          317    .text               movingaveragefilter.o
    0x08000d7c   0x00000b5c   Code   RO          335    .text               sevensegdisplay.o
    0x080018d8   0x00000244   Code   RO          368    .text               temperaturesensor.o
    0x08001b1c   0x000000c4   Code   RO          402    .text               temperature_thread.o
    0x08001be0   0x000001e0   Code   RO          443    .text               accelerometer_thread.o
    0x08001dc0   0x000001e8   Code   RO          473    .text               displayled.o
    0x08001fa8   0x000005d4   Code   RO          501    .text               cc2500.o
    0x0800257c   0x0000054c   Code   RO          532    .text               lis3dsh.o
    0x08002ac8   0x0000001e   Code   RO          587    .text               rtx_conf_cm.o
    0x08002ae6   0x00000002   PAD
    0x08002ae8   0x000000e0   Code   RO          618    .text               misc.o
    0x08002bc8   0x00000464   Code   RO          642    .text               stm32f4xx_adc.o
    0x0800302c   0x00000110   Code   RO          906    .text               stm32f4xx_exti.o
    0x0800313c   0x00000294   Code   RO          978    .text               stm32f4xx_gpio.o
    0x080033d0   0x00000634   Code   RO         1146    .text               stm32f4xx_rcc.o
    0x08003a04   0x0000044e   Code   RO         1244    .text               stm32f4xx_spi.o
    0x08003e52   0x00000002   PAD
    0x08003e54   0x00000094   Code   RO         1268    .text               stm32f4xx_syscfg.o
    0x08003ee8   0x00000ca2   Code   RO         1292    .text               stm32f4xx_tim.o
    0x08004b8a   0x00000002   PAD
    0x08004b8c   0x00000024   Code   RO         1364    .text               startup_stm32f40_41xxx.o
    0x08004bb0   0x00000210   Code   RO         1371    .text               system_stm32f4xx.o
    0x08004dc0   0x00000062   Code   RO         2678    .text               mc_w.l(uldiv.o)
    0x08004e22   0x00000024   Code   RO         2680    .text               mc_w.l(memcpya.o)
    0x08004e46   0x0000014e   Code   RO         2945    .text               mf_w.l(dadd.o)
    0x08004f94   0x000000e4   Code   RO         2947    .text               mf_w.l(dmul.o)
    0x08005078   0x000000de   Code   RO         2949    .text               mf_w.l(ddiv.o)
    0x08005156   0x00000026   Code   RO         2951    .text               mf_w.l(f2d.o)
    0x0800517c   0x00000038   Code   RO         2953    .text               mf_w.l(d2f.o)
    0x080051b4   0x0000002c   Code   RO         3001    .text               mc_w.l(uidiv.o)
    0x080051e0   0x0000001e   Code   RO         3003    .text               mc_w.l(llshl.o)
    0x080051fe   0x00000020   Code   RO         3005    .text               mc_w.l(llushr.o)
    0x0800521e   0x00000024   Code   RO         3007    .text               mc_w.l(llsshr.o)
    0x08005242   0x00000000   Code   RO         3016    .text               mc_w.l(iusefp.o)
    0x08005242   0x0000006e   Code   RO         3017    .text               mf_w.l(fepilogue.o)
    0x080052b0   0x000000ba   Code   RO         3019    .text               mf_w.l(depilogue.o)
    0x0800536a   0x0000002e   Code   RO         3023    .text               mf_w.l(dscalb.o)
    0x08005398   0x000000a2   Code   RO         3025    .text               mf_w.l(dsqrt.o)
    0x0800543a   0x00000022   Code   RO         3027    .text               mf_w.l(dflti.o)
    0x0800545c   0x00000030   Code   RO         3029    .text               mf_w.l(dfixul.o)
    0x0800548c   0x00000030   Code   RO         3033    .text               mf_w.l(cdrcmple.o)
    0x080054bc   0x00000024   Code   RO         3035    .text               mc_w.l(init.o)
    0x080054e0   0x0000001a   Code   RO         3037    .text               mf_w.l(dfltui.o)
    0x080054fa   0x0000003e   Code   RO         3039    .text               mf_w.l(dfixi.o)
    0x08005538   0x00000056   Code   RO         3049    .text               mc_w.l(__dczerorl2.o)
    0x0800558e   0x00000002   PAD
    0x08005590   0x00000004   Code   RO         2614    SVC_TABLE           RTX_CM4.lib(svc_table.o)
    0x08005594   0x00000020   Code   RO         2917    i.__0printf         mc_w.l(printfa.o)
    0x080055b4   0x00000030   Code   RO         2972    i.__ARM_fpclassify  m_wm.l(fpclassify.o)
    0x080055e4   0x00000004   PAD
    0x080055e8   0x000002d8   Code   RO         2617    i.__hardfp_atan     m_wm.l(atan.o)
    0x080058c0   0x00000014   Code   RO         2631    i.__hardfp_fabs     m_wm.l(fabs.o)
    0x080058d4   0x00000004   PAD
    0x080058d8   0x00000c38   Code   RO         2637    i.__hardfp_pow      m_wm.l(pow.o)
    0x08006510   0x000000c8   Code   RO         2651    i.__hardfp_sin      m_wm.l(sin.o)
    0x080065d8   0x0000007a   Code   RO         2663    i.__hardfp_sqrt     m_wm.l(sqrt.o)
    0x08006652   0x00000006   PAD
    0x08006658   0x00000438   Code   RO         2977    i.__ieee754_rem_pio2  m_wm.l(rred.o)
    0x08006a90   0x00000170   Code   RO         2955    i.__kernel_cos      m_wm.l(cos_i.o)
    0x08006c00   0x000000f8   Code   RO         2974    i.__kernel_poly     m_wm.l(poly.o)
    0x08006cf8   0x00000130   Code   RO         2982    i.__kernel_sin      m_wm.l(sin_i.o)
    0x08006e28   0x00000030   Code   RO         2958    i.__mathlib_dbl_divzero  m_wm.l(dunder.o)
    0x08006e58   0x00000014   Code   RO         2959    i.__mathlib_dbl_infnan  m_wm.l(dunder.o)
    0x08006e6c   0x00000014   Code   RO         2960    i.__mathlib_dbl_infnan2  m_wm.l(dunder.o)
    0x08006e80   0x00000020   Code   RO         2961    i.__mathlib_dbl_invalid  m_wm.l(dunder.o)
    0x08006ea0   0x00000020   Code   RO         2962    i.__mathlib_dbl_overflow  m_wm.l(dunder.o)
    0x08006ec0   0x00000020   Code   RO         2964    i.__mathlib_dbl_underflow  m_wm.l(dunder.o)
    0x08006ee0   0x0000000e   Code   RO         3043    i.__scatterload_copy  mc_w.l(handlers.o)
    0x08006eee   0x00000002   Code   RO         3044    i.__scatterload_null  mc_w.l(handlers.o)
    0x08006ef0   0x0000000e   Code   RO         3045    i.__scatterload_zeroinit  mc_w.l(handlers.o)
    0x08006efe   0x00000002   PAD
    0x08006f00   0x0000000c   Code   RO         3011    i.__set_errno       mc_w.l(errno.o)
    0x08006f0c   0x00000164   Code   RO         2924    i._fp_digits        mc_w.l(printfa.o)
    0x08007070   0x00000046   Code   RO         2477    i._init_box         RTX_CM4.lib(rt_membox.o)
    0x080070b6   0x00000002   PAD
    0x080070b8   0x000006dc   Code   RO         2925    i._printf_core      mc_w.l(printfa.o)
    0x08007794   0x00000024   Code   RO         2926    i._printf_post_padding  mc_w.l(printfa.o)
    0x080077b8   0x0000002e   Code   RO         2927    i._printf_pre_padding  mc_w.l(printfa.o)
    0x080077e6   0x00000002   PAD
    0x080077e8   0x00000030   Code   RO         2530    i.dbg_init          RTX_CM4.lib(hal_cm.o)
    0x08007818   0x00000020   Code   RO         2531    i.dbg_task_notify   RTX_CM4.lib(hal_cm.o)
    0x08007838   0x00000010   Code   RO         2532    i.dbg_task_switch   RTX_CM4.lib(hal_cm.o)
    0x08007848   0x00000018   Code   RO         2633    i.fabs              m_wm.l(fabs.o)
    0x08007860   0x0000002a   Code   RO         1401    i.isrMessageGet     RTX_CM4.lib(rt_cmsis.o)
    0x0800788a   0x0000002c   Code   RO         1402    i.isrMessagePut     RTX_CM4.lib(rt_cmsis.o)
    0x080078b6   0x00000028   Code   RO         1403    i.isrSemaphoreRelease  RTX_CM4.lib(rt_cmsis.o)
    0x080078de   0x00000024   Code   RO         1404    i.isrSignalSet      RTX_CM4.lib(rt_cmsis.o)
    0x08007902   0x00000002   PAD
    0x08007904   0x00000028   Code   RO         2201    i.isr_evt_set       RTX_CM4.lib(rt_event.o)
    0x0800792c   0x00000052   Code   RO         2323    i.isr_mbx_receive   RTX_CM4.lib(rt_mailbox.o)
    0x0800797e   0x0000000e   Code   RO         2324    i.isr_mbx_send      RTX_CM4.lib(rt_mailbox.o)
    0x0800798c   0x00000010   Code   RO         2371    i.isr_sem_send      RTX_CM4.lib(rt_semaphore.o)
    0x0800799c   0x00000018   Code   RO         1405    i.osDelay           RTX_CM4.lib(rt_cmsis.o)
    0x080079b4   0x00000024   Code   RO         1406    i.osKernelInitialize  RTX_CM4.lib(rt_cmsis.o)
    0x080079d8   0x0000006c   Code   RO         1408    i.osKernelStart     RTX_CM4.lib(rt_cmsis.o)
    0x08007a44   0x00000018   Code   RO         1417    i.osMessageGet      RTX_CM4.lib(rt_cmsis.o)
    0x08007a5c   0x00000018   Code   RO         1429    i.osSemaphoreRelease  RTX_CM4.lib(rt_cmsis.o)
    0x08007a74   0x00000018   Code   RO         1430    i.osSemaphoreWait   RTX_CM4.lib(rt_cmsis.o)
    0x08007a8c   0x00000018   Code   RO         1431    i.osSignalClear     RTX_CM4.lib(rt_cmsis.o)
    0x08007aa4   0x00000018   Code   RO         1432    i.osSignalSet       RTX_CM4.lib(rt_cmsis.o)
    0x08007abc   0x00000018   Code   RO         1433    i.osSignalWait      RTX_CM4.lib(rt_cmsis.o)
    0x08007ad4   0x00000030   Code   RO         1434    i.osThreadCreate    RTX_CM4.lib(rt_cmsis.o)
    0x08007b04   0x00000018   Code   RO         1435    i.osThreadExit      RTX_CM4.lib(rt_cmsis.o)
    0x08007b1c   0x00000018   Code   RO         1436    i.osThreadGetId     RTX_CM4.lib(rt_cmsis.o)
    0x08007b34   0x0000000c   Code   RO         1441    i.osTimerCall       RTX_CM4.lib(rt_cmsis.o)
    0x08007b40   0x0000002c   Code   RO         1446    i.osTimerThread     RTX_CM4.lib(rt_cmsis.o)
    0x08007b6c   0x00000028   Code   RO         2111    i.os_tick_init      RTX_CM4.lib(rt_system.o)
    0x08007b94   0x00000002   Code   RO         2112    i.os_tick_irqack    RTX_CM4.lib(rt_system.o)
    0x08007b96   0x0000001a   Code   RO         2478    i.rt_alloc_box      RTX_CM4.lib(rt_membox.o)
    0x08007bb0   0x0000003e   Code   RO         2506    i.rt_alloc_mem      RTX_CM4.lib(rt_memory.o)
    0x08007bee   0x00000002   PAD
    0x08007bf0   0x00000038   Code   RO         2026    i.rt_block          RTX_CM4.lib(rt_task.o)
    0x08007c28   0x00000048   Code   RO         2583    i.rt_chk_robin      RTX_CM4.lib(rt_robin.o)
    0x08007c70   0x00000070   Code   RO         2247    i.rt_dec_dly        RTX_CM4.lib(rt_list.o)
    0x08007ce0   0x00000044   Code   RO         2027    i.rt_dispatch       RTX_CM4.lib(rt_task.o)
    0x08007d24   0x00000006   Code   RO         2413    i.rt_dly_wait       RTX_CM4.lib(rt_time.o)
    0x08007d2a   0x00000002   PAD
    0x08007d2c   0x0000001c   Code   RO         2202    i.rt_evt_clr        RTX_CM4.lib(rt_event.o)
    0x08007d48   0x00000050   Code   RO         2204    i.rt_evt_psh        RTX_CM4.lib(rt_event.o)
    0x08007d98   0x0000005c   Code   RO         2205    i.rt_evt_set        RTX_CM4.lib(rt_event.o)
    0x08007df4   0x0000003c   Code   RO         2206    i.rt_evt_wait       RTX_CM4.lib(rt_event.o)
    0x08007e30   0x0000002c   Code   RO         2479    i.rt_free_box       RTX_CM4.lib(rt_membox.o)
    0x08007e5c   0x00000028   Code   RO         2507    i.rt_free_mem       RTX_CM4.lib(rt_memory.o)
    0x08007e84   0x00000028   Code   RO         2248    i.rt_get_first      RTX_CM4.lib(rt_list.o)
    0x08007eac   0x00000008   Code   RO         1451    i.rt_id2obj         RTX_CM4.lib(rt_cmsis.o)
    0x08007eb4   0x00000048   Code   RO         2028    i.rt_init_context   RTX_CM4.lib(rt_task.o)
    0x08007efc   0x0000001a   Code   RO         2508    i.rt_init_mem       RTX_CM4.lib(rt_memory.o)
    0x08007f16   0x00000002   PAD
    0x08007f18   0x00000018   Code   RO         2584    i.rt_init_robin     RTX_CM4.lib(rt_robin.o)
    0x08007f30   0x00000080   Code   RO         2533    i.rt_init_stack     RTX_CM4.lib(hal_cm.o)
    0x08007fb0   0x00000008   Code   RO         2325    i.rt_mbx_check      RTX_CM4.lib(rt_mailbox.o)
    0x08007fb8   0x0000001a   Code   RO         2326    i.rt_mbx_init       RTX_CM4.lib(rt_mailbox.o)
    0x08007fd2   0x00000002   PAD
    0x08007fd4   0x000000f0   Code   RO         2327    i.rt_mbx_psh        RTX_CM4.lib(rt_mailbox.o)
    0x080080c4   0x000000b4   Code   RO         2329    i.rt_mbx_wait       RTX_CM4.lib(rt_mailbox.o)
    0x08008178   0x00000044   Code   RO         1452    i.rt_ms2tick        RTX_CM4.lib(rt_cmsis.o)
    0x080081bc   0x0000007c   Code   RO         2115    i.rt_pop_req        RTX_CM4.lib(rt_system.o)
    0x08008238   0x00000020   Code   RO         2116    i.rt_psh_req        RTX_CM4.lib(rt_system.o)
    0x08008258   0x0000005c   Code   RO         2250    i.rt_psq_enq        RTX_CM4.lib(rt_list.o)
    0x080082b4   0x00000048   Code   RO         2251    i.rt_put_dly        RTX_CM4.lib(rt_list.o)
    0x080082fc   0x00000036   Code   RO         2252    i.rt_put_prio       RTX_CM4.lib(rt_list.o)
    0x08008332   0x00000002   PAD
    0x08008334   0x00000014   Code   RO         2253    i.rt_put_rdy_first  RTX_CM4.lib(rt_list.o)
    0x08008348   0x00000034   Code   RO         2254    i.rt_resort_prio    RTX_CM4.lib(rt_list.o)
    0x0800837c   0x00000010   Code   RO         2534    i.rt_ret_regs       RTX_CM4.lib(hal_cm.o)
    0x0800838c   0x0000000c   Code   RO         2535    i.rt_ret_val        RTX_CM4.lib(hal_cm.o)
    0x08008398   0x00000010   Code   RO         2536    i.rt_ret_val2       RTX_CM4.lib(hal_cm.o)
    0x080083a8   0x00000028   Code   RO         2255    i.rt_rmv_dly        RTX_CM4.lib(rt_list.o)
    0x080083d0   0x00000030   Code   RO         2256    i.rt_rmv_list       RTX_CM4.lib(rt_list.o)
    0x08008400   0x00000034   Code   RO         2374    i.rt_sem_psh        RTX_CM4.lib(rt_semaphore.o)
    0x08008434   0x0000002a   Code   RO         2375    i.rt_sem_send       RTX_CM4.lib(rt_semaphore.o)
    0x0800845e   0x00000002   PAD
    0x08008460   0x00000040   Code   RO         2376    i.rt_sem_wait       RTX_CM4.lib(rt_semaphore.o)
    0x080084a0   0x00000024   Code   RO         2118    i.rt_stk_check      RTX_CM4.lib(rt_system.o)
    0x080084c4   0x00000028   Code   RO         2029    i.rt_switch_req     RTX_CM4.lib(rt_task.o)
    0x080084ec   0x000000cc   Code   RO         2030    i.rt_sys_init       RTX_CM4.lib(rt_task.o)
    0x080085b8   0x00000078   Code   RO         2031    i.rt_sys_start      RTX_CM4.lib(rt_task.o)
    0x08008630   0x00000040   Code   RO         2120    i.rt_systick        RTX_CM4.lib(rt_system.o)
    0x08008670   0x00000012   Code   RO         1453    i.rt_tid2ptcb       RTX_CM4.lib(rt_cmsis.o)
    0x08008682   0x00000002   PAD
    0x08008684   0x00000034   Code   RO         1454    i.rt_timer_insert   RTX_CM4.lib(rt_cmsis.o)
    0x080086b8   0x00000088   Code   RO         2032    i.rt_tsk_create     RTX_CM4.lib(rt_task.o)
    0x08008740   0x00000178   Code   RO         2033    i.rt_tsk_delete     RTX_CM4.lib(rt_task.o)
    0x080088b8   0x0000007c   Code   RO         2035    i.rt_tsk_prio       RTX_CM4.lib(rt_task.o)
    0x08008934   0x00000010   Code   RO         2036    i.rt_tsk_self       RTX_CM4.lib(rt_task.o)
    0x08008944   0x0000006e   Code   RO         2665    i.sqrt              m_wm.l(sqrt.o)
    0x080089b2   0x00000012   Code   RO         1456    i.svcDelay          RTX_CM4.lib(rt_cmsis.o)
    0x080089c4   0x00000070   Code   RO         1457    i.svcKernelInitialize  RTX_CM4.lib(rt_cmsis.o)
    0x08008a34   0x00000048   Code   RO         1459    i.svcKernelStart    RTX_CM4.lib(rt_cmsis.o)
    0x08008a7c   0x00000024   Code   RO         1462    i.svcMessageCreate  RTX_CM4.lib(rt_cmsis.o)
    0x08008aa0   0x0000003a   Code   RO         1463    i.svcMessageGet     RTX_CM4.lib(rt_cmsis.o)
    0x08008ada   0x00000028   Code   RO         1472    i.svcSemaphoreRelease  RTX_CM4.lib(rt_cmsis.o)
    0x08008b02   0x00000032   Code   RO         1473    i.svcSemaphoreWait  RTX_CM4.lib(rt_cmsis.o)
    0x08008b34   0x00000024   Code   RO         1474    i.svcSignalClear    RTX_CM4.lib(rt_cmsis.o)
    0x08008b58   0x00000024   Code   RO         1475    i.svcSignalSet      RTX_CM4.lib(rt_cmsis.o)
    0x08008b7c   0x00000054   Code   RO         1476    i.svcSignalWait     RTX_CM4.lib(rt_cmsis.o)
    0x08008bd0   0x00000070   Code   RO         1477    i.svcThreadCreate   RTX_CM4.lib(rt_cmsis.o)
    0x08008c40   0x0000001c   Code   RO         1478    i.svcThreadGetId    RTX_CM4.lib(rt_cmsis.o)
    0x08008c5c   0x00000038   Code   RO         1481    i.svcThreadTerminate  RTX_CM4.lib(rt_cmsis.o)
    0x08008c94   0x00000018   Code   RO         1483    i.svcTimerCall      RTX_CM4.lib(rt_cmsis.o)
    0x08008cac   0x0000005c   Code   RO         1492    i.sysTimerTick      RTX_CM4.lib(rt_cmsis.o)
    0x08008d08   0x00000010   Data   RO            5    .constdata          main.o
    0x08008d18   0x00000056   Data   RO          589    .constdata          rtx_conf_cm.o
    0x08008d6e   0x00000002   PAD
    0x08008d70   0x00000098   Data   RO         2620    .constdata          m_wm.l(atan.o)
    0x08008e08   0x00000088   Data   RO         2640    .constdata          m_wm.l(pow.o)
    0x08008e90   0x00000030   Data   RO         2956    .constdata          m_wm.l(cos_i.o)
    0x08008ec0   0x00000008   Data   RO         2976    .constdata          m_wm.l(qnan.o)
    0x08008ec8   0x000000c8   Data   RO         2979    .constdata          m_wm.l(rred.o)
    0x08008f90   0x00000028   Data   RO         2983    .constdata          m_wm.l(sin_i.o)
    0x08008fb8   0x00000020   Data   RO         3041    Region$$Table       anon$$obj.o


    Execution Region RW_IRAM1 (Base: 0x20000000, Size: 0x00002a98, Max: 0x00020000, ABSOLUTE, COMPRESSED[0x00000078])

    Base Addr    Size         Type   Attr      Idx    E Section Name        Object

    0x20000000   0x00000044   Data   RW            6    .data               main.o
    0x20000044   0x00000050   Data   RW          267    .data               keypad.o
    0x20000094   0x00000004   Data   RW          336    .data               sevensegdisplay.o
    0x20000098   0x0000000c   Data   RW          370    .data               temperaturesensor.o
    0x200000a4   0x00000010   Data   RW          403    .data               temperature_thread.o
    0x200000b4   0x00000040   Data   RW          444    .data               accelerometer_thread.o
    0x200000f4   0x00000040   Data   RW          474    .data               displayled.o
    0x20000134   0x00000004   Data   RW          533    .data               lis3dsh.o
    0x20000138   0x00000020   Data   RW          590    .data               rtx_conf_cm.o
    0x20000158   0x00000010   Data   RW         1147    .data               stm32f4xx_rcc.o
    0x20000168   0x00000014   Data   RW         1372    .data               system_stm32f4xx.o
    0x2000017c   0x00000008   Data   RW         1495    .data               RTX_CM4.lib(rt_cmsis.o)
    0x20000184   0x00000008   Data   RW         2038    .data               RTX_CM4.lib(rt_task.o)
    0x2000018c   0x00000008   Data   RW         2123    .data               RTX_CM4.lib(rt_system.o)
    0x20000194   0x00000004   Data   RW         2417    .data               RTX_CM4.lib(rt_time.o)
    0x20000198   0x00000001   Data   RW         2537    .data               RTX_CM4.lib(hal_cm.o)
    0x20000199   0x00000003   PAD
    0x2000019c   0x00000008   Data   RW         2585    .data               RTX_CM4.lib(rt_robin.o)
    0x200001a4   0x00000004   Data   RW         3000    .data               mc_w.l(stdout.o)
    0x200001a8   0x00000004   Data   RW         3012    .data               mc_w.l(errno.o)
    0x200001ac   0x00000080   Zero   RW          369    .bss                temperaturesensor.o
    0x2000022c   0x00000004   PAD
    0x20000230   0x00002400   Zero   RW          588    .bss                rtx_conf_cm.o
    0x20002630   0x00000034   Zero   RW         2037    .bss                RTX_CM4.lib(rt_task.o)
    0x20002664   0x00000030   Zero   RW         2257    .bss                RTX_CM4.lib(rt_list.o)
    0x20002694   0x00000004   PAD
    0x20002698   0x00000400   Zero   RW         1361    STACK               startup_stm32f40_41xxx.o


==============================================================================

Image component sizes


      Code (inc. data)   RO Data    RW Data    ZI Data      Debug   Object Name

       480         22          0         64          0       1955   accelerometer_thread.o
       664         24          0          0          0       1337   calculate_angle_tilted.o
       264         22          0          0          0       1075   calibrate.o
      1492         28          0          0          0       4238   cc2500.o
        44          0          0          0          0       5412   configure_accelerometer.o
       488         34          0         64          0       2787   displayled.o
        56          4          0          0          0      28555   fputc_debug.o
       496         30          0         80          0       2631   keypad.o
      1356         64          0          4          0       4290   lis3dsh.o
       756        114         16         68          0     357568   main.o
       168          4          0          0          0        888   mem_interrupt.o
       224         20          0          0          0       2025   misc.o
       168          6          0          0          0       1567   movingaveragefilter.o
        54          6         86         32       9216       7434   rtx_conf_cm.o
      2908         82          0          4          0       3943   sevensegdisplay.o
        36          8        392          0       1024        872   startup_stm32f40_41xxx.o
      1124         24          0          0          0      10698   stm32f4xx_adc.o
       272         10          0          0          0       2467   stm32f4xx_exti.o
       660         44          0          0          0       4301   stm32f4xx_gpio.o
      1588         52          0         16          0      12950   stm32f4xx_rcc.o
      1102         32          0          0          0       7069   stm32f4xx_spi.o
       148         12          0          0          0       1917   stm32f4xx_syscfg.o
      3234         60          0          0          0      22504   stm32f4xx_tim.o
       528         46          0         20          0       1983   system_stm32f4xx.o
       196         16          0         16          0       1368   temperature_thread.o
       580         60          0         12        128       2747   temperaturesensor.o

    ----------------------------------------------------------------------
     19092        824        528        380      10372     494581   Object Totals
         0          0         32          0          0          0   (incl. Generated)
         6          0          2          0          4          0   (incl. Padding)

    ----------------------------------------------------------------------

      Code (inc. data)   RO Data    RW Data    ZI Data      Debug   Library Member Name

       268         24          0          1          0       4372   hal_cm.o
       408         34          0          0          0        804   hal_cm4.o
      1626        180          0          8          0      43541   rt_cmsis.o
       300         24          0          0          0       3331   rt_event.o
       530         34          0          0         48       8525   rt_list.o
       550         10          0          0          0       4125   rt_mailbox.o
       140          0          0          0          0       2009   rt_membox.o
       128          0          0          0          0       2383   rt_memory.o
        96         22          0          8          0       1206   rt_robin.o
       174         10          0          0          0       2520   rt_semaphore.o
       298         52          0          8          0       6379   rt_system.o
      1212        174          0          8         52       9933   rt_task.o
         6          0          0          4          0        668   rt_time.o
         4          4          0          0          0        188   svc_table.o
       728        106        152          0          0        228   atan.o
       368         46         48          0          0        200   cos_i.o
       184         44          0          0          0        744   dunder.o
        44          0          0          0          0        248   fabs.o
        48          0          0          0          0        124   fpclassify.o
       248          0          0          0          0        152   poly.o
      3128        302        136          0          0        356   pow.o
         0          0          8          0          0          0   qnan.o
      1080        142        200          0          0        188   rred.o
       200         20          0          0          0        164   sin.o
       304         24         40          0          0        208   sin_i.o
       232          0          0          0          0        296   sqrt.o
        86          0          0          0          0          0   __dczerorl2.o
         0          0          0          0          0          0   entry.o
         0          0          0          0          0          0   entry10a.o
         0          0          0          0          0          0   entry11a.o
         8          4          0          0          0          0   entry2.o
         4          0          0          0          0          0   entry5.o
         0          0          0          0          0          0   entry7b.o
         0          0          0          0          0          0   entry8b.o
        12          6          0          4          0         68   errno.o
        30          0          0          0          0          0   handlers.o
        36          8          0          0          0         68   init.o
         0          0          0          0          0          0   iusefp.o
        30          0          0          0          0         68   llshl.o
        36          0          0          0          0         68   llsshr.o
        32          0          0          0          0         68   llushr.o
        36          0          0          0          0         68   memcpya.o
      2226         90          0          0          0        444   printfa.o
         0          0          0          4          0          0   stdout.o
        44          0          0          0          0         80   uidiv.o
        98          0          0          0          0         92   uldiv.o
        48          0          0          0          0         68   cdrcmple.o
        56          0          0          0          0         88   d2f.o
       334          0          0          0          0        148   dadd.o
       222          0          0          0          0        100   ddiv.o
       186          0          0          0          0        176   depilogue.o
        62          0          0          0          0         80   dfixi.o
        48          0          0          0          0         68   dfixul.o
        34          0          0          0          0         76   dflti.o
        26          0          0          0          0         76   dfltui.o
       228          0          0          0          0         96   dmul.o
        46          0          0          0          0         80   dscalb.o
       162          0          0          0          0        100   dsqrt.o
        38          0          0          0          0         68   f2d.o
       110          0          0          0          0        168   fepilogue.o

    ----------------------------------------------------------------------
     16620       1360        584         48        104      95308   Library Totals
        38          0          0          3          4          0   (incl. Padding)

    ----------------------------------------------------------------------

      Code (inc. data)   RO Data    RW Data    ZI Data      Debug   Library Name

      5740        568          0         37        100      89984   RTX_CM4.lib
      6564        684        584          0          0       2908   m_wm.l
      2678        108          0          8          0       1024   mc_w.l
      1600          0          0          0          0       1392   mf_w.l

    ----------------------------------------------------------------------
     16620       1360        584         48        104      95308   Library Totals

    ----------------------------------------------------------------------

==============================================================================


      Code (inc. data)   RO Data    RW Data    ZI Data      Debug   

     35712       2184       1112        428      10476     573725   Grand Totals
     35712       2184       1112        120      10476     573725   ELF Image Totals (compressed)
     35712       2184       1112        120          0          0   ROM Totals

==============================================================================

    Total RO  Size (Code + RO Data)                36824 (  35.96kB)
    Total RW  Size (RW Data + ZI Data)             10904 (  10.65kB)
    Total ROM Size (Code + RO Data + RW Data)      36944 (  36.08kB)

==============================================================================

