Component: ARM Compiler 5.05 update 2 (build 169) Tool: armlink [4d0f33]

==============================================================================

Section Cross References

    main.o(.text) refers to stm32f4xx_rcc.o(.text) for RCC_AHB1PeriphClockCmd
    main.o(.text) refers to stm32f4xx_gpio.o(.text) for GPIO_Init
    main.o(.text) refers to printfa.o(i.__0printf) for __2printf
    main.o(.text) refers to cc2500.o(.text) for CC2500_Strobe
    main.o(.text) refers to rt_cmsis.o(i.osSignalWait) for osSignalWait
    main.o(.text) refers to rt_cmsis.o(i.osDelay) for osDelay
    main.o(.text) refers to stm32f4xx_syscfg.o(.text) for SYSCFG_EXTILineConfig
    main.o(.text) refers to stm32f4xx_exti.o(.text) for EXTI_Init
    main.o(.text) refers to misc.o(.text) for NVIC_Init
    main.o(.text) refers to rt_cmsis.o(i.osKernelInitialize) for osKernelInitialize
    main.o(.text) refers to rt_cmsis.o(i.osThreadCreate) for osThreadCreate
    main.o(.text) refers to rt_cmsis.o(i.osKernelStart) for osKernelStart
    main.o(.text) refers to rt_cmsis.o(i.osSignalSet) for osSignalSet
    main.o(.text) refers to main.o(.data) for buf
    main.o(.text) refers to main.o(.constdata) for os_thread_def_RxPacket
    main.o(.constdata) refers to main.o(.text) for RxPacket
    calculate_angle_tilted.o(.text) refers to f2d.o(.text) for __aeabi_f2d
    calculate_angle_tilted.o(.text) refers to pow.o(i.__hardfp_pow) for __hardfp_pow
    calculate_angle_tilted.o(.text) refers to d2f.o(.text) for __aeabi_d2f
    calculate_angle_tilted.o(.text) refers to sqrt.o(i.__hardfp_sqrt) for __hardfp_sqrt
    calculate_angle_tilted.o(.text) refers to atan.o(i.__hardfp_atan) for __hardfp_atan
    calculate_angle_tilted.o(.text) refers to dmul.o(.text) for __aeabi_dmul
    calculate_angle_tilted.o(.text) refers to fabs.o(i.__hardfp_fabs) for __hardfp_fabs
    calculate_angle_tilted.o(.text) refers to dadd.o(.text) for __aeabi_dsub
    configure_accelerometer.o(.text) refers to lis3dsh.o(.text) for LIS3DSH_Init
    keypad.o(.text) refers to stm32f4xx_rcc.o(.text) for RCC_AHB1PeriphClockCmd
    keypad.o(.text) refers to stm32f4xx_gpio.o(.text) for GPIO_Init
    keypad.o(.text) refers to keypad.o(.data) for GPIO_InitStructure
    mem_interrupt.o(.text) refers to stm32f4xx_rcc.o(.text) for RCC_AHB1PeriphClockCmd
    mem_interrupt.o(.text) refers to stm32f4xx_gpio.o(.text) for GPIO_StructInit
    mem_interrupt.o(.text) refers to stm32f4xx_syscfg.o(.text) for SYSCFG_EXTILineConfig
    mem_interrupt.o(.text) refers to stm32f4xx_exti.o(.text) for EXTI_Init
    mem_interrupt.o(.text) refers to misc.o(.text) for NVIC_Init
    mem_interrupt.o(.text) refers to lis3dsh.o(.text) for LIS3DSH_DataReadyInterruptConfig
    sevensegdisplay.o(.text) refers to stm32f4xx_rcc.o(.text) for RCC_APB1PeriphClockCmd
    sevensegdisplay.o(.text) refers to stm32f4xx_tim.o(.text) for TIM_TimeBaseInit
    sevensegdisplay.o(.text) refers to misc.o(.text) for NVIC_Init
    sevensegdisplay.o(.text) refers to stm32f4xx_gpio.o(.text) for GPIO_StructInit
    sevensegdisplay.o(.text) refers to f2d.o(.text) for __aeabi_f2d
    sevensegdisplay.o(.text) refers to printfa.o(i.__0printf) for __2printf
    sevensegdisplay.o(.text) refers to sevensegdisplay.o(.data) for LED_interrupt
    sevensegdisplay.o(.text) refers to fabs.o(i.__hardfp_fabs) for __hardfp_fabs
    sevensegdisplay.o(.text) refers to d2f.o(.text) for __aeabi_d2f
    temperaturesensor.o(.text) refers to stm32f4xx_adc.o(.text) for ADC_DeInit
    temperaturesensor.o(.text) refers to stm32f4xx_rcc.o(.text) for RCC_APB2PeriphClockCmd
    temperaturesensor.o(.text) refers to stm32f4xx_gpio.o(.text) for GPIO_Init
    temperaturesensor.o(.text) refers to f2d.o(.text) for __aeabi_f2d
    temperaturesensor.o(.text) refers to dmul.o(.text) for __aeabi_dmul
    temperaturesensor.o(.text) refers to ddiv.o(.text) for __aeabi_ddiv
    temperaturesensor.o(.text) refers to d2f.o(.text) for __aeabi_d2f
    temperaturesensor.o(.text) refers to movingaveragefilter.o(.text) for maFilter
    temperaturesensor.o(.text) refers to temperaturesensor.o(.bss) for ADC_CommonInitStruct
    temperaturesensor.o(.text) refers to temperaturesensor.o(.data) for GPIO_InitStruct
    temperature_thread.o(.text) refers to stm32f4xx_rcc.o(.text) for RCC_APB1PeriphClockCmd
    temperature_thread.o(.text) refers to stm32f4xx_tim.o(.text) for TIM_TimeBaseInit
    temperature_thread.o(.text) refers to misc.o(.text) for NVIC_Init
    temperature_thread.o(.text) refers to temperaturesensor.o(.text) for adcSetup
    temperature_thread.o(.text) refers to rt_cmsis.o(i.osThreadGetId) for osThreadGetId
    temperature_thread.o(.text) refers to rt_cmsis.o(i.osSignalWait) for osSignalWait
    temperature_thread.o(.text) refers to rt_cmsis.o(i.osSignalSet) for osSignalSet
    temperature_thread.o(.text) refers to temperature_thread.o(.data) for temperatureGetId
    accelerometer_thread.o(.text) refers to stm32f4xx_rcc.o(.text) for RCC_APB1PeriphClockCmd
[...]
    _printf_llx                              0x00000000   Number         0  stubs.o ABSOLUTE
    _printf_longlong_dec                     0x00000000   Number         0  stubs.o ABSOLUTE
    _printf_longlong_hex                     0x00000000   Number         0  stubs.o ABSOLUTE
    _printf_longlong_oct                     0x00000000   Number         0  stubs.o ABSOLUTE
    _printf_ls                               0x00000000   Number         0  stubs.o ABSOLUTE
    _printf_mbtowc                           0x00000000   Number         0  stubs.o ABSOLUTE
    _printf_n                                0x00000000   Number         0  stubs.o ABSOLUTE
    _printf_o                                0x00000000   Number         0  stubs.o ABSOLUTE
    _printf_p                                0x00000000   Number         0  stubs.o ABSOLUTE
    _printf_percent                          0x00000000   Number         0  stubs.o ABSOLUTE
    _printf_pre_padding                      0x00000000   Number         0  stubs.o ABSOLUTE
    _printf_return_value                     0x00000000   Number         0  stubs.o ABSOLUTE
    _printf_s                                0x00000000   Number         0  stubs.o ABSOLUTE
    _printf_sizespec                         0x00000000   Number         0  stubs.o ABSOLUTE
    _printf_str                              0x00000000   Number         0  stubs.o ABSOLUTE
    _printf_truncate_signed                  0x00000000   Number         0  stubs.o ABSOLUTE
    _printf_truncate_unsigned                0x00000000   Number         0  stubs.o ABSOLUTE
    _printf_u                                0x00000000   Number         0  stubs.o ABSOLUTE
    _printf_wc                               0x00000000   Number         0  stubs.o ABSOLUTE
    _printf_wctomb                           0x00000000   Number         0  stubs.o ABSOLUTE
    _printf_widthprec                        0x00000000   Number         0  stubs.o ABSOLUTE
    _printf_x                                0x00000000   Number         0  stubs.o ABSOLUTE
    __cpp_initialize__aeabi_                  - Undefined Weak Reference
    __cxa_finalize                            - Undefined Weak Reference
    _clock_init                               - Undefined Weak Reference
    _microlib_exit                            - Undefined Weak Reference
    __Vectors_Size                           0x00000188   Number         0  startup_stm32f40_41xxx.o ABSOLUTE
    __RL_RTX_VER                             0x00000479   Number         0  rt_system.o ABSOLUTE
    __Vectors                                0x08000000   Data           4  startup_stm32f40_41xxx.o(RESET)
    __Vectors_End                            0x08000188   Data           0  startup_stm32f40_41xxx.o(RESET)
    __main                                   0x08000189   Thumb Code     0  entry.o(.ARM.Collect$$$$00000000)
    _main_stk                                0x08000189   Thumb Code     0  entry2.o(.ARM.Collect$$$$00000001)
    _main_scatterload                        0x0800018d   Thumb Code     0  entry5.o(.ARM.Collect$$$$00000004)
    __main_after_scatterload                 0x08000191   Thumb Code     0  entry5.o(.ARM.Collect$$$$00000004)
    __rt_final_cpp                           0x08000191   Thumb Code     0  entry10a.o(.ARM.Collect$$$$0000000D)
    __rt_final_exit                          0x08000191   Thumb Code     0  entry11a.o(.ARM.Collect$$$$0000000F)
    _main_clock                              0x08000191   Thumb Code     0  entry7b.o(.ARM.Collect$$$$00000008)
    _main_cpp_init                           0x08000191   Thumb Code     0  entry8b.o(.ARM.Collect$$$$0000000A)
    _main_init                               0x08000191   Thumb Code    18  rtx_conf_cm.o(.ARM.Collect$$$$000000FF)
    rt_set_PSP                               0x080001ad   Thumb Code     6  hal_cm4.o(.emb_text)
    rt_get_PSP                               0x080001b3   Thumb Code     6  hal_cm4.o(.emb_text)
    os_set_env                               0x080001b9   Thumb Code    24  hal_cm4.o(.emb_text)
    _alloc_box                               0x080001d5   Thumb Code    28  hal_cm4.o(.emb_text)
    _free_box                                0x080001f5   Thumb Code    28  hal_cm4.o(.emb_text)
    SVC_Handler                              0x08000215   Thumb Code   168  hal_cm4.o(.emb_text)
    PendSV_Handler                           0x080002cd   Thumb Code    96  hal_cm4.o(.emb_text)
    SysTick_Handler                          0x08000331   Thumb Code     8  hal_cm4.o(.emb_text)
    OS_Tick_Handler                          0x08000339   Thumb Code    12  hal_cm4.o(.emb_text)
    Blinky_GPIO_Init                         0x08000345   Thumb Code    50  main.o(.text)
    RxPacket                                 0x08000377   Thumb Code   200  main.o(.text)
    wireless_init                            0x0800043f   Thumb Code   146  main.o(.text)
    main                                     0x080004d1   Thumb Code    34  main.o(.text)
    EXTI15_10_IRQHandler                     0x080004f3   Thumb Code    32  main.o(.text)
    fputc                                    0x080005c9   Thumb Code    52  fputc_debug.o(.text)
    calculate_roll                           0x08000601   Thumb Code   312  calculate_angle_tilted.o(.text)
    calculate_pitch                          0x08000739   Thumb Code   328  calculate_angle_tilted.o(.text)
    get_calibration_data                     0x08000899   Thumb Code   242  calibrate.o(.text)
    set_Accelerometer_MEM                    0x080009a1   Thumb Code    44  configure_accelerometer.o(.text)
    keypad_init                              0x080009cd   Thumb Code   100  keypad.o(.text)
    set_col_read                             0x08000a31   Thumb Code    44  keypad.o(.text)
    set_row_read                             0x08000a5d   Thumb Code    44  keypad.o(.text)
    keypad_read                              0x08000a89   Thumb Code   278  keypad.o(.text)
    EXTI_NVIC_Config                         0x08000bbd   Thumb Code   118  mem_interrupt.o(.text)
    MEM_Interrupt_Config                     0x08000c33   Thumb Code    46  mem_interrupt.o(.text)
    maFilter                                 0x08000c65   Thumb Code   162  movingaveragefilter.o(.text)
    configTIM4                               0x08000d0d   Thumb Code    90  sevensegdisplay.o(.text)
    LED_GPIO_Config                          0x08000d67   Thumb Code    54  sevensegdisplay.o(.text)
    initializeDisplay                        0x08000d9d   Thumb Code    12  sevensegdisplay.o(.text)
    SevenSegDisplay                          0x08000da9   Thumb Code  1502  sevensegdisplay.o(.text)
    Delay                                    0x08001387   Thumb Code    12  sevensegdisplay.o(.text)
    DisplayTemperature                       0x08001393   Thumb Code   342  sevensegdisplay.o(.text)
    LED_clear                                0x080014e9   Thumb Code   108  sevensegdisplay.o(.text)
    DisplayAngle                             0x08001555   Thumb Code   734  sevensegdisplay.o(.text)
    TIM4_IRQHandler                          0x08001833   Thumb Code    44  sevensegdisplay.o(.text)
    adcSetup                                 0x08001869   Thumb Code    96  temperaturesensor.o(.text)
    gpioSetup                                0x080018c9   Thumb Code    76  temperaturesensor.o(.text)
    setupTemperatureSensor                   0x08001915   Thumb Code    46  temperaturesensor.o(.text)
    digitalValueInCelsius                    0x08001943   Thumb Code    34  temperaturesensor.o(.text)
    runTemperatureSensor                     0x08001965   Thumb Code   138  temperaturesensor.o(.text)
    runTemperatureSensorMoving               0x080019ef   Thumb Code   130  temperaturesensor.o(.text)
    Temperature_Tim_Interrupt                0x08001aad   Thumb Code    92  temperature_thread.o(.text)
    temperature_detection_thread             0x08001b09   Thumb Code    56  temperature_thread.o(.text)
    TIM5_IRQHandler                          0x08001b41   Thumb Code    32  temperature_thread.o(.text)
    initialize_buffers_for_filter            0x08001b71   Thumb Code    96  accelerometer_thread.o(.text)
    configTIM3                               0x08001bd1   Thumb Code    90  accelerometer_thread.o(.text)
    accelerometer_thread                     0x08001c2b   Thumb Code   240  accelerometer_thread.o(.text)
    TIM3_IRQHandler                          0x08001d1b   Thumb Code    32  accelerometer_thread.o(.text)
    configTIM2                               0x08001d51   Thumb Code    94  displayled.o(.text)
    DispFlag_thread                          0x08001daf   Thumb Code   216  displayled.o(.text)
    TIM2_IRQHandler                          0x08001e87   Thumb Code    44  displayled.o(.text)
    keypad_thread                            0x08001eb3   Thumb Code   100  displayled.o(.text)
    CC2500_Strobe                            0x08001f6b   Thumb Code    54  cc2500.o(.text)
    CC2500_Write                             0x08001fa1   Thumb Code    62  cc2500.o(.text)
    CC2500_Init                              0x080020d3   Thumb Code   556  cc2500.o(.text)
    CC2500_Read                              0x080022ff   Thumb Code    80  cc2500.o(.text)
    CC2500_TxPacket                          0x0800234f   Thumb Code    42  cc2500.o(.text)
    CC2500_RxPackets                         0x08002379   Thumb Code    34  cc2500.o(.text)
    CC2500_StatusReg                         0x0800239b   Thumb Code    44  cc2500.o(.text)
    CC2500_ComputeRssi                       0x080023c7   Thumb Code    62  cc2500.o(.text)
    LIS3DSH_TIMEOUT_UserCallback             0x08002415   Thumb Code     4  lis3dsh.o(.text)
    LIS3DSH_Write                            0x08002483   Thumb Code    58  lis3dsh.o(.text)
    LIS3DSH_Init                             0x080025e3   Thumb Code    58  lis3dsh.o(.text)
    LIS3DSH_Read                             0x0800261d   Thumb Code    66  lis3dsh.o(.text)
    LIS3DSH_DataReadyInterruptConfig         0x0800265f   Thumb Code    42  lis3dsh.o(.text)
    LIS3DSH_LowpowerCmd                      0x08002689   Thumb Code    40  lis3dsh.o(.text)
    LIS3DSH_DataRateCmd                      0x080026b1   Thumb Code    44  lis3dsh.o(.text)
    LIS3DSH_FullScaleCmd                     0x080026dd   Thumb Code    44  lis3dsh.o(.text)
    LIS3DSH_ReadACC                          0x08002709   Thumb Code   576  lis3dsh.o(.text)
    os_idle_demon                            0x08002961   Thumb Code     4  rtx_conf_cm.o(.text)
    os_error                                 0x08002965   Thumb Code    26  rtx_conf_cm.o(.text)
    NVIC_PriorityGroupConfig                 0x08002981   Thumb Code    10  misc.o(.text)
    NVIC_Init                                0x0800298b   Thumb Code   106  misc.o(.text)
    NVIC_SetVectorTable                      0x080029f5   Thumb Code    14  misc.o(.text)
    NVIC_SystemLPConfig                      0x08002a03   Thumb Code    34  misc.o(.text)
    SysTick_CLKSourceConfig                  0x08002a25   Thumb Code    40  misc.o(.text)
    ADC_DeInit                               0x08002a61   Thumb Code    22  stm32f4xx_adc.o(.text)
    ADC_Init                                 0x08002a77   Thumb Code    74  stm32f4xx_adc.o(.text)
    ADC_StructInit                           0x08002ac1   Thumb Code    20  stm32f4xx_adc.o(.text)
    ADC_CommonInit                           0x08002ad5   Thumb Code    34  stm32f4xx_adc.o(.text)
    ADC_CommonStructInit                     0x08002af7   Thumb Code    12  stm32f4xx_adc.o(.text)
    ADC_Cmd                                  0x08002b03   Thumb Code    22  stm32f4xx_adc.o(.text)
    ADC_AnalogWatchdogCmd                    0x08002b19   Thumb Code    16  stm32f4xx_adc.o(.text)
    ADC_AnalogWatchdogThresholdsConfig       0x08002b29   Thumb Code     6  stm32f4xx_adc.o(.text)
    ADC_AnalogWatchdogSingleChannelConfig    0x08002b2f   Thumb Code    16  stm32f4xx_adc.o(.text)
    ADC_TempSensorVrefintCmd                 0x08002b3f   Thumb Code    34  stm32f4xx_adc.o(.text)
    ADC_VBATCmd                              0x08002b61   Thumb Code    34  stm32f4xx_adc.o(.text)
    ADC_RegularChannelConfig                 0x08002b83   Thumb Code   184  stm32f4xx_adc.o(.text)
    ADC_SoftwareStartConv                    0x08002c3b   Thumb Code    10  stm32f4xx_adc.o(.text)
    ADC_GetSoftwareStartConvStatus           0x08002c45   Thumb Code    20  stm32f4xx_adc.o(.text)
    ADC_EOCOnEachRegularChannelCmd           0x08002c59   Thumb Code    22  stm32f4xx_adc.o(.text)
    ADC_ContinuousModeCmd                    0x08002c6f   Thumb Code    22  stm32f4xx_adc.o(.text)
    ADC_DiscModeChannelCountConfig           0x08002c85   Thumb Code    24  stm32f4xx_adc.o(.text)
    ADC_DiscModeCmd                          0x08002c9d   Thumb Code    22  stm32f4xx_adc.o(.text)
    ADC_GetConversionValue                   0x08002cb3   Thumb Code     8  stm32f4xx_adc.o(.text)
    ADC_GetMultiModeConversionValue          0x08002cbb   Thumb Code     8  stm32f4xx_adc.o(.text)
    ADC_DMACmd                               0x08002cc3   Thumb Code    22  stm32f4xx_adc.o(.text)
    ADC_DMARequestAfterLastTransferCmd       0x08002cd9   Thumb Code    22  stm32f4xx_adc.o(.text)
    ADC_MultiModeDMARequestAfterLastTransferCmd 0x08002cef   Thumb Code    34  stm32f4xx_adc.o(.text)
    ADC_InjectedChannelConfig                0x08002d11   Thumb Code   130  stm32f4xx_adc.o(.text)
    ADC_InjectedSequencerLengthConfig        0x08002d93   Thumb Code    24  stm32f4xx_adc.o(.text)
    ADC_SetInjectedOffset                    0x08002dab   Thumb Code    20  stm32f4xx_adc.o(.text)
    ADC_ExternalTrigInjectedConvConfig       0x08002dbf   Thumb Code    16  stm32f4xx_adc.o(.text)
    ADC_ExternalTrigInjectedConvEdgeConfig   0x08002dcf   Thumb Code    16  stm32f4xx_adc.o(.text)
    ADC_SoftwareStartInjectedConv            0x08002ddf   Thumb Code    10  stm32f4xx_adc.o(.text)
    ADC_GetSoftwareStartInjectedConvCmdStatus 0x08002de9   Thumb Code    20  stm32f4xx_adc.o(.text)
    ADC_AutoInjectedConvCmd                  0x08002dfd   Thumb Code    22  stm32f4xx_adc.o(.text)
    ADC_InjectedDiscModeCmd                  0x08002e13   Thumb Code    22  stm32f4xx_adc.o(.text)
    ADC_GetInjectedConversionValue           0x08002e29   Thumb Code    28  stm32f4xx_adc.o(.text)
    ADC_ITConfig                             0x08002e45   Thumb Code    56  stm32f4xx_adc.o(.text)
    ADC_GetFlagStatus                        0x08002e7d   Thumb Code    18  stm32f4xx_adc.o(.text)
    ADC_ClearFlag                            0x08002e8f   Thumb Code     6  stm32f4xx_adc.o(.text)
    ADC_GetITStatus                          0x08002e95   Thumb Code    38  stm32f4xx_adc.o(.text)
    ADC_ClearITPendingBit                    0x08002ebb   Thumb Code    10  stm32f4xx_adc.o(.text)
    EXTI_DeInit                              0x08002ec5   Thumb Code    28  stm32f4xx_exti.o(.text)
    EXTI_Init                                0x08002ee1   Thumb Code   142  stm32f4xx_exti.o(.text)
    EXTI_StructInit                          0x08002f6f   Thumb Code    16  stm32f4xx_exti.o(.text)
    EXTI_GenerateSWInterrupt                 0x08002f7f   Thumb Code    16  stm32f4xx_exti.o(.text)
    EXTI_GetFlagStatus                       0x08002f8f   Thumb Code    22  stm32f4xx_exti.o(.text)
    EXTI_ClearFlag                           0x08002fa5   Thumb Code     8  stm32f4xx_exti.o(.text)
    EXTI_GetITStatus                         0x08002fad   Thumb Code    22  stm32f4xx_exti.o(.text)
    EXTI_ClearITPendingBit                   0x08002fc3   Thumb Code     8  stm32f4xx_exti.o(.text)
    GPIO_DeInit                              0x08002fd5   Thumb Code   268  stm32f4xx_gpio.o(.text)
    GPIO_Init                                0x080030e1   Thumb Code   144  stm32f4xx_gpio.o(.text)
    GPIO_StructInit                          0x08003171   Thumb Code    18  stm32f4xx_gpio.o(.text)
    GPIO_PinLockConfig                       0x08003183   Thumb Code    34  stm32f4xx_gpio.o(.text)
    GPIO_ReadInputDataBit                    0x080031a5   Thumb Code    18  stm32f4xx_gpio.o(.text)
    GPIO_ReadInputData                       0x080031b7   Thumb Code     8  stm32f4xx_gpio.o(.text)
    GPIO_ReadOutputDataBit                   0x080031bf   Thumb Code    18  stm32f4xx_gpio.o(.text)
    GPIO_ReadOutputData                      0x080031d1   Thumb Code     8  stm32f4xx_gpio.o(.text)
    GPIO_SetBits                             0x080031d9   Thumb Code     4  stm32f4xx_gpio.o(.text)
    GPIO_ResetBits                           0x080031dd   Thumb Code     4  stm32f4xx_gpio.o(.text)
    GPIO_WriteBit                            0x080031e1   Thumb Code    10  stm32f4xx_gpio.o(.text)
    GPIO_Write                               0x080031eb   Thumb Code     4  stm32f4xx_gpio.o(.text)
    GPIO_ToggleBits                          0x080031ef   Thumb Code     8  stm32f4xx_gpio.o(.text)
    GPIO_PinAFConfig                         0x080031f7   Thumb Code    70  stm32f4xx_gpio.o(.text)
    RCC_DeInit                               0x08003269   Thumb Code    82  stm32f4xx_rcc.o(.text)
    RCC_HSEConfig                            0x080032bb   Thumb Code    14  stm32f4xx_rcc.o(.text)
    RCC_GetFlagStatus                        0x080032c9   Thumb Code    60  stm32f4xx_rcc.o(.text)
    RCC_WaitForHSEStartUp                    0x08003305   Thumb Code    56  stm32f4xx_rcc.o(.text)
    RCC_AdjustHSICalibrationValue            0x0800333d   Thumb Code    20  stm32f4xx_rcc.o(.text)
    RCC_HSICmd                               0x08003351   Thumb Code     6  stm32f4xx_rcc.o(.text)
    RCC_LSEConfig                            0x08003357   Thumb Code    46  stm32f4xx_rcc.o(.text)
    RCC_LSICmd                               0x08003385   Thumb Code     6  stm32f4xx_rcc.o(.text)
    RCC_PLLConfig                            0x0800338b   Thumb Code    32  stm32f4xx_rcc.o(.text)
    RCC_PLLCmd                               0x080033ab   Thumb Code     6  stm32f4xx_rcc.o(.text)
    RCC_PLLI2SConfig                         0x080033b1   Thumb Code    14  stm32f4xx_rcc.o(.text)
    RCC_PLLI2SCmd                            0x080033bf   Thumb Code     6  stm32f4xx_rcc.o(.text)
    RCC_PLLSAIConfig                         0x080033c5   Thumb Code    20  stm32f4xx_rcc.o(.text)
    RCC_PLLSAICmd                            0x080033d9   Thumb Code     6  stm32f4xx_rcc.o(.text)
    RCC_ClockSecuritySystemCmd               0x080033df   Thumb Code     6  stm32f4xx_rcc.o(.text)
    RCC_MCO1Config                           0x080033e5   Thumb Code    28  stm32f4xx_rcc.o(.text)
    RCC_MCO2Config                           0x08003401   Thumb Code    28  stm32f4xx_rcc.o(.text)
    RCC_SYSCLKConfig                         0x0800341d   Thumb Code    20  stm32f4xx_rcc.o(.text)
    RCC_GetSYSCLKSource                      0x08003431   Thumb Code    12  stm32f4xx_rcc.o(.text)
    RCC_HCLKConfig                           0x0800343d   Thumb Code    20  stm32f4xx_rcc.o(.text)
    RCC_PCLK1Config                          0x08003451   Thumb Code    20  stm32f4xx_rcc.o(.text)
    RCC_PCLK2Config                          0x08003465   Thumb Code    22  stm32f4xx_rcc.o(.text)
    RCC_GetClocksFreq                        0x0800347b   Thumb Code   222  stm32f4xx_rcc.o(.text)
    RCC_RTCCLKConfig                         0x08003559   Thumb Code    54  stm32f4xx_rcc.o(.text)
    RCC_RTCCLKCmd                            0x0800358f   Thumb Code     8  stm32f4xx_rcc.o(.text)
    RCC_BackupResetCmd                       0x08003597   Thumb Code     8  stm32f4xx_rcc.o(.text)
    RCC_I2SCLKConfig                         0x0800359f   Thumb Code     6  stm32f4xx_rcc.o(.text)
    RCC_SAIPLLI2SClkDivConfig                0x080035a5   Thumb Code    26  stm32f4xx_rcc.o(.text)
    RCC_SAIPLLSAIClkDivConfig                0x080035bf   Thumb Code    28  stm32f4xx_rcc.o(.text)
    RCC_SAIBlockACLKConfig                   0x080035db   Thumb Code    20  stm32f4xx_rcc.o(.text)
    RCC_SAIBlockBCLKConfig                   0x080035ef   Thumb Code    20  stm32f4xx_rcc.o(.text)
    RCC_LTDCCLKDivConfig                     0x08003603   Thumb Code    20  stm32f4xx_rcc.o(.text)
    RCC_TIMCLKPresConfig                     0x08003617   Thumb Code     6  stm32f4xx_rcc.o(.text)
    RCC_AHB1PeriphClockCmd                   0x0800361d   Thumb Code    34  stm32f4xx_rcc.o(.text)
    RCC_AHB2PeriphClockCmd                   0x0800363f   Thumb Code    78  stm32f4xx_rcc.o(.text)
    RCC_AHB3PeriphClockCmd                   0x0800368d   Thumb Code    34  stm32f4xx_rcc.o(.text)
    RCC_APB1PeriphClockCmd                   0x080036af   Thumb Code    34  stm32f4xx_rcc.o(.text)
    RCC_APB2PeriphClockCmd                   0x080036d1   Thumb Code    34  stm32f4xx_rcc.o(.text)
    RCC_AHB1PeriphResetCmd                   0x080036f3   Thumb Code    34  stm32f4xx_rcc.o(.text)
    RCC_AHB2PeriphResetCmd                   0x08003715   Thumb Code    34  stm32f4xx_rcc.o(.text)
    RCC_AHB3PeriphResetCmd                   0x08003737   Thumb Code    34  stm32f4xx_rcc.o(.text)
    RCC_APB1PeriphResetCmd                   0x08003759   Thumb Code    34  stm32f4xx_rcc.o(.text)
    RCC_APB2PeriphResetCmd                   0x0800377b   Thumb Code    34  stm32f4xx_rcc.o(.text)
    RCC_AHB1PeriphClockLPModeCmd             0x0800379d   Thumb Code    34  stm32f4xx_rcc.o(.text)
    RCC_AHB2PeriphClockLPModeCmd             0x080037bf   Thumb Code    34  stm32f4xx_rcc.o(.text)
    RCC_AHB3PeriphClockLPModeCmd             0x080037e1   Thumb Code    34  stm32f4xx_rcc.o(.text)
    RCC_APB1PeriphClockLPModeCmd             0x08003803   Thumb Code    34  stm32f4xx_rcc.o(.text)
    RCC_APB2PeriphClockLPModeCmd             0x08003825   Thumb Code    34  stm32f4xx_rcc.o(.text)
    RCC_ITConfig                             0x08003847   Thumb Code    34  stm32f4xx_rcc.o(.text)
    RCC_ClearFlag                            0x08003869   Thumb Code    18  stm32f4xx_rcc.o(.text)
    RCC_GetITStatus                          0x0800387b   Thumb Code    22  stm32f4xx_rcc.o(.text)
    RCC_ClearITPendingBit                    0x08003891   Thumb Code     8  stm32f4xx_rcc.o(.text)
    SPI_I2S_DeInit                           0x0800389d   Thumb Code   152  stm32f4xx_spi.o(.text)
    SPI_Init                                 0x08003935   Thumb Code    60  stm32f4xx_spi.o(.text)
    I2S_Init                                 0x08003971   Thumb Code   350  stm32f4xx_spi.o(.text)
    SPI_StructInit                           0x08003acf   Thumb Code    24  stm32f4xx_spi.o(.text)
    I2S_StructInit                           0x08003ae7   Thumb Code    20  stm32f4xx_spi.o(.text)
    SPI_Cmd                                  0x08003afb   Thumb Code    24  stm32f4xx_spi.o(.text)
    I2S_Cmd                                  0x08003b13   Thumb Code    24  stm32f4xx_spi.o(.text)
    SPI_DataSizeConfig                       0x08003b2b   Thumb Code    18  stm32f4xx_spi.o(.text)
    SPI_BiDirectionalLineConfig              0x08003b3d   Thumb Code    28  stm32f4xx_spi.o(.text)
    SPI_NSSInternalSoftwareConfig            0x08003b59   Thumb Code    30  stm32f4xx_spi.o(.text)
    SPI_SSOutputCmd                          0x08003b77   Thumb Code    24  stm32f4xx_spi.o(.text)
    SPI_TIModeCmd                            0x08003b8f   Thumb Code    24  stm32f4xx_spi.o(.text)
    I2S_FullDuplexConfig                     0x08003ba7   Thumb Code    80  stm32f4xx_spi.o(.text)
    SPI_I2S_ReceiveData                      0x08003bf7   Thumb Code     6  stm32f4xx_spi.o(.text)
    SPI_I2S_SendData                         0x08003bfd   Thumb Code     4  stm32f4xx_spi.o(.text)
    SPI_CalculateCRC                         0x08003c01   Thumb Code    24  stm32f4xx_spi.o(.text)
    SPI_TransmitCRC                          0x08003c19   Thumb Code    10  stm32f4xx_spi.o(.text)
    SPI_GetCRC                               0x08003c23   Thumb Code    16  stm32f4xx_spi.o(.text)
    SPI_GetCRCPolynomial                     0x08003c33   Thumb Code     6  stm32f4xx_spi.o(.text)
    SPI_I2S_DMACmd                           0x08003c39   Thumb Code    18  stm32f4xx_spi.o(.text)
    SPI_I2S_ITConfig                         0x08003c4b   Thumb Code    32  stm32f4xx_spi.o(.text)
    SPI_I2S_GetFlagStatus                    0x08003c6b   Thumb Code    50  stm32f4xx_spi.o(.text)
    SPI_I2S_ClearFlag                        0x08003c9d   Thumb Code     6  stm32f4xx_spi.o(.text)
    SPI_I2S_GetITStatus                      0x08003ca3   Thumb Code    52  stm32f4xx_spi.o(.text)
    SPI_I2S_ClearITPendingBit                0x08003cd7   Thumb Code    20  stm32f4xx_spi.o(.text)
    SYSCFG_DeInit                            0x08003ced   Thumb Code    22  stm32f4xx_syscfg.o(.text)
    SYSCFG_MemoryRemapConfig                 0x08003d03   Thumb Code     6  stm32f4xx_syscfg.o(.text)
    SYSCFG_MemorySwappingBank                0x08003d09   Thumb Code     6  stm32f4xx_syscfg.o(.text)
    SYSCFG_EXTILineConfig                    0x08003d0f   Thumb Code    66  stm32f4xx_syscfg.o(.text)
    SYSCFG_ETH_MediaInterfaceConfig          0x08003d51   Thumb Code     8  stm32f4xx_syscfg.o(.text)
    SYSCFG_CompensationCellCmd               0x08003d59   Thumb Code     6  stm32f4xx_syscfg.o(.text)
    SYSCFG_GetCompensationCellStatus         0x08003d5f   Thumb Code    22  stm32f4xx_syscfg.o(.text)
    TIM_DeInit                               0x08003d81   Thumb Code   346  stm32f4xx_tim.o(.text)
    TIM_TimeBaseInit                         0x08003edb   Thumb Code   104  stm32f4xx_tim.o(.text)
    TIM_TimeBaseStructInit                   0x08003f43   Thumb Code    18  stm32f4xx_tim.o(.text)
    TIM_PrescalerConfig                      0x08003f55   Thumb Code     6  stm32f4xx_tim.o(.text)
    TIM_CounterModeConfig                    0x08003f5b   Thumb Code    18  stm32f4xx_tim.o(.text)
    TIM_SetCounter                           0x08003f6d   Thumb Code     4  stm32f4xx_tim.o(.text)
    TIM_SetAutoreload                        0x08003f71   Thumb Code     4  stm32f4xx_tim.o(.text)
    TIM_GetCounter                           0x08003f75   Thumb Code     6  stm32f4xx_tim.o(.text)
    TIM_GetPrescaler                         0x08003f7b   Thumb Code     6  stm32f4xx_tim.o(.text)
    TIM_UpdateDisableConfig                  0x08003f81   Thumb Code    24  stm32f4xx_tim.o(.text)
    TIM_UpdateRequestConfig                  0x08003f99   Thumb Code    24  stm32f4xx_tim.o(.text)
    TIM_ARRPreloadConfig                     0x08003fb1   Thumb Code    24  stm32f4xx_tim.o(.text)
    TIM_SelectOnePulseMode                   0x08003fc9   Thumb Code    18  stm32f4xx_tim.o(.text)
    TIM_SetClockDivision                     0x08003fdb   Thumb Code    18  stm32f4xx_tim.o(.text)
    TIM_Cmd                                  0x08003fed   Thumb Code    24  stm32f4xx_tim.o(.text)
    TIM_OC1Init                              0x08004005   Thumb Code   114  stm32f4xx_tim.o(.text)
    TIM_OC2Init                              0x08004077   Thumb Code   154  stm32f4xx_tim.o(.text)
    TIM_OC3Init                              0x08004111   Thumb Code   204  stm32f4xx_tim.o(.text)
    TIM_OC4Init                              0x080041dd   Thumb Code   112  stm32f4xx_tim.o(.text)
    TIM_OCStructInit                         0x0800424d   Thumb Code    20  stm32f4xx_tim.o(.text)
    TIM_SelectOCxM                           0x08004261   Thumb Code    86  stm32f4xx_tim.o(.text)
    TIM_SetCompare1                          0x080042b7   Thumb Code     4  stm32f4xx_tim.o(.text)
    TIM_SetCompare2                          0x080042bb   Thumb Code     4  stm32f4xx_tim.o(.text)
    TIM_SetCompare3                          0x080042bf   Thumb Code     4  stm32f4xx_tim.o(.text)
    TIM_SetCompare4                          0x080042c3   Thumb Code     4  stm32f4xx_tim.o(.text)
    TIM_ForcedOC1Config                      0x080042c7   Thumb Code    18  stm32f4xx_tim.o(.text)
    TIM_ForcedOC2Config                      0x080042d9   Thumb Code    26  stm32f4xx_tim.o(.text)
    TIM_ForcedOC3Config                      0x080042f3   Thumb Code    18  stm32f4xx_tim.o(.text)
    TIM_ForcedOC4Config                      0x08004305   Thumb Code    26  stm32f4xx_tim.o(.text)
    TIM_OC1PreloadConfig                     0x0800431f   Thumb Code    18  stm32f4xx_tim.o(.text)
    TIM_OC2PreloadConfig                     0x08004331   Thumb Code    26  stm32f4xx_tim.o(.text)
    TIM_OC3PreloadConfig                     0x0800434b   Thumb Code    18  stm32f4xx_tim.o(.text)
    TIM_OC4PreloadConfig                     0x0800435d   Thumb Code    26  stm32f4xx_tim.o(.text)
    TIM_OC1FastConfig                        0x08004377   Thumb Code    18  stm32f4xx_tim.o(.text)
    TIM_OC2FastConfig                        0x08004389   Thumb Code    26  stm32f4xx_tim.o(.text)
    TIM_OC3FastConfig                        0x080043a3   Thumb Code    18  stm32f4xx_tim.o(.text)
    TIM_OC4FastConfig                        0x080043b5   Thumb Code    26  stm32f4xx_tim.o(.text)
    TIM_ClearOC1Ref                          0x080043cf   Thumb Code    18  stm32f4xx_tim.o(.text)
    TIM_ClearOC2Ref                          0x080043e1   Thumb Code    24  stm32f4xx_tim.o(.text)
    TIM_ClearOC3Ref                          0x080043f9   Thumb Code    18  stm32f4xx_tim.o(.text)
    TIM_ClearOC4Ref                          0x0800440b   Thumb Code    24  stm32f4xx_tim.o(.text)
    TIM_OC1PolarityConfig                    0x08004423   Thumb Code    18  stm32f4xx_tim.o(.text)
    TIM_OC1NPolarityConfig                   0x08004435   Thumb Code    18  stm32f4xx_tim.o(.text)
    TIM_OC2PolarityConfig                    0x08004447   Thumb Code    26  stm32f4xx_tim.o(.text)
    TIM_OC2NPolarityConfig                   0x08004461   Thumb Code    26  stm32f4xx_tim.o(.text)
    TIM_OC3PolarityConfig                    0x0800447b   Thumb Code    26  stm32f4xx_tim.o(.text)
    TIM_OC3NPolarityConfig                   0x08004495   Thumb Code    26  stm32f4xx_tim.o(.text)
    TIM_OC4PolarityConfig                    0x080044af   Thumb Code    26  stm32f4xx_tim.o(.text)
    TIM_CCxCmd                               0x080044c9   Thumb Code    30  stm32f4xx_tim.o(.text)
    TIM_CCxNCmd                              0x080044e7   Thumb Code    30  stm32f4xx_tim.o(.text)
    TIM_SetIC4Prescaler                      0x08004505   Thumb Code    26  stm32f4xx_tim.o(.text)
    TIM_SetIC3Prescaler                      0x0800456f   Thumb Code    18  stm32f4xx_tim.o(.text)
    TIM_SetIC2Prescaler                      0x080045c9   Thumb Code    26  stm32f4xx_tim.o(.text)
    TIM_SetIC1Prescaler                      0x0800463d   Thumb Code    18  stm32f4xx_tim.o(.text)
    TIM_ICInit                               0x08004689   Thumb Code   110  stm32f4xx_tim.o(.text)
    TIM_ICStructInit                         0x080046f7   Thumb Code    18  stm32f4xx_tim.o(.text)
    TIM_PWMIConfig                           0x08004709   Thumb Code   124  stm32f4xx_tim.o(.text)
    TIM_GetCapture1                          0x08004785   Thumb Code     6  stm32f4xx_tim.o(.text)
    TIM_GetCapture2                          0x0800478b   Thumb Code     6  stm32f4xx_tim.o(.text)
    TIM_GetCapture3                          0x08004791   Thumb Code     6  stm32f4xx_tim.o(.text)
    TIM_GetCapture4                          0x08004797   Thumb Code     6  stm32f4xx_tim.o(.text)
    TIM_BDTRConfig                           0x0800479d   Thumb Code    32  stm32f4xx_tim.o(.text)
    TIM_BDTRStructInit                       0x080047bd   Thumb Code    18  stm32f4xx_tim.o(.text)
    TIM_CtrlPWMOutputs                       0x080047cf   Thumb Code    30  stm32f4xx_tim.o(.text)
    TIM_SelectCOM                            0x080047ed   Thumb Code    24  stm32f4xx_tim.o(.text)
    TIM_CCPreloadControl                     0x08004805   Thumb Code    24  stm32f4xx_tim.o(.text)
    TIM_ITConfig                             0x0800481d   Thumb Code    18  stm32f4xx_tim.o(.text)
    TIM_GenerateEvent                        0x0800482f   Thumb Code     4  stm32f4xx_tim.o(.text)
    TIM_GetFlagStatus                        0x08004833   Thumb Code    18  stm32f4xx_tim.o(.text)
    TIM_ClearFlag                            0x08004845   Thumb Code     6  stm32f4xx_tim.o(.text)
    TIM_GetITStatus                          0x0800484b   Thumb Code    34  stm32f4xx_tim.o(.text)
    TIM_ClearITPendingBit                    0x0800486d   Thumb Code     6  stm32f4xx_tim.o(.text)
    TIM_DMAConfig                            0x08004873   Thumb Code    10  stm32f4xx_tim.o(.text)
    TIM_DMACmd                               0x0800487d   Thumb Code    18  stm32f4xx_tim.o(.text)
    TIM_SelectCCDMA                          0x0800488f   Thumb Code    24  stm32f4xx_tim.o(.text)
    TIM_InternalClockConfig                  0x080048a7   Thumb Code    12  stm32f4xx_tim.o(.text)
    TIM_SelectInputTrigger                   0x080048b3   Thumb Code    18  stm32f4xx_tim.o(.text)
    TIM_ITRxExternalClockConfig              0x080048c5   Thumb Code    24  stm32f4xx_tim.o(.text)
    TIM_TIxExternalClockConfig               0x080048dd   Thumb Code    62  stm32f4xx_tim.o(.text)
    TIM_ETRConfig                            0x0800491b   Thumb Code    28  stm32f4xx_tim.o(.text)
    TIM_ETRClockMode1Config                  0x08004937   Thumb Code    54  stm32f4xx_tim.o(.text)
    TIM_ETRClockMode2Config                  0x0800496d   Thumb Code    32  stm32f4xx_tim.o(.text)
    TIM_SelectOutputTrigger                  0x0800498d   Thumb Code    18  stm32f4xx_tim.o(.text)
    TIM_SelectSlaveMode                      0x0800499f   Thumb Code    18  stm32f4xx_tim.o(.text)
    TIM_SelectMasterSlaveMode                0x080049b1   Thumb Code    18  stm32f4xx_tim.o(.text)
    TIM_EncoderInterfaceConfig               0x080049c3   Thumb Code    66  stm32f4xx_tim.o(.text)
    TIM_SelectHallSensor                     0x08004a05   Thumb Code    24  stm32f4xx_tim.o(.text)
    TIM_RemapConfig                          0x08004a1d   Thumb Code     6  stm32f4xx_tim.o(.text)
    Reset_Handler                            0x08004a25   Thumb Code     8  startup_stm32f40_41xxx.o(.text)
    NMI_Handler                              0x08004a2d   Thumb Code     2  startup_stm32f40_41xxx.o(.text)
    HardFault_Handler                        0x08004a2f   Thumb Code     2  startup_stm32f40_41xxx.o(.text)
    MemManage_Handler                        0x08004a31   Thumb Code     2  startup_stm32f40_41xxx.o(.text)
    BusFault_Handler                         0x08004a33   Thumb Code     2  startup_stm32f40_41xxx.o(.text)
    UsageFault_Handler                       0x08004a35   Thumb Code     2  startup_stm32f40_41xxx.o(.text)
    DebugMon_Handler                         0x08004a39   Thumb Code     2  startup_stm32f40_41xxx.o(.text)
    ADC_IRQHandler                           0x08004a3f   Thumb Code     0  startup_stm32f40_41xxx.o(.text)
    CAN1_RX0_IRQHandler                      0x08004a3f   Thumb Code     0  startup_stm32f40_41xxx.o(.text)
    CAN1_RX1_IRQHandler                      0x08004a3f   Thumb Code     0  startup_stm32f40_41xxx.o(.text)
    CAN1_SCE_IRQHandler                      0x08004a3f   Thumb Code     0  startup_stm32f40_41xxx.o(.text)
    CAN1_TX_IRQHandler                       0x08004a3f   Thumb Code     0  startup_stm32f40_41xxx.o(.text)
    CAN2_RX0_IRQHandler                      0x08004a3f   Thumb Code     0  startup_stm32f40_41xxx.o(.text)
    CAN2_RX1_IRQHandler                      0x08004a3f   Thumb Code     0  startup_stm32f40_41xxx.o(.text)
    CAN2_SCE_IRQHandler                      0x08004a3f   Thumb Code     0  startup_stm32f40_41xxx.o(.text)
    CAN2_TX_IRQHandler                       0x08004a3f   Thumb Code     0  startup_stm32f40_41xxx.o(.text)
    CRYP_IRQHandler                          0x08004a3f   Thumb Code     0  startup_stm32f40_41xxx.o(.text)
    DCMI_IRQHandler                          0x08004a3f   Thumb Code     0  startup_stm32f40_41xxx.o(.text)
    DMA1_Stream0_IRQHandler                  0x08004a3f   Thumb Code     0  startup_stm32f40_41xxx.o(.text)
    DMA1_Stream1_IRQHandler                  0x08004a3f   Thumb Code     0  startup_stm32f40_41xxx.o(.text)
    DMA1_Stream2_IRQHandler                  0x08004a3f   Thumb Code     0  startup_stm32f40_41xxx.o(.text)
    DMA1_Stream3_IRQHandler                  0x08004a3f   Thumb Code     0  startup_stm32f40_41xxx.o(.text)
    DMA1_Stream4_IRQHandler                  0x08004a3f   Thumb Code     0  startup_stm32f40_41xxx.o(.text)
    DMA1_Stream5_IRQHandler                  0x08004a3f   Thumb Code     0  startup_stm32f40_41xxx.o(.text)
    DMA1_Stream6_IRQHandler                  0x08004a3f   Thumb Code     0  startup_stm32f40_41xxx.o(.text)
    DMA1_Stream7_IRQHandler                  0x08004a3f   Thumb Code     0  startup_stm32f40_41xxx.o(.text)
    DMA2_Stream0_IRQHandler                  0x08004a3f   Thumb Code     0  startup_stm32f40_41xxx.o(.text)
    DMA2_Stream1_IRQHandler                  0x08004a3f   Thumb Code     0  startup_stm32f40_41xxx.o(.text)
    DMA2_Stream2_IRQHandler                  0x08004a3f   Thumb Code     0  startup_stm32f40_41xxx.o(.text)
    DMA2_Stream3_IRQHandler                  0x08004a3f   Thumb Code     0  startup_stm32f40_41xxx.o(.text)
    DMA2_Stream4_IRQHandler                  0x08004a3f   Thumb Code     0  startup_stm32f40_41xxx.o(.text)
    DMA2_Stream5_IRQHandler                  0x08004a3f   Thumb Code     0  startup_stm32f40_41xxx.o(.text)
    DMA2_Stream6_IRQHandler                  0x08004a3f   Thumb Code     0  startup_stm32f40_41xxx.o(.text)
    DMA2_Stream7_IRQHandler                  0x08004a3f   Thumb Code     0  startup_stm32f40_41xxx.o(.text)
    ETH_IRQHandler                           0x08004a3f   Thumb Code     0  startup_stm32f40_41xxx.o(.text)
    ETH_WKUP_IRQHandler                      0x08004a3f   Thumb Code     0  startup_stm32f40_41xxx.o(.text)
    EXTI0_IRQHandler                         0x08004a3f   Thumb Code     0  startup_stm32f40_41xxx.o(.text)
    EXTI1_IRQHandler                         0x08004a3f   Thumb Code     0  startup_stm32f40_41xxx.o(.text)
    EXTI2_IRQHandler                         0x08004a3f   Thumb Code     0  startup_stm32f40_41xxx.o(.text)
    EXTI3_IRQHandler                         0x08004a3f   Thumb Code     0  startup_stm32f40_41xxx.o(.text)
    EXTI4_IRQHandler                         0x08004a3f   Thumb Code     0  startup_stm32f40_41xxx.o(.text)
    EXTI9_5_IRQHandler                       0x08004a3f   Thumb Code     0  startup_stm32f40_41xxx.o(.text)
    FLASH_IRQHandler                         0x08004a3f   Thumb Code     0  startup_stm32f40_41xxx.o(.text)
    FPU_IRQHandler                           0x08004a3f   Thumb Code     0  startup_stm32f40_41xxx.o(.text)
    FSMC_IRQHandler                          0x08004a3f   Thumb Code     0  startup_stm32f40_41xxx.o(.text)
    HASH_RNG_IRQHandler                      0x08004a3f   Thumb Code     0  startup_stm32f40_41xxx.o(.text)
    I2C1_ER_IRQHandler                       0x08004a3f   Thumb Code     0  startup_stm32f40_41xxx.o(.text)
    I2C1_EV_IRQHandler                       0x08004a3f   Thumb Code     0  startup_stm32f40_41xxx.o(.text)
    I2C2_ER_IRQHandler                       0x08004a3f   Thumb Code     0  startup_stm32f40_41xxx.o(.text)
    I2C2_EV_IRQHandler                       0x08004a3f   Thumb Code     0  startup_stm32f40_41xxx.o(.text)
    I2C3_ER_IRQHandler                       0x08004a3f   Thumb Code     0  startup_stm32f40_41xxx.o(.text)
    I2C3_EV_IRQHandler                       0x08004a3f   Thumb Code     0  startup_stm32f40_41xxx.o(.text)
    OTG_FS_IRQHandler                        0x08004a3f   Thumb Code     0  startup_stm32f40_41xxx.o(.text)
    OTG_FS_WKUP_IRQHandler                   0x08004a3f   Thumb Code     0  startup_stm32f40_41xxx.o(.text)
    OTG_HS_EP1_IN_IRQHandler                 0x08004a3f   Thumb Code     0  startup_stm32f40_41xxx.o(.text)
    OTG_HS_EP1_OUT_IRQHandler                0x08004a3f   Thumb Code     0  startup_stm32f40_41xxx.o(.text)
    OTG_HS_IRQHandler                        0x08004a3f   Thumb Code     0  startup_stm32f40_41xxx.o(.text)
    OTG_HS_WKUP_IRQHandler                   0x08004a3f   Thumb Code     0  startup_stm32f40_41xxx.o(.text)
    PVD_IRQHandler                           0x08004a3f   Thumb Code     0  startup_stm32f40_41xxx.o(.text)
    RCC_IRQHandler                           0x08004a3f   Thumb Code     0  startup_stm32f40_41xxx.o(.text)
    RTC_Alarm_IRQHandler                     0x08004a3f   Thumb Code     0  startup_stm32f40_41xxx.o(.text)
    RTC_WKUP_IRQHandler                      0x08004a3f   Thumb Code     0  startup_stm32f40_41xxx.o(.text)
    SDIO_IRQHandler                          0x08004a3f   Thumb Code     0  startup_stm32f40_41xxx.o(.text)
    SPI1_IRQHandler                          0x08004a3f   Thumb Code     0  startup_stm32f40_41xxx.o(.text)
    SPI2_IRQHandler                          0x08004a3f   Thumb Code     0  startup_stm32f40_41xxx.o(.text)
    SPI3_IRQHandler                          0x08004a3f   Thumb Code     0  startup_stm32f40_41xxx.o(.text)
    TAMP_STAMP_IRQHandler                    0x08004a3f   Thumb Code     0  startup_stm32f40_41xxx.o(.text)
    TIM1_BRK_TIM9_IRQHandler                 0x08004a3f   Thumb Code     0  startup_stm32f40_41xxx.o(.text)
    TIM1_CC_IRQHandler                       0x08004a3f   Thumb Code     0  startup_stm32f40_41xxx.o(.text)
    TIM1_TRG_COM_TIM11_IRQHandler            0x08004a3f   Thumb Code     0  startup_stm32f40_41xxx.o(.text)
    TIM1_UP_TIM10_IRQHandler                 0x08004a3f   Thumb Code     0  startup_stm32f40_41xxx.o(.text)
    TIM6_DAC_IRQHandler                      0x08004a3f   Thumb Code     0  startup_stm32f40_41xxx.o(.text)
    TIM7_IRQHandler                          0x08004a3f   Thumb Code     0  startup_stm32f40_41xxx.o(.text)
    TIM8_BRK_TIM12_IRQHandler                0x08004a3f   Thumb Code     0  startup_stm32f40_41xxx.o(.text)
    TIM8_CC_IRQHandler                       0x08004a3f   Thumb Code     0  startup_stm32f40_41xxx.o(.text)
    TIM8_TRG_COM_TIM14_IRQHandler            0x08004a3f   Thumb Code     0  startup_stm32f40_41xxx.o(.text)
    TIM8_UP_TIM13_IRQHandler                 0x08004a3f   Thumb Code     0  startup_stm32f40_41xxx.o(.text)
    UART4_IRQHandler                         0x08004a3f   Thumb Code     0  startup_stm32f40_41xxx.o(.text)
    UART5_IRQHandler                         0x08004a3f   Thumb Code     0  startup_stm32f40_41xxx.o(.text)
    USART1_IRQHandler                        0x08004a3f   Thumb Code     0  startup_stm32f40_41xxx.o(.text)
    USART2_IRQHandler                        0x08004a3f   Thumb Code     0  startup_stm32f40_41xxx.o(.text)
    USART3_IRQHandler                        0x08004a3f   Thumb Code     0  startup_stm32f40_41xxx.o(.text)
    USART6_IRQHandler                        0x08004a3f   Thumb Code     0  startup_stm32f40_41xxx.o(.text)
    WWDG_IRQHandler                          0x08004a3f   Thumb Code     0  startup_stm32f40_41xxx.o(.text)
    SystemInit                               0x08004b25   Thumb Code    88  system_stm32f4xx.o(.text)
    SystemCoreClockUpdate                    0x08004b7d   Thumb Code   174  system_stm32f4xx.o(.text)
    __aeabi_uldivmod                         0x08004c59   Thumb Code    98  uldiv.o(.text)
    __aeabi_memcpy                           0x08004cbb   Thumb Code    36  memcpya.o(.text)
    __aeabi_memcpy4                          0x08004cbb   Thumb Code     0  memcpya.o(.text)
    __aeabi_memcpy8                          0x08004cbb   Thumb Code     0  memcpya.o(.text)
    __aeabi_dadd                             0x08004cdf   Thumb Code   322  dadd.o(.text)
    __aeabi_dsub                             0x08004e21   Thumb Code     6  dadd.o(.text)
    __aeabi_drsub                            0x08004e27   Thumb Code     6  dadd.o(.text)
    __aeabi_dmul                             0x08004e2d   Thumb Code   228  dmul.o(.text)
    __aeabi_ddiv                             0x08004f11   Thumb Code   222  ddiv.o(.text)
    __aeabi_f2d                              0x08004fef   Thumb Code    38  f2d.o(.text)
    __aeabi_d2f                              0x08005015   Thumb Code    56  d2f.o(.text)
    __aeabi_uidiv                            0x0800504d   Thumb Code     0  uidiv.o(.text)
    __aeabi_uidivmod                         0x0800504d   Thumb Code    44  uidiv.o(.text)
    __aeabi_llsl                             0x08005079   Thumb Code    30  llshl.o(.text)
    _ll_shift_l                              0x08005079   Thumb Code     0  llshl.o(.text)
    __aeabi_llsr                             0x08005097   Thumb Code    32  llushr.o(.text)
    _ll_ushift_r                             0x08005097   Thumb Code     0  llushr.o(.text)
    __aeabi_lasr                             0x080050b7   Thumb Code    36  llsshr.o(.text)
    _ll_sshift_r                             0x080050b7   Thumb Code     0  llsshr.o(.text)
    __I$use$fp                               0x080050db   Thumb Code     0  iusefp.o(.text)
    _float_round                             0x080050db   Thumb Code    18  fepilogue.o(.text)
    _float_epilogue                          0x080050ed   Thumb Code    92  fepilogue.o(.text)
    _double_round                            0x08005149   Thumb Code    30  depilogue.o(.text)
    _double_epilogue                         0x08005167   Thumb Code   156  depilogue.o(.text)
    __ARM_scalbn                             0x08005203   Thumb Code    46  dscalb.o(.text)
    scalbn                                   0x08005203   Thumb Code     0  dscalb.o(.text)
    _dsqrt                                   0x08005231   Thumb Code   162  dsqrt.o(.text)
    __aeabi_i2d                              0x080052d3   Thumb Code    34  dflti.o(.text)
    __aeabi_d2ulz                            0x080052f5   Thumb Code    48  dfixul.o(.text)
    __aeabi_cdrcmple                         0x08005325   Thumb Code    48  cdrcmple.o(.text)
    __scatterload                            0x08005355   Thumb Code    28  init.o(.text)
    __scatterload_rt2                        0x08005355   Thumb Code     0  init.o(.text)
    __decompress                             0x08005379   Thumb Code     0  __dczerorl2.o(.text)
    __decompress1                            0x08005379   Thumb Code    86  __dczerorl2.o(.text)
    SVC_Count                                0x080053d0   Data           4  svc_table.o(SVC_TABLE)
    SVC_Table                                0x080053d4   Data           0  svc_table.o(SVC_TABLE)
    __0printf                                0x080053d5   Thumb Code    22  printfa.o(i.__0printf)
    __1printf                                0x080053d5   Thumb Code     0  printfa.o(i.__0printf)
    __2printf                                0x080053d5   Thumb Code     0  printfa.o(i.__0printf)
    __c89printf                              0x080053d5   Thumb Code     0  printfa.o(i.__0printf)
    printf                                   0x080053d5   Thumb Code     0  printfa.o(i.__0printf)
    __ARM_fpclassify                         0x080053f5   Thumb Code    48  fpclassify.o(i.__ARM_fpclassify)
    __hardfp_atan                            0x08005429   Thumb Code   622  atan.o(i.__hardfp_atan)
    __hardfp_fabs                            0x08005701   Thumb Code    20  fabs.o(i.__hardfp_fabs)
    __hardfp_pow                             0x08005719   Thumb Code  3044  pow.o(i.__hardfp_pow)
    __hardfp_sqrt                            0x08006351   Thumb Code   122  sqrt.o(i.__hardfp_sqrt)
    __kernel_poly                            0x080063cb   Thumb Code   248  poly.o(i.__kernel_poly)
    __mathlib_dbl_divzero                    0x080064c9   Thumb Code    28  dunder.o(i.__mathlib_dbl_divzero)
    __mathlib_dbl_infnan                     0x080064f9   Thumb Code    20  dunder.o(i.__mathlib_dbl_infnan)
    __mathlib_dbl_infnan2                    0x0800650d   Thumb Code    20  dunder.o(i.__mathlib_dbl_infnan2)
    __mathlib_dbl_invalid                    0x08006521   Thumb Code    24  dunder.o(i.__mathlib_dbl_invalid)
    __mathlib_dbl_overflow                   0x08006541   Thumb Code    24  dunder.o(i.__mathlib_dbl_overflow)
    __mathlib_dbl_underflow                  0x08006561   Thumb Code    24  dunder.o(i.__mathlib_dbl_underflow)
    __scatterload_copy                       0x08006581   Thumb Code    14  handlers.o(i.__scatterload_copy)
    __scatterload_null                       0x0800658f   Thumb Code     2  handlers.o(i.__scatterload_null)
    __scatterload_zeroinit                   0x08006591   Thumb Code    14  handlers.o(i.__scatterload_zeroinit)
    __set_errno                              0x080065a1   Thumb Code     6  errno.o(i.__set_errno)
    _init_box                                0x08006711   Thumb Code    70  rt_membox.o(i._init_box)
    dbg_init                                 0x08006e89   Thumb Code    34  hal_cm.o(i.dbg_init)
    dbg_task_notify                          0x08006eb9   Thumb Code    32  hal_cm.o(i.dbg_task_notify)
    dbg_task_switch                          0x08006ed9   Thumb Code    16  hal_cm.o(i.dbg_task_switch)
    fabs                                     0x08006ee9   Thumb Code    24  fabs.o(i.fabs)
    isrMessageGet                            0x08006f01   Thumb Code    42  rt_cmsis.o(i.isrMessageGet)
    isrMessagePut                            0x08006f2b   Thumb Code    44  rt_cmsis.o(i.isrMessagePut)
    isrSemaphoreRelease                      0x08006f57   Thumb Code    40  rt_cmsis.o(i.isrSemaphoreRelease)
    isrSignalSet                             0x08006f7f   Thumb Code    36  rt_cmsis.o(i.isrSignalSet)
    isr_evt_set                              0x08006fa5   Thumb Code    34  rt_event.o(i.isr_evt_set)
    isr_mbx_receive                          0x08006fcd   Thumb Code    82  rt_mailbox.o(i.isr_mbx_receive)
    isr_mbx_send                             0x0800701f   Thumb Code    14  rt_mailbox.o(i.isr_mbx_send)
    isr_sem_send                             0x0800702d   Thumb Code    16  rt_semaphore.o(i.isr_sem_send)
    osDelay                                  0x0800703d   Thumb Code    18  rt_cmsis.o(i.osDelay)
    osKernelInitialize                       0x08007055   Thumb Code    30  rt_cmsis.o(i.osKernelInitialize)
    osKernelStart                            0x08007079   Thumb Code    98  rt_cmsis.o(i.osKernelStart)
    osMessageGet                             0x080070e5   Thumb Code    18  rt_cmsis.o(i.osMessageGet)
    osSemaphoreRelease                       0x080070fd   Thumb Code    18  rt_cmsis.o(i.osSemaphoreRelease)
    osSemaphoreWait                          0x08007115   Thumb Code    20  rt_cmsis.o(i.osSemaphoreWait)
    osSignalSet                              0x0800712d   Thumb Code    18  rt_cmsis.o(i.osSignalSet)
    osSignalWait                             0x08007145   Thumb Code    18  rt_cmsis.o(i.osSignalWait)
    osThreadCreate                           0x0800715d   Thumb Code    38  rt_cmsis.o(i.osThreadCreate)
    osThreadExit                             0x0800718d   Thumb Code    14  rt_cmsis.o(i.osThreadExit)
    osThreadGetId                            0x080071a5   Thumb Code    18  rt_cmsis.o(i.osThreadGetId)
    osTimerCall                              0x080071bd   Thumb Code     8  rt_cmsis.o(i.osTimerCall)
    osTimerThread                            0x080071c9   Thumb Code    38  rt_cmsis.o(i.osTimerThread)
    os_tick_init                             0x080071f5   Thumb Code    32  rt_system.o(i.os_tick_init)
    os_tick_irqack                           0x0800721d   Thumb Code     2  rt_system.o(i.os_tick_irqack)
    rt_alloc_box                             0x0800721f   Thumb Code    26  rt_membox.o(i.rt_alloc_box)
    rt_alloc_mem                             0x08007239   Thumb Code    62  rt_memory.o(i.rt_alloc_mem)
    rt_block                                 0x08007279   Thumb Code    48  rt_task.o(i.rt_block)
    rt_chk_robin                             0x080072b1   Thumb Code    60  rt_robin.o(i.rt_chk_robin)
    rt_dec_dly                               0x080072f9   Thumb Code   102  rt_list.o(i.rt_dec_dly)
    rt_dispatch                              0x08007369   Thumb Code    60  rt_task.o(i.rt_dispatch)
    rt_dly_wait                              0x080073ad   Thumb Code     6  rt_time.o(i.rt_dly_wait)
    rt_evt_psh                               0x080073b5   Thumb Code    76  rt_event.o(i.rt_evt_psh)
    rt_evt_set                               0x08007405   Thumb Code    88  rt_event.o(i.rt_evt_set)
    rt_evt_wait                              0x08007461   Thumb Code    56  rt_event.o(i.rt_evt_wait)
    rt_free_box                              0x0800749d   Thumb Code    44  rt_membox.o(i.rt_free_box)
    rt_free_mem                              0x080074c9   Thumb Code    40  rt_memory.o(i.rt_free_mem)
    rt_get_first                             0x080074f1   Thumb Code    40  rt_list.o(i.rt_get_first)
    rt_init_mem                              0x08007569   Thumb Code    26  rt_memory.o(i.rt_init_mem)
    rt_init_robin                            0x08007585   Thumb Code    14  rt_robin.o(i.rt_init_robin)
    rt_init_stack                            0x0800759d   Thumb Code   118  hal_cm.o(i.rt_init_stack)
    rt_mbx_check                             0x0800761d   Thumb Code     8  rt_mailbox.o(i.rt_mbx_check)
    rt_mbx_init                              0x08007625   Thumb Code    26  rt_mailbox.o(i.rt_mbx_init)
    rt_mbx_psh                               0x08007641   Thumb Code   236  rt_mailbox.o(i.rt_mbx_psh)
    rt_mbx_wait                              0x08007731   Thumb Code   174  rt_mailbox.o(i.rt_mbx_wait)
    rt_pop_req                               0x08007829   Thumb Code   112  rt_system.o(i.rt_pop_req)
    rt_psh_req                               0x080078a5   Thumb Code    22  rt_system.o(i.rt_psh_req)
    rt_psq_enq                               0x080078c5   Thumb Code    88  rt_list.o(i.rt_psq_enq)
    rt_put_dly                               0x08007921   Thumb Code    68  rt_list.o(i.rt_put_dly)
    rt_put_prio                              0x08007969   Thumb Code    54  rt_list.o(i.rt_put_prio)
    rt_put_rdy_first                         0x080079a1   Thumb Code    14  rt_list.o(i.rt_put_rdy_first)
    rt_resort_prio                           0x080079b5   Thumb Code    46  rt_list.o(i.rt_resort_prio)
    rt_ret_val                               0x080079f9   Thumb Code    12  hal_cm.o(i.rt_ret_val)
    rt_ret_val2                              0x08007a05   Thumb Code    16  hal_cm.o(i.rt_ret_val2)
    rt_rmv_dly                               0x08007a15   Thumb Code    40  rt_list.o(i.rt_rmv_dly)
    rt_rmv_list                              0x08007a3d   Thumb Code    44  rt_list.o(i.rt_rmv_list)
    rt_sem_psh                               0x08007a6d   Thumb Code    48  rt_semaphore.o(i.rt_sem_psh)
    rt_sem_send                              0x08007aa1   Thumb Code    42  rt_semaphore.o(i.rt_sem_send)
    rt_sem_wait                              0x08007acd   Thumb Code    58  rt_semaphore.o(i.rt_sem_wait)
    rt_stk_check                             0x08007b0d   Thumb Code    28  rt_system.o(i.rt_stk_check)
    rt_switch_req                            0x08007b31   Thumb Code    30  rt_task.o(i.rt_switch_req)
    rt_sys_init                              0x08007b59   Thumb Code   138  rt_task.o(i.rt_sys_init)
    rt_sys_start                             0x08007c25   Thumb Code   110  rt_task.o(i.rt_sys_start)
    rt_systick                               0x08007c9d   Thumb Code    50  rt_system.o(i.rt_systick)
    rt_tsk_create                            0x08007d25   Thumb Code   120  rt_task.o(i.rt_tsk_create)
    rt_tsk_delete                            0x08007dad   Thumb Code   346  rt_task.o(i.rt_tsk_delete)
    rt_tsk_prio                              0x08007f25   Thumb Code   108  rt_task.o(i.rt_tsk_prio)
    rt_tsk_self                              0x08007fa1   Thumb Code    12  rt_task.o(i.rt_tsk_self)
    sqrt                                     0x08007fb1   Thumb Code   110  sqrt.o(i.sqrt)
    svcDelay                                 0x0800801f   Thumb Code    18  rt_cmsis.o(i.svcDelay)
    svcKernelInitialize                      0x08008031   Thumb Code    80  rt_cmsis.o(i.svcKernelInitialize)
    svcKernelStart                           0x080080a1   Thumb Code    62  rt_cmsis.o(i.svcKernelStart)
    svcMessageCreate                         0x080080e9   Thumb Code    36  rt_cmsis.o(i.svcMessageCreate)
    svcMessageGet                            0x0800810d   Thumb Code    58  rt_cmsis.o(i.svcMessageGet)
    svcSemaphoreRelease                      0x08008147   Thumb Code    40  rt_cmsis.o(i.svcSemaphoreRelease)
    svcSemaphoreWait                         0x0800816f   Thumb Code    50  rt_cmsis.o(i.svcSemaphoreWait)
    svcSignalSet                             0x080081a1   Thumb Code    36  rt_cmsis.o(i.svcSignalSet)
    svcSignalWait                            0x080081c5   Thumb Code    80  rt_cmsis.o(i.svcSignalWait)
    svcThreadCreate                          0x08008219   Thumb Code   100  rt_cmsis.o(i.svcThreadCreate)
    svcThreadGetId                           0x08008289   Thumb Code    22  rt_cmsis.o(i.svcThreadGetId)
    svcThreadTerminate                       0x080082a5   Thumb Code    50  rt_cmsis.o(i.svcThreadTerminate)
    svcTimerCall                             0x080082dd   Thumb Code    24  rt_cmsis.o(i.svcTimerCall)
    sysTimerTick                             0x080082f5   Thumb Code    84  rt_cmsis.o(i.sysTimerTick)
    os_thread_def_RxPacket                   0x08008350   Data          16  main.o(.constdata)
    os_maxtaskrun                            0x08008360   Data           2  rtx_conf_cm.o(.constdata)
    os_stackinfo                             0x08008364   Data           4  rtx_conf_cm.o(.constdata)
    os_rrobin                                0x08008368   Data           4  rtx_conf_cm.o(.constdata)
    os_tickfreq                              0x0800836c   Data           4  rtx_conf_cm.o(.constdata)
    os_tickus_i                              0x08008370   Data           2  rtx_conf_cm.o(.constdata)
    os_tickus_f                              0x08008372   Data           2  rtx_conf_cm.o(.constdata)
    os_trv                                   0x08008374   Data           4  rtx_conf_cm.o(.constdata)
    os_flags                                 0x08008378   Data           1  rtx_conf_cm.o(.constdata)
    CMSIS_RTOS_API_Version                   0x0800837c   Data           4  rtx_conf_cm.o(.constdata)
    CMSIS_RTOS_RTX_Version                   0x08008380   Data           4  rtx_conf_cm.o(.constdata)
    os_clockrate                             0x08008384   Data           4  rtx_conf_cm.o(.constdata)
    os_timernum                              0x08008388   Data           4  rtx_conf_cm.o(.constdata)
    mp_tcb_size                              0x0800838c   Data           2  rtx_conf_cm.o(.constdata)
    mp_stk_size                              0x08008390   Data           4  rtx_conf_cm.o(.constdata)
    os_stack_sz                              0x08008394   Data           4  rtx_conf_cm.o(.constdata)
    os_fifo_size                             0x08008398   Data           1  rtx_conf_cm.o(.constdata)
    os_thread_def_osTimerThread              0x0800839c   Data          16  rtx_conf_cm.o(.constdata)
    os_messageQ_def_osTimerMessageQ          0x080083ac   Data           8  rtx_conf_cm.o(.constdata)
    mp_tmr_size                              0x080083b4   Data           2  rtx_conf_cm.o(.constdata)
    __mathlib_zero                           0x080084d8   Data           8  qnan.o(.constdata)
    Region$$Table$$Base                      0x080084e0   Number         0  anon$$obj.o(Region$$Table)
    Region$$Table$$Limit                     0x08008500   Number         0  anon$$obj.o(Region$$Table)
    buf                                      0x20000000   Data           1  main.o(.data)
    Rx_thread                                0x20000004   Data           4  main.o(.data)
    Tx_thread                                0x20000008   Data           4  main.o(.data)
    select                                   0x20000050   Data           1  keypad.o(.data)
    readrow                                  0x20000051   Data           1  keypad.o(.data)
    readcol                                  0x20000052   Data           1  keypad.o(.data)
    previousValueRow                         0x20000054   Data           4  keypad.o(.data)
    previousValueCol                         0x20000058   Data           4  keypad.o(.data)
    LED_interrupt                            0x2000005c   Data           4  sevensegdisplay.o(.data)
    GPIO_InitStruct                          0x20000060   Data           8  temperaturesensor.o(.data)
    temp                                     0x2000006c   Data           4  temperature_thread.o(.data)
    Interrupt_Timer_Temperature_read         0x20000070   Data           4  temperature_thread.o(.data)
    temperatureGetId                         0x20000074   Data           4  temperature_thread.o(.data)
    threshold                                0x20000078   Data           4  temperature_thread.o(.data)
    roll                                     0x200000ac   Data           4  accelerometer_thread.o(.data)
    pitch                                    0x200000b0   Data           4  accelerometer_thread.o(.data)
    accelerometer_interrupt                  0x200000b4   Data           4  accelerometer_thread.o(.data)
    tiltGetId                                0x200000b8   Data           4  accelerometer_thread.o(.data)
    disp_interrupt                           0x200000ec   Data           4  displayled.o(.data)
    displayState                             0x200000f0   Data           4  displayled.o(.data)
    displayRollPitch                         0x200000f4   Data           4  displayled.o(.data)
    thresh                                   0x200000f8   Data           4  displayled.o(.data)
    LIS3DSHTimeout                           0x200000fc   Data           4  lis3dsh.o(.data)
    osThreadId_osTimerThread                 0x20000100   Data           4  rtx_conf_cm.o(.data)
    osMessageQId_osTimerMessageQ             0x20000104   Data           4  rtx_conf_cm.o(.data)
    os_tmr                                   0x20000108   Data           4  rtx_conf_cm.o(.data)
    m_tmr                                    0x2000010c   Data           4  rtx_conf_cm.o(.data)
    os_thread_def_main                       0x20000110   Data          16  rtx_conf_cm.o(.data)
    SystemCoreClock                          0x20000130   Data           4  system_stm32f4xx.o(.data)
    AHBPrescTable                            0x20000134   Data          16  system_stm32f4xx.o(.data)
    os_initialized                           0x20000144   Data           1  rt_cmsis.o(.data)
    os_running                               0x20000145   Data           1  rt_cmsis.o(.data)
    os_timer_head                            0x20000148   Data           4  rt_cmsis.o(.data)
    os_tsk                                   0x2000014c   Data           8  rt_task.o(.data)
    os_tick_irqn                             0x20000158   Data           4  rt_system.o(.data)
    os_time                                  0x2000015c   Data           4  rt_time.o(.data)
    dbg_msg                                  0x20000160   Data           1  hal_cm.o(.data)
    os_robin                                 0x20000164   Data           8  rt_robin.o(.data)
    __stdout                                 0x2000016c   Data           4  stdout.o(.data)
    ma                                       0x20000174   Data          88  temperaturesensor.o(.bss)
    ADC_InitStruct                           0x200001cc   Data          24  temperaturesensor.o(.bss)
    ADC_CommonInitStruct                     0x200001e4   Data          16  temperaturesensor.o(.bss)
    mp_tcb                                   0x200001f8   Data         376  rtx_conf_cm.o(.bss)
    mp_stk                                   0x20000370   Data        7216  rtx_conf_cm.o(.bss)
    os_stack_mem                             0x20001fa0   Data        1432  rtx_conf_cm.o(.bss)
    os_fifo                                  0x20002538   Data         132  rtx_conf_cm.o(.bss)
    os_active_TCB                            0x200025bc   Data          28  rtx_conf_cm.o(.bss)
    os_messageQ_q_osTimerMessageQ            0x200025d8   Data          32  rtx_conf_cm.o(.bss)
    os_idle_TCB                              0x200025f8   Data          52  rt_task.o(.bss)
    os_rdy                                   0x2000262c   Data          24  rt_list.o(.bss)
    os_dly                                   0x20002644   Data          24  rt_list.o(.bss)
    __initial_sp                             0x20002a60   Data           0  startup_stm32f40_41xxx.o(STACK)



==============================================================================

Memory Map of the image

  Image Entry point : 0x08000189

  Load Region LR_IROM1 (Base: 0x08000000, Size: 0x00008674, Max: 0x00100000, ABSOLUTE, COMPRESSED[0x00008550])

    Execution Region ER_IROM1 (Base: 0x08000000, Size: 0x00008500, Max: 0x00100000, ABSOLUTE)

    Base Addr    Size         Type   Attr      Idx    E Section Name        Object

    0x08000000   0x00000188   Data   RO         1363    RESET               startup_stm32f40_41xxx.o
    0x08000188   0x00000000   Code   RO         2663  * .ARM.Collect$$$$00000000  mc_w.l(entry.o)
    0x08000188   0x00000004   Code   RO         2962    .ARM.Collect$$$$00000001  mc_w.l(entry2.o)
    0x0800018c   0x00000004   Code   RO         2965    .ARM.Collect$$$$00000004  mc_w.l(entry5.o)
    0x08000190   0x00000000   Code   RO         2967    .ARM.Collect$$$$00000008  mc_w.l(entry7b.o)
    0x08000190   0x00000000   Code   RO         2969    .ARM.Collect$$$$0000000A  mc_w.l(entry8b.o)
    0x08000190   0x00000000   Code   RO         2970    .ARM.Collect$$$$0000000D  mc_w.l(entry10a.o)
    0x08000190   0x00000000   Code   RO         2972    .ARM.Collect$$$$0000000F  mc_w.l(entry11a.o)
    0x08000190   0x00000018   Code   RO          586    .ARM.Collect$$$$000000FF  rtx_conf_cm.o
    0x080001a8   0x00000004   Code   RO         2963    .ARM.Collect$$$$00002712  mc_w.l(entry2.o)
    0x080001ac   0x00000198   Code   RO         2604    .emb_text           RTX_CM4.lib(hal_cm4.o)
    0x08000344   0x00000284   Code   RO            4    .text               main.o
    0x080005c8   0x00000038   Code   RO          162    .text               fputc_debug.o
    0x08000600   0x00000298   Code   RO          191    .text               calculate_angle_tilted.o
    0x08000898   0x00000108   Code   RO          213    .text               calibrate.o
    0x080009a0   0x0000002c   Code   RO          231    .text               configure_accelerometer.o
    0x080009cc   0x000001f0   Code   RO          265    .text               keypad.o
    0x08000bbc   0x000000a8   Code   RO          296    .text               mem_interrupt.o
    0x08000c64   0x000000a8   Code   RO          317    .text               movingaveragefilter.o
    0x08000d0c   0x00000b5c   Code   RO          335    .text               sevensegdisplay.o
    0x08001868   0x00000244   Code   RO          368    .text               temperaturesensor.o
    0x08001aac   0x000000c4   Code   RO          402    .text               temperature_thread.o
    0x08001b70   0x000001e0   Code   RO          443    .text               accelerometer_thread.o
    0x08001d50   0x000001e8   Code   RO          473    .text               displayled.o
    0x08001f38   0x000004dc   Code   RO          501    .text               cc2500.o
    0x08002414   0x0000054c   Code   RO          532    .text               lis3dsh.o
    0x08002960   0x0000001e   Code   RO          587    .text               rtx_conf_cm.o
    0x0800297e   0x00000002   PAD
    0x08002980   0x000000e0   Code   RO          618    .text               misc.o
    0x08002a60   0x00000464   Code   RO          642    .text               stm32f4xx_adc.o
    0x08002ec4   0x00000110   Code   RO          906    .text               stm32f4xx_exti.o
    0x08002fd4   0x00000294   Code   RO          978    .text               stm32f4xx_gpio.o
    0x08003268   0x00000634   Code   RO         1146    .text               stm32f4xx_rcc.o
    0x0800389c   0x0000044e   Code   RO         1244    .text               stm32f4xx_spi.o
    0x08003cea   0x00000002   PAD
    0x08003cec   0x00000094   Code   RO         1268    .text               stm32f4xx_syscfg.o
    0x08003d80   0x00000ca2   Code   RO         1292    .text               stm32f4xx_tim.o
    0x08004a22   0x00000002   PAD
    0x08004a24   0x00000024   Code   RO         1364    .text               startup_stm32f40_41xxx.o
    0x08004a48   0x00000210   Code   RO         1371    .text               system_stm32f4xx.o
    0x08004c58   0x00000062   Code   RO         2666    .text               mc_w.l(uldiv.o)
    0x08004cba   0x00000024   Code   RO         2668    .text               mc_w.l(memcpya.o)
    0x08004cde   0x0000014e   Code   RO         2933    .text               mf_w.l(dadd.o)
    0x08004e2c   0x000000e4   Code   RO         2935    .text               mf_w.l(dmul.o)
    0x08004f10   0x000000de   Code   RO         2937    .text               mf_w.l(ddiv.o)
    0x08004fee   0x00000026   Code   RO         2939    .text               mf_w.l(f2d.o)
    0x08005014   0x00000038   Code   RO         2941    .text               mf_w.l(d2f.o)
    0x0800504c   0x0000002c   Code   RO         2975    .text               mc_w.l(uidiv.o)
    0x08005078   0x0000001e   Code   RO         2977    .text               mc_w.l(llshl.o)
    0x08005096   0x00000020   Code   RO         2979    .text               mc_w.l(llushr.o)
    0x080050b6   0x00000024   Code   RO         2981    .text               mc_w.l(llsshr.o)
    0x080050da   0x00000000   Code   RO         2990    .text               mc_w.l(iusefp.o)
    0x080050da   0x0000006e   Code   RO         2991    .text               mf_w.l(fepilogue.o)
    0x08005148   0x000000ba   Code   RO         2993    .text               mf_w.l(depilogue.o)
    0x08005202   0x0000002e   Code   RO         2997    .text               mf_w.l(dscalb.o)
    0x08005230   0x000000a2   Code   RO         2999    .text               mf_w.l(dsqrt.o)
    0x080052d2   0x00000022   Code   RO         3001    .text               mf_w.l(dflti.o)
    0x080052f4   0x00000030   Code   RO         3003    .text               mf_w.l(dfixul.o)
    0x08005324   0x00000030   Code   RO         3007    .text               mf_w.l(cdrcmple.o)
    0x08005354   0x00000024   Code   RO         3009    .text               mc_w.l(init.o)
    0x08005378   0x00000056   Code   RO         3019    .text               mc_w.l(__dczerorl2.o)
    0x080053ce   0x00000002   PAD
    0x080053d0   0x00000004   Code   RO         2614    SVC_TABLE           RTX_CM4.lib(svc_table.o)
    0x080053d4   0x00000020   Code   RO         2905    i.__0printf         mc_w.l(printfa.o)
    0x080053f4   0x00000030   Code   RO         2957    i.__ARM_fpclassify  m_wm.l(fpclassify.o)
    0x08005424   0x00000004   PAD
    0x08005428   0x000002d8   Code   RO         2617    i.__hardfp_atan     m_wm.l(atan.o)
    0x08005700   0x00000014   Code   RO         2631    i.__hardfp_fabs     m_wm.l(fabs.o)
    0x08005714   0x00000004   PAD
    0x08005718   0x00000c38   Code   RO         2637    i.__hardfp_pow      m_wm.l(pow.o)
    0x08006350   0x0000007a   Code   RO         2651    i.__hardfp_sqrt     m_wm.l(sqrt.o)
    0x080063ca   0x000000f8   Code   RO         2959    i.__kernel_poly     m_wm.l(poly.o)
    0x080064c2   0x00000006   PAD
    0x080064c8   0x00000030   Code   RO         2943    i.__mathlib_dbl_divzero  m_wm.l(dunder.o)
    0x080064f8   0x00000014   Code   RO         2944    i.__mathlib_dbl_infnan  m_wm.l(dunder.o)
    0x0800650c   0x00000014   Code   RO         2945    i.__mathlib_dbl_infnan2  m_wm.l(dunder.o)
    0x08006520   0x00000020   Code   RO         2946    i.__mathlib_dbl_invalid  m_wm.l(dunder.o)
    0x08006540   0x00000020   Code   RO         2947    i.__mathlib_dbl_overflow  m_wm.l(dunder.o)
    0x08006560   0x00000020   Code   RO         2949    i.__mathlib_dbl_underflow  m_wm.l(dunder.o)
    0x08006580   0x0000000e   Code   RO         3013    i.__scatterload_copy  mc_w.l(handlers.o)
    0x0800658e   0x00000002   Code   RO         3014    i.__scatterload_null  mc_w.l(handlers.o)
    0x08006590   0x0000000e   Code   RO         3015    i.__scatterload_zeroinit  mc_w.l(handlers.o)
    0x0800659e   0x00000002   PAD
    0x080065a0   0x0000000c   Code   RO         2985    i.__set_errno       mc_w.l(errno.o)
    0x080065ac   0x00000164   Code   RO         2912    i._fp_digits        mc_w.l(printfa.o)
    0x08006710   0x00000046   Code   RO         2477    i._init_box         RTX_CM4.lib(rt_membox.o)
    0x08006756   0x00000002   PAD
    0x08006758   0x000006dc   Code   RO         2913    i._printf_core      mc_w.l(printfa.o)
    0x08006e34   0x00000024   Code   RO         2914    i._printf_post_padding  mc_w.l(printfa.o)
    0x08006e58   0x0000002e   Code   RO         2915    i._printf_pre_padding  mc_w.l(printfa.o)
    0x08006e86   0x00000002   PAD
    0x08006e88   0x00000030   Code   RO         2530    i.dbg_init          RTX_CM4.lib(hal_cm.o)
    0x08006eb8   0x00000020   Code   RO         2531    i.dbg_task_notify   RTX_CM4.lib(hal_cm.o)
    0x08006ed8   0x00000010   Code   RO         2532    i.dbg_task_switch   RTX_CM4.lib(hal_cm.o)
    0x08006ee8   0x00000018   Code   RO         2633    i.fabs              m_wm.l(fabs.o)
    0x08006f00   0x0000002a   Code   RO         1401    i.isrMessageGet     RTX_CM4.lib(rt_cmsis.o)
    0x08006f2a   0x0000002c   Code   RO         1402    i.isrMessagePut     RTX_CM4.lib(rt_cmsis.o)
    0x08006f56   0x00000028   Code   RO         1403    i.isrSemaphoreRelease  RTX_CM4.lib(rt_cmsis.o)
    0x08006f7e   0x00000024   Code   RO         1404    i.isrSignalSet      RTX_CM4.lib(rt_cmsis.o)
    0x08006fa2   0x00000002   PAD
    0x08006fa4   0x00000028   Code   RO         2201    i.isr_evt_set       RTX_CM4.lib(rt_event.o)
    0x08006fcc   0x00000052   Code   RO         2323    i.isr_mbx_receive   RTX_CM4.lib(rt_mailbox.o)
    0x0800701e   0x0000000e   Code   RO         2324    i.isr_mbx_send      RTX_CM4.lib(rt_mailbox.o)
    0x0800702c   0x00000010   Code   RO         2371    i.isr_sem_send      RTX_CM4.lib(rt_semaphore.o)
    0x0800703c   0x00000018   Code   RO         1405    i.osDelay           RTX_CM4.lib(rt_cmsis.o)
    0x08007054   0x00000024   Code   RO         1406    i.osKernelInitialize  RTX_CM4.lib(rt_cmsis.o)
    0x08007078   0x0000006c   Code   RO         1408    i.osKernelStart     RTX_CM4.lib(rt_cmsis.o)
    0x080070e4   0x00000018   Code   RO         1417    i.osMessageGet      RTX_CM4.lib(rt_cmsis.o)
    0x080070fc   0x00000018   Code   RO         1429    i.osSemaphoreRelease  RTX_CM4.lib(rt_cmsis.o)
    0x08007114   0x00000018   Code   RO         1430    i.osSemaphoreWait   RTX_CM4.lib(rt_cmsis.o)
    0x0800712c   0x00000018   Code   RO         1432    i.osSignalSet       RTX_CM4.lib(rt_cmsis.o)
    0x08007144   0x00000018   Code   RO         1433    i.osSignalWait      RTX_CM4.lib(rt_cmsis.o)
    0x0800715c   0x00000030   Code   RO         1434    i.osThreadCreate    RTX_CM4.lib(rt_cmsis.o)
    0x0800718c   0x00000018   Code   RO         1435    i.osThreadExit      RTX_CM4.lib(rt_cmsis.o)
    0x080071a4   0x00000018   Code   RO         1436    i.osThreadGetId     RTX_CM4.lib(rt_cmsis.o)
    0x080071bc   0x0000000c   Code   RO         1441    i.osTimerCall       RTX_CM4.lib(rt_cmsis.o)
    0x080071c8   0x0000002c   Code   RO         1446    i.osTimerThread     RTX_CM4.lib(rt_cmsis.o)
    0x080071f4   0x00000028   Code   RO         2111    i.os_tick_init      RTX_CM4.lib(rt_system.o)
    0x0800721c   0x00000002   Code   RO         2112    i.os_tick_irqack    RTX_CM4.lib(rt_system.o)
    0x0800721e   0x0000001a   Code   RO         2478    i.rt_alloc_box      RTX_CM4.lib(rt_membox.o)
    0x08007238   0x0000003e   Code   RO         2506    i.rt_alloc_mem      RTX_CM4.lib(rt_memory.o)
    0x08007276   0x00000002   PAD
    0x08007278   0x00000038   Code   RO         2026    i.rt_block          RTX_CM4.lib(rt_task.o)
    0x080072b0   0x00000048   Code   RO         2583    i.rt_chk_robin      RTX_CM4.lib(rt_robin.o)
    0x080072f8   0x00000070   Code   RO         2247    i.rt_dec_dly        RTX_CM4.lib(rt_list.o)
    0x08007368   0x00000044   Code   RO         2027    i.rt_dispatch       RTX_CM4.lib(rt_task.o)
    0x080073ac   0x00000006   Code   RO         2413    i.rt_dly_wait       RTX_CM4.lib(rt_time.o)
    0x080073b2   0x00000002   PAD
    0x080073b4   0x00000050   Code   RO         2204    i.rt_evt_psh        RTX_CM4.lib(rt_event.o)
    0x08007404   0x0000005c   Code   RO         2205    i.rt_evt_set        RTX_CM4.lib(rt_event.o)
    0x08007460   0x0000003c   Code   RO         2206    i.rt_evt_wait       RTX_CM4.lib(rt_event.o)
    0x0800749c   0x0000002c   Code   RO         2479    i.rt_free_box       RTX_CM4.lib(rt_membox.o)
    0x080074c8   0x00000028   Code   RO         2507    i.rt_free_mem       RTX_CM4.lib(rt_memory.o)
    0x080074f0   0x00000028   Code   RO         2248    i.rt_get_first      RTX_CM4.lib(rt_list.o)
    0x08007518   0x00000008   Code   RO         1451    i.rt_id2obj         RTX_CM4.lib(rt_cmsis.o)
    0x08007520   0x00000048   Code   RO         2028    i.rt_init_context   RTX_CM4.lib(rt_task.o)
    0x08007568   0x0000001a   Code   RO         2508    i.rt_init_mem       RTX_CM4.lib(rt_memory.o)
    0x08007582   0x00000002   PAD
    0x08007584   0x00000018   Code   RO         2584    i.rt_init_robin     RTX_CM4.lib(rt_robin.o)
    0x0800759c   0x00000080   Code   RO         2533    i.rt_init_stack     RTX_CM4.lib(hal_cm.o)
    0x0800761c   0x00000008   Code   RO         2325    i.rt_mbx_check      RTX_CM4.lib(rt_mailbox.o)
    0x08007624   0x0000001a   Code   RO         2326    i.rt_mbx_init       RTX_CM4.lib(rt_mailbox.o)
    0x0800763e   0x00000002   PAD
    0x08007640   0x000000f0   Code   RO         2327    i.rt_mbx_psh        RTX_CM4.lib(rt_mailbox.o)
    0x08007730   0x000000b4   Code   RO         2329    i.rt_mbx_wait       RTX_CM4.lib(rt_mailbox.o)
    0x080077e4   0x00000044   Code   RO         1452    i.rt_ms2tick        RTX_CM4.lib(rt_cmsis.o)
    0x08007828   0x0000007c   Code   RO         2115    i.rt_pop_req        RTX_CM4.lib(rt_system.o)
    0x080078a4   0x00000020   Code   RO         2116    i.rt_psh_req        RTX_CM4.lib(rt_system.o)
    0x080078c4   0x0000005c   Code   RO         2250    i.rt_psq_enq        RTX_CM4.lib(rt_list.o)
    0x08007920   0x00000048   Code   RO         2251    i.rt_put_dly        RTX_CM4.lib(rt_list.o)
    0x08007968   0x00000036   Code   RO         2252    i.rt_put_prio       RTX_CM4.lib(rt_list.o)
    0x0800799e   0x00000002   PAD
    0x080079a0   0x00000014   Code   RO         2253    i.rt_put_rdy_first  RTX_CM4.lib(rt_list.o)
    0x080079b4   0x00000034   Code   RO         2254    i.rt_resort_prio    RTX_CM4.lib(rt_list.o)
    0x080079e8   0x00000010   Code   RO         2534    i.rt_ret_regs       RTX_CM4.lib(hal_cm.o)
    0x080079f8   0x0000000c   Code   RO         2535    i.rt_ret_val        RTX_CM4.lib(hal_cm.o)
    0x08007a04   0x00000010   Code   RO         2536    i.rt_ret_val2       RTX_CM4.lib(hal_cm.o)
    0x08007a14   0x00000028   Code   RO         2255    i.rt_rmv_dly        RTX_CM4.lib(rt_list.o)
    0x08007a3c   0x00000030   Code   RO         2256    i.rt_rmv_list       RTX_CM4.lib(rt_list.o)
    0x08007a6c   0x00000034   Code   RO         2374    i.rt_sem_psh        RTX_CM4.lib(rt_semaphore.o)
    0x08007aa0   0x0000002a   Code   RO         2375    i.rt_sem_send       RTX_CM4.lib(rt_semaphore.o)
    0x08007aca   0x00000002   PAD
    0x08007acc   0x00000040   Code   RO         2376    i.rt_sem_wait       RTX_CM4.lib(rt_semaphore.o)
    0x08007b0c   0x00000024   Code   RO         2118    i.rt_stk_check      RTX_CM4.lib(rt_system.o)
    0x08007b30   0x00000028   Code   RO         2029    i.rt_switch_req     RTX_CM4.lib(rt_task.o)
    0x08007b58   0x000000cc   Code   RO         2030    i.rt_sys_init       RTX_CM4.lib(rt_task.o)
    0x08007c24   0x00000078   Code   RO         2031    i.rt_sys_start      RTX_CM4.lib(rt_task.o)
    0x08007c9c   0x00000040   Code   RO         2120    i.rt_systick        RTX_CM4.lib(rt_system.o)
    0x08007cdc   0x00000012   Code   RO         1453    i.rt_tid2ptcb       RTX_CM4.lib(rt_cmsis.o)
    0x08007cee   0x00000002   PAD
    0x08007cf0   0x00000034   Code   RO         1454    i.rt_timer_insert   RTX_CM4.lib(rt_cmsis.o)
    0x08007d24   0x00000088   Code   RO         2032    i.rt_tsk_create     RTX_CM4.lib(rt_task.o)
    0x08007dac   0x00000178   Code   RO         2033    i.rt_tsk_delete     RTX_CM4.lib(rt_task.o)
    0x08007f24   0x0000007c   Code   RO         2035    i.rt_tsk_prio       RTX_CM4.lib(rt_task.o)
    0x08007fa0   0x00000010   Code   RO         2036    i.rt_tsk_self       RTX_CM4.lib(rt_task.o)
    0x08007fb0   0x0000006e   Code   RO         2653    i.sqrt              m_wm.l(sqrt.o)
    0x0800801e   0x00000012   Code   RO         1456    i.svcDelay          RTX_CM4.lib(rt_cmsis.o)
    0x08008030   0x00000070   Code   RO         1457    i.svcKernelInitialize  RTX_CM4.lib(rt_cmsis.o)
    0x080080a0   0x00000048   Code   RO         1459    i.svcKernelStart    RTX_CM4.lib(rt_cmsis.o)
    0x080080e8   0x00000024   Code   RO         1462    i.svcMessageCreate  RTX_CM4.lib(rt_cmsis.o)
    0x0800810c   0x0000003a   Code   RO         1463    i.svcMessageGet     RTX_CM4.lib(rt_cmsis.o)
    0x08008146   0x00000028   Code   RO         1472    i.svcSemaphoreRelease  RTX_CM4.lib(rt_cmsis.o)
    0x0800816e   0x00000032   Code   RO         1473    i.svcSemaphoreWait  RTX_CM4.lib(rt_cmsis.o)
    0x080081a0   0x00000024   Code   RO         1475    i.svcSignalSet      RTX_CM4.lib(rt_cmsis.o)
    0x080081c4   0x00000054   Code   RO         1476    i.svcSignalWait     RTX_CM4.lib(rt_cmsis.o)
    0x08008218   0x00000070   Code   RO         1477    i.svcThreadCreate   RTX_CM4.lib(rt_cmsis.o)
    0x08008288   0x0000001c   Code   RO         1478    i.svcThreadGetId    RTX_CM4.lib(rt_cmsis.o)
    0x080082a4   0x00000038   Code   RO         1481    i.svcThreadTerminate  RTX_CM4.lib(rt_cmsis.o)
    0x080082dc   0x00000018   Code   RO         1483    i.svcTimerCall      RTX_CM4.lib(rt_cmsis.o)
    0x080082f4   0x0000005c   Code   RO         1492    i.sysTimerTick      RTX_CM4.lib(rt_cmsis.o)
    0x08008350   0x00000010   Data   RO            5    .constdata          main.o
    0x08008360   0x00000056   Data   RO          589    .constdata          rtx_conf_cm.o
    0x080083b6   0x00000002   PAD
    0x080083b8   0x00000098   Data   RO         2620    .constdata          m_wm.l(atan.o)
    0x08008450   0x00000088   Data   RO         2640    .constdata          m_wm.l(pow.o)
    0x080084d8   0x00000008   Data   RO         2961    .constdata          m_wm.l(qnan.o)
    0x080084e0   0x00000020   Data   RO         3011    Region$$Table       anon$$obj.o


    Execution Region RW_IRAM1 (Base: 0x20000000, Size: 0x00002a60, Max: 0x00020000, ABSOLUTE, COMPRESSED[0x00000050])

    Base Addr    Size         Type   Attr      Idx    E Section Name        Object

    0x20000000   0x0000000c   Data   RW            6    .data               main.o
    0x2000000c   0x00000050   Data   RW          267    .data               keypad.o
    0x2000005c   0x00000004   Data   RW          336    .data               sevensegdisplay.o
    0x20000060   0x0000000c   Data   RW          370    .data               temperaturesensor.o
    0x2000006c   0x00000010   Data   RW          403    .data               temperature_thread.o
    0x2000007c   0x00000040   Data   RW          444    .data               accelerometer_thread.o
    0x200000bc   0x00000040   Data   RW          474    .data               displayled.o
    0x200000fc   0x00000004   Data   RW          533    .data               lis3dsh.o
    0x20000100   0x00000020   Data   RW          590    .data               rtx_conf_cm.o
    0x20000120   0x00000010   Data   RW         1147    .data               stm32f4xx_rcc.o
    0x20000130   0x00000014   Data   RW         1372    .data               system_stm32f4xx.o
    0x20000144   0x00000008   Data   RW         1495    .data               RTX_CM4.lib(rt_cmsis.o)
    0x2000014c   0x00000008   Data   RW         2038    .data               RTX_CM4.lib(rt_task.o)
    0x20000154   0x00000008   Data   RW         2123    .data               RTX_CM4.lib(rt_system.o)
    0x2000015c   0x00000004   Data   RW         2417    .data               RTX_CM4.lib(rt_time.o)
    0x20000160   0x00000001   Data   RW         2537    .data               RTX_CM4.lib(hal_cm.o)
    0x20000161   0x00000003   PAD
    0x20000164   0x00000008   Data   RW         2585    .data               RTX_CM4.lib(rt_robin.o)
    0x2000016c   0x00000004   Data   RW         2974    .data               mc_w.l(stdout.o)
    0x20000170   0x00000004   Data   RW         2986    .data               mc_w.l(errno.o)
    0x20000174   0x00000080   Zero   RW          369    .bss                temperaturesensor.o
    0x200001f4   0x00000004   PAD
    0x200001f8   0x00002400   Zero   RW          588    .bss                rtx_conf_cm.o
    0x200025f8   0x00000034   Zero   RW         2037    .bss                RTX_CM4.lib(rt_task.o)
    0x2000262c   0x00000030   Zero   RW         2257    .bss                RTX_CM4.lib(rt_list.o)
    0x2000265c   0x00000004   PAD
    0x20002660   0x00000400   Zero   RW         1361    STACK               startup_stm32f40_41xxx.o


==============================================================================

Image component sizes


      Code (inc. data)   RO Data    RW Data    ZI Data      Debug   Object Name

       480         22          0         64          0       1923   accelerometer_thread.o
       664         24          0          0          0       1321   calculate_angle_tilted.o
       264         22          0          0          0       1063   calibrate.o
      1244         26          0          0          0       3634   cc2500.o
        44          0          0          0          0       5384   configure_accelerometer.o
       488         34          0         64          0       2727   displayled.o
        56          4          0          0          0      28543   fputc_debug.o
       496         30          0         80          0       2567   keypad.o
      1356         64          0          4          0       4242   lis3dsh.o
       644        182         16         12          0     356610   main.o
       168          4          0          0          0        872   mem_interrupt.o
       224         20          0          0          0       2025   misc.o
       168          6          0          0          0       1519   movingaveragefilter.o
        54          6         86         32       9216       7386   rtx_conf_cm.o
      2908         82          0          4          0       3911   sevensegdisplay.o
        36          8        392          0       1024        856   startup_stm32f40_41xxx.o
      1124         24          0          0          0      10698   stm32f4xx_adc.o
       272         10          0          0          0       2467   stm32f4xx_exti.o
       660         44          0          0          0       4301   stm32f4xx_gpio.o
      1588         52          0         16          0      12950   stm32f4xx_rcc.o
      1102         32          0          0          0       7069   stm32f4xx_spi.o
       148         12          0          0          0       1917   stm32f4xx_syscfg.o
      3234         60          0          0          0      22504   stm32f4xx_tim.o
       528         46          0         20          0       1939   system_stm32f4xx.o
       196         16          0         16          0       1336   temperature_thread.o
       580         60          0         12        128       2707   temperaturesensor.o

    ----------------------------------------------------------------------
     18732        890        528        324      10372     492471   Object Totals
         0          0         32          0          0          0   (incl. Generated)
         6          0          2          0          4          0   (incl. Padding)

    ----------------------------------------------------------------------

      Code (inc. data)   RO Data    RW Data    ZI Data      Debug   Library Member Name

       268         24          0          1          0       4372   hal_cm.o
       408         34          0          0          0        804   hal_cm4.o
      1566        176          0          8          0      42132   rt_cmsis.o
       272         18          0          0          0       2766   rt_event.o
       530         34          0          0         48       8525   rt_list.o
       550         10          0          0          0       4125   rt_mailbox.o
       140          0          0          0          0       2009   rt_membox.o
       128          0          0          0          0       2383   rt_memory.o
        96         22          0          8          0       1206   rt_robin.o
       174         10          0          0          0       2520   rt_semaphore.o
       298         52          0          8          0       6379   rt_system.o
      1212        174          0          8         52       9933   rt_task.o
         6          0          0          4          0        668   rt_time.o
         4          4          0          0          0        188   svc_table.o
       728        106        152          0          0        228   atan.o
       184         44          0          0          0        744   dunder.o
        44          0          0          0          0        248   fabs.o
        48          0          0          0          0        124   fpclassify.o
       248          0          0          0          0        152   poly.o
      3128        302        136          0          0        356   pow.o
         0          0          8          0          0          0   qnan.o
       232          0          0          0          0        296   sqrt.o
        86          0          0          0          0          0   __dczerorl2.o
         0          0          0          0          0          0   entry.o
         0          0          0          0          0          0   entry10a.o
         0          0          0          0          0          0   entry11a.o
         8          4          0          0          0          0   entry2.o
         4          0          0          0          0          0   entry5.o
         0          0          0          0          0          0   entry7b.o
         0          0          0          0          0          0   entry8b.o
        12          6          0          4          0         68   errno.o
        30          0          0          0          0          0   handlers.o
        36          8          0          0          0         68   init.o
         0          0          0          0          0          0   iusefp.o
        30          0          0          0          0         68   llshl.o
        36          0          0          0          0         68   llsshr.o
        32          0          0          0          0         68   llushr.o
        36          0          0          0          0         68   memcpya.o
      2226         90          0          0          0        444   printfa.o
         0          0          0          4          0          0   stdout.o
        44          0          0          0          0         80   uidiv.o
        98          0          0          0          0         92   uldiv.o
        48          0          0          0          0         68   cdrcmple.o
        56          0          0          0          0         88   d2f.o
       334          0          0          0          0        148   dadd.o
       222          0          0          0          0        100   ddiv.o
       186          0          0          0          0        176   depilogue.o
        48          0          0          0          0         68   dfixul.o
        34          0          0          0          0         76   dflti.o
       228          0          0          0          0         96   dmul.o
        46          0          0          0          0         80   dscalb.o
       162          0          0          0          0        100   dsqrt.o
        38          0          0          0          0         68   f2d.o
       110          0          0          0          0        168   fepilogue.o

    ----------------------------------------------------------------------
     14492       1118        296         48        104      92418   Library Totals
        38          0          0          3          4          0   (incl. Padding)

    ----------------------------------------------------------------------

      Code (inc. data)   RO Data    RW Data    ZI Data      Debug   Library Name

      5652        558          0         37        100      88010   RTX_CM4.lib
      4612        452        296          0          0       2148   m_wm.l
      2678        108          0          8          0       1024   mc_w.l
      1512          0          0          0          0       1236   mf_w.l

    ----------------------------------------------------------------------
     14492       1118        296         48        104      92418   Library Totals

    ----------------------------------------------------------------------

==============================================================================


      Code (inc. data)   RO Data    RW Data    ZI Data      Debug   

     33224       2008        824        372      10476     569529   Grand Totals
     33224       2008        824         80      10476     569529   ELF Image Totals (compressed)
     33224       2008        824         80          0          0   ROM Totals

==============================================================================

    Total RO  Size (Code + RO Data)                34048 (  33.25kB)
    Total RW  Size (RW Data + ZI Data)             10848 (  10.59kB)
    Total ROM Size (Code + RO Data + RW Data)      34128 (  33.33kB)

==============================================================================

