<html>
<body>
<pre>
<h1>µVision Build Log</h1>
<h2>Tool Versions:</h2>
IDE-Version: µVision V5.15
Copyright (C) 2015 ARM Ltd and ARM Germany GmbH. All rights reserved.
License Information: ECE-MCGILL MCGILL ECE-MCGILL Flex license: MDK-ARM Professional: 100 user(s) (mdk_pro) Operation stops: 1 Sep 2016
 
Tool Versions:
Toolchain:       MDK-ARM Professional: 100 user(s)  Version: 5.15.0
Toolchain Path:  C:\Keil_v5\ARM\ARMCC\Bin
C Compiler:      Armcc.exe V5.05 update 2 (build 169)
Assembler:       Armasm.exe V5.05 update 2 (build 169)
Linker/Locator:  ArmLink.exe V5.05 update 2 (build 169)
Library Manager: ArmAr.exe V5.05 update 2 (build 169)
Hex Converter:   FromElf.exe V5.05 update 2 (build 169)
CPU DLL:         SARMCM3.DLL V5.15.0
Dialog DLL:      DCM.DLL V1.13.2.0
Target DLL:      STLink\ST-LINKIII-KEIL_SWO.dll V2.0.15.0_KEIL
Dialog DLL:      TCM.DLL V1.14.5.0
 
<h2>Project:</h2>
C:\Users\dalman\Downloads\MicroP-ECSE426\RTX Base Project\RTX Base Project.uvprojx
Project File Date:  12/05/2015

<h2>Output:</h2>
*** Using Compiler 'V5.05 update 2 (build 169)', folder: 'C:\Keil_v5\ARM\ARMCC\Bin'
Build target 'Target 1'
compiling main.c...
src\calculate_angle_tilted.h(37): warning:  #1-D: last line of file ends without a newline
  float calculate_roll(float* calibrated_data);
src\cc2500.h(188): warning:  #1-D: last line of file ends without a newline
  angle_data CC2500_RXData(void);
src\main.c(107): warning:  #1035-D: single-precision operand implicitly converted to double-precision
                angles.pitch = (uint8_t)20*sin(angles.roll/
I)+20;
src\main.c(104): warning:  #177-D: variable "i" was declared but never referenced
                int i;
src\main.c(90): warning:  #550-D: variable "mode_filter" was set but never used
        uint8_t mode_filter, transmit_mode;
src\main.c(90): warning:  #550-D: variable "transmit_mode" was set but never used
        uint8_t mode_filter, transmit_mode;
src\main.c(93): warning:  #177-D: variable "pkt" was declared but never referenced
        Packet pkt;
src\main.c(195): warning:  #1-D: last line of file ends without a newline
  //}
src\main.c: 8 warnings, 0 errors
compiling fputc_debug.c...
compiling calculate_angle_tilted.c...
src\calculate_angle_tilted.h(37): warning:  #1-D: last line of file ends without a newline
  float calculate_roll(float* calibrated_data);
src\calculate_angle_tilted.c(65): warning:  #1-D: last line of file ends without a newline
  }
src\calculate_angle_tilted.c: 2 warnings, 0 errors
compiling calibrate.c...
src\calibrate.h(23): warning:  #1-D: last line of file ends without a newline
  void get_calibration_data(float[3], float* calibrated_data);
src\calibrate.c: 1 warning, 0 errors
compiling configure_accelerometer.c...
src\configure_accelerometer.h(23): warning:  #1-D: last line of file ends without a newline
  void set_Accelerometer_MEM(void);
src\configure_accelerometer.c(39): warning:  #1-D: last line of file ends without a newline
        }
src\configure_accelerometer.c: 2 warnings, 0 errors
compiling Keypad.c...
src\keypad.h(51): warning:  #1-D: last line of file ends without a newline
  extern void keypad_timer_init(void);
src\Keypad.c(72): warning:  #177-D: variable "read" was declared but never referenced
        uint8_t read = 0;
src\Keypad.c(176): warning:  #1-D: last line of file ends without a newline
  }
src\Keypad.c(7): warning:  #177-D: variable "NVIC_InitStructure" was declared but never referenced
  static NVIC_InitTypeDef NVIC_InitStructure;
src\Keypad.c(8): warning:  #177-D: variable "EXTI_InitStructure" was declared but never referenced
  static EXTI_InitTypeDef   EXTI_InitStructure;
src\Keypad.c(9): warning:  #177-D: variable "TIM_InitStruct" was declared but never referenced
  static TIM_TimeBaseInitTypeDef TIM_InitStruct;
src\Keypad.c(10): warning:  #177-D: variable "TIM_OCInitStructure" was declared but never referenced
  static TIM_OCInitTypeDef  TIM_OCInitStructure;
src\Keypad.c(11): warning:  #177-D: variable "adc_init_s" was declared but never referenced
  static ADC_InitTypeDef adc_init_s;
src\Keypad.c(12): warning:  #177-D: variable "adc_common_init_s" was declared but never referenced
  static ADC_CommonInitTypeDef adc_common_init_s;
src\Keypad.c: 9 warnings, 0 errors
compiling MEM_Interrupt.c...
compiling MovingAverageFilter.c...
compiling SevenSegDisplay.c...
src\SevenSegDisplay.h(18): warning:  #1295-D: Deprecated declaration initializeDisplay - give arg types
  void initializeDisplay();
src\SevenSegDisplay.h(66): warning:  #1295-D: Deprecated declaration configTIM4 - give arg types
  void configTIM4();
src\SevenSegDisplay.h(68): warning:  #1295-D: Deprecated declaration LED_clear - give arg types
  void LED_clear();
src\SevenSegDisplay.c: 3 warnings, 0 errors
compiling TemperatureSensor.c...
src\TemperatureSensor.h(14): warning:  #1295-D: Deprecated declaration runTemperatureSensorMoving - give arg types
  float runTemperatureSensorMoving();
src\TemperatureSensor.c(50): warning:  #1035-D: single-precision operand implicitly converted to double-precision
            Vsense = (3.0*temp)/ 4096;
src\TemperatureSensor.c(67): warning:  #1035-D: single-precision operand implicitly converted to double-precision
            Vsense = (3.0*temp)/ 4096;
src\TemperatureSensor.c: 3 warnings, 0 errors
compiling temperature_thread.c...
.\src\SevenSegDisplay.h(18): warning:  #1295-D: Deprecated declaration initializeDisplay - give arg types
  void initializeDisplay();
.\src\SevenSegDisplay.h(66): warning:  #1295-D: Deprecated declaration configTIM4 - give arg types
  void configTIM4();
.\src\SevenSegDisplay.h(68): warning:  #1295-D: Deprecated declaration LED_clear - give arg types
  void LED_clear();
src\TemperatureSensor.h(14): warning:  #1295-D: Deprecated declaration runTemperatureSensorMoving - give arg types
  float runTemperatureSensorMoving();
src\temperature_thread.h(34): warning:  #1-D: last line of file ends without a newline
  void Temperature_Tim_Interrupt(void);
src\SevenSegDisplay.h(18): warning:  #1295-D: Deprecated declaration initializeDisplay - give arg types
  void initializeDisplay();
src\SevenSegDisplay.h(66): warning:  #1295-D: Deprecated declaration configTIM4 - give arg types
  void configTIM4();
src\SevenSegDisplay.h(68): warning:  #1295-D: Deprecated declaration LED_clear - give arg types
  void LED_clear();
src\temperature_thread.c(91): warning:  #1-D: last line of file ends without a newline
  }
src\temperature_thread.c: 9 warnings, 0 errors
compiling accelerometer_thread.c...
.\src\configure_accelerometer.h(23): warning:  #1-D: last line of file ends without a newline
  void set_Accelerometer_MEM(void);
src\calibrate.h(23): warning:  #1-D: last line of file ends without a newline
  void get_calibration_data(float[3], float* calibrated_data);
src\calculate_angle_tilted.h(37): warning:  #1-D: last line of file ends without a newline
  float calculate_roll(float* calibrated_data);
.\src\SevenSegDisplay.h(18): warning:  #1295-D: Deprecated declaration initializeDisplay - give arg types
  void initializeDisplay();
.\src\SevenSegDisplay.h(66): warning:  #1295-D: Deprecated declaration configTIM4 - give arg types
  void configTIM4();
.\src\SevenSegDisplay.h(68): warning:  #1295-D: Deprecated declaration LED_clear - give arg types
  void LED_clear();
src\temperature_thread.h(34): warning:  #1-D: last line of file ends without a newline
  void Temperature_Tim_Interrupt(void);
src\keypad.h(51): warning:  #1-D: last line of file ends without a newline
  extern void keypad_timer_init(void);
src\accelerometer_thread.c(25): warning:  #550-D: parameter "maState_x" was set but never used
  void initialize_buffers_for_filter(mAState maState_x, mAState maState_y, mAState maState_z)
src\accelerometer_thread.c(25): warning:  #550-D: parameter "maState_y" was set but never used
  void initialize_buffers_for_filter(mAState maState_x, mAState maState_y, mAState maState_z)
src\accelerometer_thread.c(25): warning:  #550-D: parameter "maState_z" was set but never used
  void initialize_buffers_for_filter(mAState maState_x, mAState maState_y, mAState maState_z)
src\accelerometer_thread.c: 11 warnings, 0 errors
compiling DisplayLED.c...
.\src\SevenSegDisplay.h(18): warning:  #1295-D: Deprecated declaration initializeDisplay - give arg types
  void initializeDisplay();
.\src\SevenSegDisplay.h(66): warning:  #1295-D: Deprecated declaration configTIM4 - give arg types
  void configTIM4();
.\src\SevenSegDisplay.h(68): warning:  #1295-D: Deprecated declaration LED_clear - give arg types
  void LED_clear();
src\TemperatureSensor.h(14): warning:  #1295-D: Deprecated declaration runTemperatureSensorMoving - give arg types
  float runTemperatureSensorMoving();
src\temperature_thread.h(34): warning:  #1-D: last line of file ends without a newline
  void Temperature_Tim_Interrupt(void);
src\SevenSegDisplay.h(18): warning:  #1295-D: Deprecated declaration initializeDisplay - give arg types
  void initializeDisplay();
src\SevenSegDisplay.h(66): warning:  #1295-D: Deprecated declaration configTIM4 - give arg types
  void configTIM4();
src\SevenSegDisplay.h(68): warning:  #1295-D: Deprecated declaration LED_clear - give arg types
  void LED_clear();
src\keypad.h(51): warning:  #1-D: last line of file ends without a newline
  extern void keypad_timer_init(void);
src\DisplayLED.h(3): warning:  #1-D: last line of file ends without a newline
  void configTIM2(void);
src\DisplayLED.c(36): warning:  #550-D: variable "tokentemp" was set but never used
        uint32_t tokentemp;          // Return of semwait
src\DisplayLED.c(196): warning:  #1-D: last line of file ends without a newline
  }
src\DisplayLED.c: 12 warnings, 0 errors
compiling cc2500.c...
src\calculate_angle_tilted.h(37): warning:  #1-D: last line of file ends without a newline
  float calculate_roll(float* calibrated_data);
src\cc2500.h(188): warning:  #1-D: last line of file ends without a newline
  angle_data CC2500_RXData(void);
src\cc2500.c(229): warning:  #177-D: variable "bytes_in_txfifo" was declared but never referenced
        uint8_t bytes_in_txfifo;
src\cc2500.c(467): warning:  #1-D: last line of file ends without a newline
  }
src\cc2500.c: 4 warnings, 0 errors
compiling lis3dsh.c...
Accelerometer_Drivers\src\lis3dsh.c(318): warning:  #1035-D: single-precision operand implicitly converted to double-precision
          *out =(float)(
IS3DSH_SENSITIVITY_2G * (float)aggregateResult);
Accelerometer_Drivers\src\lis3dsh.c(328): warning:  #1035-D: single-precision operand implicitly converted to double-precision
          *out =(float)(
IS3DSH_SENSITIVITY_4G * (float)aggregateResult);
Accelerometer_Drivers\src\lis3dsh.c(338): warning:  #1035-D: single-precision operand implicitly converted to double-precision
          *out =(float)(
IS3DSH_SENSITIVITY_6G * (float)aggregateResult);
Accelerometer_Drivers\src\lis3dsh.c(348): warning:  #1035-D: single-precision operand implicitly converted to double-precision
          *out =(float)(
IS3DSH_SENSITIVITY_8G * (float)aggregateResult);
Accelerometer_Drivers\src\lis3dsh.c(358): warning:  #1035-D: single-precision operand implicitly converted to double-precision
          *out =(float)(
IS3DSH_SENSITIVITY_16G * (float)aggregateResult);
Accelerometer_Drivers\src\lis3dsh.c: 5 warnings, 0 errors
compiling lis302dl.c...
compiling RTX_Conf_CM.c...
compiling misc.c...
compiling stm32f4xx_adc.c...
compiling stm32f4xx_can.c...
compiling stm32f4xx_crc.c...
compiling stm32f4xx_cryp.c...
compiling stm32f4xx_cryp_aes.c...
compiling stm32f4xx_cryp_des.c...
compiling stm32f4xx_cryp_tdes.c...
compiling stm32f4xx_dac.c...
compiling stm32f4xx_dbgmcu.c...
compiling stm32f4xx_dcmi.c...
compiling stm32f4xx_dma.c...
compiling stm32f4xx_exti.c...
compiling stm32f4xx_flash.c...
compiling stm32f4xx_fsmc.c...
compiling stm32f4xx_gpio.c...
compiling stm32f4xx_hash.c...
compiling stm32f4xx_hash_md5.c...
compiling stm32f4xx_hash_sha1.c...
compiling stm32f4xx_i2c.c...
compiling stm32f4xx_iwdg.c...
compiling stm32f4xx_pwr.c...
compiling stm32f4xx_rcc.c...
compiling stm32f4xx_rng.c...
compiling stm32f4xx_rtc.c...
compiling stm32f4xx_sdio.c...
compiling stm32f4xx_spi.c...
compiling stm32f4xx_syscfg.c...
compiling stm32f4xx_tim.c...
compiling stm32f4xx_usart.c...
compiling stm32f4xx_wwdg.c...
assembling startup_stm32f40_41xxx.s...
compiling system_stm32f4xx.c...
linking...
Program Size: Code=35660 RO-data=1116 RW-data=428 ZI-data=10476  
".\obj\RTX Base Project.axf" - 0 Error(s), 69 Warning(s).

<h2>Software Packages used:</h2>

Package Vendor: ARM
                http://www.keil.com/pack/ARM.CMSIS.4.3.0.pack
                ::CMSIS:RTOS:1.0 (API)
                CMSIS (Cortex Microcontroller Software Interface Standard)
   * Component: RTOS Version: 1.0
   * Component: CORE Version: 4.1.0
   * Component: DSP Version: 1.4.5
   * Component: Keil RTX Version: 4.78.0

Package Vendor: Keil
                http://www.keil.com/pack/Keil.STM32F4xx_DFP.1.0.8.pack
                Keil::Device:Startup:1.3.1
                STMicroelectronics STM32F4 Series Device Support, Drivers and Examples
   * Component: Startup Version: 1.3.1
   * Component: Framework Version: 1.3.1
   * Component: ADC Version: 1.3.0
   * Component: CAN Version: 1.3.0
   * Component: CRC Version: 1.3.0
   * Component: CRYP Version: 1.3.0
   * Component: DAC Version: 1.3.0
   * Component: DBGMCU Version: 1.3.0
   * Component: DCMI Version: 1.3.0
   * Component: DMA Version: 1.3.0
   * Component: EXTI Version: 1.3.0
   * Component: Flash Version: 1.3.0
   * Component: FSMC Version: 1.3.0
   * Component: GPIO Version: 1.3.0
   * Component: HASH Version: 1.3.0
   * Component: I2C Version: 1.3.0
   * Component: IWDG Version: 1.3.0
   * Component: PWR Version: 1.3.0
   * Component: RCC Version: 1.3.0
   * Component: RNG Version: 1.3.0
   * Component: RTC Version: 1.3.0
   * Component: SDIO Version: 1.3.0
   * Component: SPI Version: 1.3.0
   * Component: SYSCFG Version: 1.3.0
   * Component: TIM Version: 1.3.0
   * Component: USART Version: 1.3.0
   * Component: WWDG Version: 1.3.0

<h2>Collection of Component include folders:</h2>
  C:\Users\dalman\Downloads\MicroP-ECSE426\RTX Base Project\RTE
  C:\Users\dalman\Downloads\MicroP-ECSE426\RTX Base Project\RTE\Device\STM32F407VG
  C:\Keil_v5\ARM\PACK\ARM\CMSIS\4.3.0\CMSIS\Include
  C:\Keil_v5\ARM\PACK\ARM\CMSIS\4.3.0\CMSIS\RTOS\RTX\INC
  C:\Keil_v5\ARM\PACK\Keil\STM32F4xx_DFP\1.0.8\Device\Include
  C:\Keil_v5\ARM\PACK\Keil\STM32F4xx_DFP\1.0.8\Device\StdPeriph_Driver\inc

<h2>Collection of Component Files used:</h2>

   * Component: ::CMSIS:RTOS:1.0 (API)

   * Component: ARM::CMSIS:CORE:4.1.0

   * Component: ARM::CMSIS:DSP:1.4.5
      Include file:  CMSIS\Include\arm_math.h
      Library file:  CMSIS\Lib\ARM\arm_cortexM4lf_math.lib

   * Component: ARM::CMSIS:RTOS:Keil RTX:4.78.0
      Include file:  CMSIS\RTOS\RTX\INC\cmsis_os.h
      Source file:   CMSIS\RTOS\RTX\Templates\RTX_Conf_CM.c
      Include file:  CMSIS\RTOS\RTX\UserCodeTemplates\osObjects.h
      Source file:   CMSIS\RTOS\RTX\UserCodeTemplates\main.c
      Source file:   CMSIS\RTOS\RTX\UserCodeTemplates\MailQueue.c
      Source file:   CMSIS\RTOS\RTX\UserCodeTemplates\MemPool.c
      Source file:   CMSIS\RTOS\RTX\UserCodeTemplates\MsgQueue.c
      Source file:   CMSIS\RTOS\RTX\UserCodeTemplates\Mutex.c
      Source file:   CMSIS\RTOS\RTX\UserCodeTemplates\Semaphore.c
      Source file:   CMSIS\RTOS\RTX\UserCodeTemplates\Thread.c
      Source file:   CMSIS\RTOS\RTX\UserCodeTemplates\Timer.c
      Source file:   CMSIS\RTOS\RTX\SRC\ARM\SVC_Table.s
      Library file:  CMSIS\RTOS\RTX\LIB\ARM\RTX_CM4.lib

   * Component: Keil::Device:Startup:1.3.1
      Source file:   Device\Source\ARM\STM32F40xxx_41xxx_OPT.s
      Source file:   Device\Source\ARM\STM32F4xx_OTP.s
      Include file:  Device\Include\stm32f4xx.h
      Source file:   Device\Source\ARM\startup_stm32f40_41xxx.s
      Source file:   Device\Source\system_stm32f4xx.c
      Include file:  RTE_Driver\Config\RTE_Device.h

   * Component: Keil::Device:StdPeriph Drivers:Framework:1.3.1
      Source file:   Device\StdPeriph_Driver\src\misc.c
      Source file:   Device\StdPeriph_Driver\templates\stm32f4xx_conf.h
      Include file:  Device\StdPeriph_Driver\templates\stm32f4xx_it.h
      Source file:   Device\StdPeriph_Driver\templates\stm32f4xx_it.c

   * Component: Keil::Device:StdPeriph Drivers:ADC:1.3.0
      Include file:  Device\StdPeriph_Driver\inc\stm32f4xx_adc.h
      Source file:   Device\StdPeriph_Driver\src\stm32f4xx_adc.c

   * Component: Keil::Device:StdPeriph Drivers:CAN:1.3.0
      Include file:  Device\StdPeriph_Driver\inc\stm32f4xx_can.h
      Source file:   Device\StdPeriph_Driver\src\stm32f4xx_can.c

   * Component: Keil::Device:StdPeriph Drivers:CRC:1.3.0
      Include file:  Device\StdPeriph_Driver\inc\stm32f4xx_crc.h
      Source file:   Device\StdPeriph_Driver\src\stm32f4xx_crc.c

   * Component: Keil::Device:StdPeriph Drivers:CRYP:1.3.0
      Include file:  Device\StdPeriph_Driver\inc\stm32f4xx_cryp.h
      Source file:   Device\StdPeriph_Driver\src\stm32f4xx_cryp.c
      Source file:   Device\StdPeriph_Driver\src\stm32f4xx_cryp_aes.c
      Source file:   Device\StdPeriph_Driver\src\stm32f4xx_cryp_des.c
      Source file:   Device\StdPeriph_Driver\src\stm32f4xx_cryp_tdes.c

   * Component: Keil::Device:StdPeriph Drivers:DAC:1.3.0
      Include file:  Device\StdPeriph_Driver\inc\stm32f4xx_dac.h
      Source file:   Device\StdPeriph_Driver\src\stm32f4xx_dac.c

   * Component: Keil::Device:StdPeriph Drivers:DBGMCU:1.3.0
      Include file:  Device\StdPeriph_Driver\inc\stm32f4xx_dbgmcu.h
      Source file:   Device\StdPeriph_Driver\src\stm32f4xx_dbgmcu.c

   * Component: Keil::Device:StdPeriph Drivers:DCMI:1.3.0
      Include file:  Device\StdPeriph_Driver\inc\stm32f4xx_dcmi.h
      Source file:   Device\StdPeriph_Driver\src\stm32f4xx_dcmi.c

   * Component: Keil::Device:StdPeriph Drivers:DMA:1.3.0
      Include file:  Device\StdPeriph_Driver\inc\stm32f4xx_dma.h
      Source file:   Device\StdPeriph_Driver\src\stm32f4xx_dma.c

   * Component: Keil::Device:StdPeriph Drivers:EXTI:1.3.0
      Include file:  Device\StdPeriph_Driver\inc\stm32f4xx_exti.h
      Source file:   Device\StdPeriph_Driver\src\stm32f4xx_exti.c

   * Component: Keil::Device:StdPeriph Drivers:Flash:1.3.0
      Include file:  Device\StdPeriph_Driver\inc\stm32f4xx_flash.h
      Source file:   Device\StdPeriph_Driver\src\stm32f4xx_flash.c

   * Component: Keil::Device:StdPeriph Drivers:FSMC:1.3.0
      Include file:  Device\StdPeriph_Driver\inc\stm32f4xx_fsmc.h
      Source file:   Device\StdPeriph_Driver\src\stm32f4xx_fsmc.c

   * Component: Keil::Device:StdPeriph Drivers:GPIO:1.3.0
      Include file:  Device\StdPeriph_Driver\inc\stm32f4xx_gpio.h
      Source file:   Device\StdPeriph_Driver\src\stm32f4xx_gpio.c

   * Component: Keil::Device:StdPeriph Drivers:HASH:1.3.0
      Include file:  Device\StdPeriph_Driver\inc\stm32f4xx_hash.h
      Source file:   Device\StdPeriph_Driver\src\stm32f4xx_hash.c
      Source file:   Device\StdPeriph_Driver\src\stm32f4xx_hash_md5.c
      Source file:   Device\StdPeriph_Driver\src\stm32f4xx_hash_sha1.c

   * Component: Keil::Device:StdPeriph Drivers:I2C:1.3.0
      Include file:  Device\StdPeriph_Driver\inc\stm32f4xx_i2c.h
      Source file:   Device\StdPeriph_Driver\src\stm32f4xx_i2c.c

   * Component: Keil::Device:StdPeriph Drivers:IWDG:1.3.0
      Include file:  Device\StdPeriph_Driver\inc\stm32f4xx_iwdg.h
      Source file:   Device\StdPeriph_Driver\src\stm32f4xx_iwdg.c

   * Component: Keil::Device:StdPeriph Drivers:PWR:1.3.0
      Include file:  Device\StdPeriph_Driver\inc\stm32f4xx_pwr.h
      Source file:   Device\StdPeriph_Driver\src\stm32f4xx_pwr.c

   * Component: Keil::Device:StdPeriph Drivers:RCC:1.3.0
      Include file:  Device\StdPeriph_Driver\inc\stm32f4xx_rcc.h
      Source file:   Device\StdPeriph_Driver\src\stm32f4xx_rcc.c

   * Component: Keil::Device:StdPeriph Drivers:RNG:1.3.0
      Include file:  Device\StdPeriph_Driver\inc\stm32f4xx_rng.h
      Source file:   Device\StdPeriph_Driver\src\stm32f4xx_rng.c

   * Component: Keil::Device:StdPeriph Drivers:RTC:1.3.0
      Include file:  Device\StdPeriph_Driver\inc\stm32f4xx_rtc.h
      Source file:   Device\StdPeriph_Driver\src\stm32f4xx_rtc.c

   * Component: Keil::Device:StdPeriph Drivers:SDIO:1.3.0
      Include file:  Device\StdPeriph_Driver\inc\stm32f4xx_sdio.h
      Source file:   Device\StdPeriph_Driver\src\stm32f4xx_sdio.c

   * Component: Keil::Device:StdPeriph Drivers:SPI:1.3.0
      Include file:  Device\StdPeriph_Driver\inc\stm32f4xx_spi.h
      Source file:   Device\StdPeriph_Driver\src\stm32f4xx_spi.c

   * Component: Keil::Device:StdPeriph Drivers:SYSCFG:1.3.0
      Include file:  Device\StdPeriph_Driver\inc\stm32f4xx_syscfg.h
      Source file:   Device\StdPeriph_Driver\src\stm32f4xx_syscfg.c

   * Component: Keil::Device:StdPeriph Drivers:TIM:1.3.0
      Include file:  Device\StdPeriph_Driver\inc\stm32f4xx_tim.h
      Source file:   Device\StdPeriph_Driver\src\stm32f4xx_tim.c

   * Component: Keil::Device:StdPeriph Drivers:USART:1.3.0
      Include file:  Device\StdPeriph_Driver\inc\stm32f4xx_usart.h
      Source file:   Device\StdPeriph_Driver\src\stm32f4xx_usart.c

   * Component: Keil::Device:StdPeriph Drivers:WWDG:1.3.0
      Include file:  Device\StdPeriph_Driver\inc\stm32f4xx_wwdg.h
      Source file:   Device\StdPeriph_Driver\src\stm32f4xx_wwdg.c
</pre>
</body>
</html>
